******************************************************************************
                  TI ARM Linker PC v18.1.4                     
******************************************************************************
>> Linked Thu Dec  6 14:03:34 2018

OUTPUT FILE NAME:   <OBC_Programming_System.out>
ENTRY POINT SYMBOL: "_c_int00"  address: 00016808


MEMORY CONFIGURATION

         name            origin    length      used     unused   attr    fill
----------------------  --------  ---------  --------  --------  ----  --------
  VECTORS               00000000   00000020  00000020  00000000     X
  KERNEL                00000020   00008000  00005b80  00002480  R  X
  FLASH0                00008020   00177fe0  000125a8  00165a38  R  X
  FLASH1                00180000   00180000  00000000  00180000  R  X
  STACKS                08000000   00003500  00000000  00003500  RW  
  KRAM                  08003500   00000800  00000154  000006ac  RW  
  RAM                   08003d00   0003f000  0000b940  000336c0  RW  


SEGMENT ALLOCATION MAP

run origin  load origin   length   init length attrs members
----------  ----------- ---------- ----------- ----- -------
00000000    00000000    00005ba0   00005ba0    r-x
  00000000    00000000    00000020   00000020    r-x .intvecs
  00000020    00000020    00005a80   00005a80    r-x .kernelTEXT
  00005aa0    00005aa0    00000100   00000100    r-- .cinit
00008020    00008020    000125a8   000125a8    r-x
  00008020    00008020    00011858   00011858    r-x .text
  00019878    00019878    00000d50   00000d50    r-- .const
08003500    08003500    00000154   00000000    rw-
  08003500    08003500    00000154   00000000    rw- .kernelBSS
08003d00    08003d00    0000b944   00000000    rw-
  08003d00    08003d00    00008e2c   00000000    rw- .bss
  0800cb2c    0800cb2c    00002000   00000000    rw- .kernelHEAP
  0800eb30    0800eb30    00000800   00000000    rw- .sysmem
  0800f330    0800f330    00000314   00000000    rw- .data


SECTION ALLOCATION MAP

 output                                  attributes/
section   page    origin      length       input sections
--------  ----  ----------  ----------   ----------------
.intvecs   0    00000000    00000020     
                  00000000    00000020     sys_intvecs.obj (.intvecs)

.kernelTEXT 
*          0    00000020    00005a80     
                  00000020    000033dc     os_tasks.obj (.kernelTEXT)
                  000033fc    00001238     os_queue.obj (.kernelTEXT)
                  00004634    0000085c     os_event_groups.obj (.kernelTEXT)
                  00004e90    000004b0     os_portasm.obj (.kernelTEXT)
                  00005340    000003e0     os_port.obj (.kernelTEXT)
                  00005720    00000380     os_heap.obj (.kernelTEXT)

.cinit     0    00005aa0    00000100     
                  00005aa0    000000b6     (.cinit..data.load) [load image, compression = lzss]
                  00005b56    00000002     --HOLE-- [fill = 0]
                  00005b58    0000000c     (__TI_handler_table)
                  00005b64    00000009     (.cinit..kernelBSS.load) [load image, compression = lzss]
                  00005b6d    00000003     --HOLE-- [fill = 0]
                  00005b70    00000008     (.cinit..bss.load) [load image, compression = zero_init]
                  00005b78    00000008     (.cinit..kernelHEAP.load) [load image, compression = zero_init]
                  00005b80    00000020     (__TI_cinit_table)

.text      0    00008020    00011858     
                  00008020    00002e84     trcSnapshotRecorder.obj (.text)
                  0000aea4    00002cdc     sys_selftest.obj (.text)
                  0000db80    00000cfc     sd.obj (.text)
                  0000e87c    00000bd8     spi.obj (.text)
                  0000f454    00000b4c     tms570_jtag_driver.obj (.text)
                  0000ffa0    00000b28     system.obj (.text)
                  00010ac8    00000a64     os_mpu_wrappers.obj (.text)
                  0001152c    00000a32     rtsv7R4_T_be_v3D16_eabi.lib : _printfi.c.obj (.text:__TI_printfi)
                  00011f5e    00000002                                 : _lock.c.obj (.text:_nop)
                  00011f60    00000908     trcKernelPort.obj (.text)
                  00012868    0000089c     sys_vim.obj (.text)
                  00013104    000007a8     sci.obj (.text)
                  000138ac    00000798     sys_main.obj (.text)
                  00014044    00000660     debugger.obj (.text)
                  000146a4    00000638     pinmux.obj (.text)
                  00014cdc    000005bc     esm.obj (.text)
                  00015298    00000484     gio.obj (.text)
                  0001571c    000003f4     jtag.obj (.text)
                  00015b10    00000390     interface.obj (.text)
                  00015ea0    00000364     programmer_operations.obj (.text)
                  00016204    0000034c     sys_core.obj (.text)
                  00016550    000002b8     rtsv7R4_T_be_v3D16_eabi.lib : ull_div32.asm.obj (.text)
                  00016808    00000298     sys_startup.obj (.text:retain)
                  00016aa0    00000290     sys_vim.obj (.text:retain)
                  00016d30    00000278     os_heap.obj (.text)
                  00016fa8    00000248     rtsv7R4_T_be_v3D16_eabi.lib : _printfi.c.obj (.text:_pconv_a)
                  000171f0    00000238     os_list.obj (.text)
                  00017428    000001cc     debug_port.obj (.text)
                  000175f4    000001b4     os_port.obj (.text)
                  000177a8    000001a0     rtsv7R4_T_be_v3D16_eabi.lib : _printfi.c.obj (.text:_pconv_g)
                  00017948    00000180     communication.obj (.text)
                  00017ac8    00000174     icepick.obj (.text)
                  00017c3c    00000164     os_tasks.obj (.text)
                  00017da0    0000014c     crc16.obj (.text)
                  00017eec    00000118     rtsv7R4_T_be_v3D16_eabi.lib : fputs.c.obj (.text:fputs)
                  00018004    00000114     esm.obj (.text:retain)
                  00018118    00000104     rtsv7R4_T_be_v3D16_eabi.lib : _printfi.c.obj (.text:_pconv_e)
                  0001821c    000000fc                                 : _printfi.c.obj (.text:fcvt)
                  00018318    000000f0                                 : s_scalbn.c.obj (.text:scalbn)
                  00018408    000000e8     dabort.obj (.text)
                  000184f0    000000e0     rtsv7R4_T_be_v3D16_eabi.lib : s_floor.c.obj (.text:floor)
                  000185d0    000000e0     sys_pmu.obj (.text)
                  000186b0    000000dc     rtsv7R4_T_be_v3D16_eabi.lib : setvbuf.c.obj (.text:setvbuf)
                  0001878c    000000d8                                 : memory.c.obj (.text:free)
                  00018864    000000b8     notification.obj (.text)
                  0001891c    000000ad     rtsv7R4_T_be_v3D16_eabi.lib : _printfi.c.obj (.text:_ltostr)
                  000189c9    00000001     --HOLE-- [fill = 0]
                  000189ca    0000009c                                 : memcpy_t2.asm.obj (.text)
                  00018a66    00000002                                 : div0.asm.obj (.text)
                  00018a68    00000090                                 : fputc.c.obj (.text:fputc)
                  00018af8    0000007a                                 : _printfi.c.obj (.text:_mcpy)
                  00018b72    0000007a                                 : memset_t2.asm.obj (.text)
                  00018bec    00000078                                 : memory.c.obj (.text:malloc)
                  00018c64    00000074                                 : fclose.c.obj (.text:__TI_closefile)
                  00018cd8    00000074                                 : s_frexp.c.obj (.text:frexp)
                  00018d4c    0000006c                                 : copy_decompress_lzss.c.obj (.text:decompress:lzss:__TI_decompress_lzss)
                  00018db8    00000068                                 : hostlseek.c.obj (.text:HOSTlseek)
                  00018e20    00000068                                 : hostrename.c.obj (.text:HOSTrename)
                  00018e88    00000068                                 : printf.c.obj (.text:printf)
                  00018ef0    00000064                                 : _io_perm.c.obj (.text:__TI_wrt_ok)
                  00018f54    00000064                                 : fseek.c.obj (.text:fseek)
                  00018fb8    0000005c                                 : hostopen.c.obj (.text:HOSTopen)
                  00019014    0000005c                                 : hostread.c.obj (.text:HOSTread)
                  00019070    00000058                                 : hostwrite.c.obj (.text:HOSTwrite)
                  000190c8    00000058                                 : close.c.obj (.text:close)
                  00019120    00000054                                 : _printfi.c.obj (.text:_ecpy)
                  00019174    00000054                                 : ltoa.c.obj (.text:ltoa)
                  000191c8    00000050                                 : _printfi.c.obj (.text:_pconv_f)
                  00019218    00000050                                 : atoi.c.obj (.text:atoi)
                  00019268    00000050                                 : u_div32.asm.obj (.text)
                  000192b8    0000004c                                 : fflush.c.obj (.text:__TI_doflush)
                  00019304    00000048     debugger.obj (.text:poll_debug_register)
                  0001934c    00000044     rtsv7R4_T_be_v3D16_eabi.lib : hostclose.c.obj (.text:HOSTclose)
                  00019390    00000044                                 : hostunlink.c.obj (.text:HOSTunlink)
                  000193d4    00000044                                 : autoinit.c.obj (.text:__TI_auto_init_nobinit_nopinit:__TI_auto_init_nobinit_nopinit)
                  00019418    00000044                                 : exit.c.obj (.text:exit)
                  0001945c    00000044                                 : getdevice.c.obj (.text:getdevice)
                  000194a0    00000040                                 : _printfi.c.obj (.text:_fcpy)
                  000194e0    0000003c                                 : trgmsg.c.obj (.text:__TI_writemsg)
                  0001951c    0000003c                                 : memory.c.obj (.text:minsert)
                  00019558    00000038                                 : memory.c.obj (.text:minit)
                  00019590    00000036                                 : strncpy.c.obj (.text:strncpy)
                  000195c6    00000002     --HOLE-- [fill = 0]
                  000195c8    00000034                                 : fopen.c.obj (.text:__TI_cleanup)
                  000195fc    00000034                                 : trgmsg.c.obj (.text:__TI_readmsg)
                  00019630    00000034                                 : getdevice.c.obj (.text:finddevice)
                  00019664    0000002c                                 : unlink.c.obj (.text:unlink)
                  00019690    0000002a                                 : strncmp.c.obj (.text:strncmp)
                  000196ba    00000002     --HOLE-- [fill = 0]
                  000196bc    00000028                                 : lseek.c.obj (.text:lseek)
                  000196e4    00000028                                 : memory.c.obj (.text:mremove)
                  0001970c    00000028                                 : write.c.obj (.text:write)
                  00019734    00000020                                 : memchr.c.obj (.text:memchr)
                  00019754    0000001e                                 : ll_lsl_t2.asm.obj (.text)
                  00019772    0000001e                                 : ll_lsr_t2.asm.obj (.text)
                  00019790    0000001c                                 : memccpy.c.obj (.text:memccpy)
                  000197ac    00000018     debugger.obj (.text:configure_debug_apb_system)
                  000197c4    00000018     rtsv7R4_T_be_v3D16_eabi.lib : s_copysign.c.obj (.text:copysign)
                  000197dc    00000018                                 : strcmp.c.obj (.text:strcmp)
                  000197f4    00000016                                 : strchr.c.obj (.text:strchr)
                  0001980a    00000016                                 : strlen.c.obj (.text:strlen)
                  00019820    00000014                                 : strcpy.c.obj (.text:strcpy)
                  00019834    00000012                                 : wcslen.c.obj (.text:wcslen)
                  00019846    0000000e                                 : copy_decompress_none.c.obj (.text:decompress:none:__TI_decompress_none)
                  00019854    0000000c                                 : copy_zero_init.c.obj (.text:decompress:ZI:__TI_zero_init)
                  00019860    00000008                                 : errno.c.obj (.text:__aeabi_errno_addr)
                  00019868    00000004                                 : printf.c.obj (.text:_outc)
                  0001986c    00000004                                 : printf.c.obj (.text:_outs)
                  00019870    00000004                                 : exit.c.obj (.text:abort:abort)
                  00019874    00000004     sys_phantom.obj (.text:retain)

.const     0    00019878    00000d50     
                  00019878    00000a48     programmer_operations.obj (.const:tms570_firmware)
                  0001a2c0    00000180     sys_vim.obj (.const:s_vim_init)
                  0001a440    00000101     rtsv7R4_T_be_v3D16_eabi.lib : ctype.c.obj (.const:.string:_ctypes_)
                  0001a541    00000048     interface.obj (.const:short_tms_seqs)
                  0001a589    00000001     --HOLE-- [fill = 0]
                  0001a58a    0000002c     sd.obj (.const:$P$T0$1)
                  0001a5b6    00000002     --HOLE-- [fill = 0]
                  0001a5b8    00000010     programmer_operations.obj (.const:tms570_fw_data)

.kernelBSS 
*          0    08003500    00000154     UNINITIALIZED
                  08003500    00000120     os_tasks.obj (.kernelBSS:uninit)
                  08003620    00000034     os_tasks.obj (.kernelBSS:init)

.bss       0    08003d00    00008e2c     UNINITIALIZED
                  08003d00    00007644     (.common:RecorderData)
                  0800b344    00000428     sd.obj (.bss:rx_data)
                  0800b76c    00000428     sd.obj (.bss:tx_data)
                  0800bb94    00000400     (.common:sd_data)
                  0800bf94    00000205     communication.obj (.bss:packet$1)
                  0800c199    00000205     (.common:packet)
                  0800c39e    00000200     crc16.obj (.bss:crctable)
                  0800c59e    00000200     (.common:jtag_data)
                  0800c79e    00000001     (.common:sd_status)
                  0800c79f    00000001     (.common:status)
                  0800c7a0    00000120     rtsv7R4_T_be_v3D16_eabi.lib : trgmsg.c.obj (.bss:_CIOBUF_)
                  0800c8c0    000000a0     (.common:__TI_tmpnams)
                  0800c960    000000a0     (.common:sections)
                  0800ca00    00000078     spi.obj (.bss:g_spiPacket_t)
                  0800ca78    00000028     sci.obj (.bss:g_sciTransfer_t)
                  0800caa0    00000020     tms570_jtag_driver.obj (.bss)
                  0800cac0    00000008     trcSnapshotRecorder.obj (.bss:isrstack)
                  0800cac8    00000008     os_heap.obj (.bss:xStart)
                  0800cad0    00000008     (.common:parmbuf)
                  0800cad8    00000006     trcSnapshotRecorder.obj (.bss)
                  0800cade    00000002     --HOLE--
                  0800cae0    00000004     communication.obj (.bss)
                  0800cae4    00000004     sd.obj (.bss:datconfig_t)
                  0800cae8    00000004     jtag.obj (.bss)
                  0800caec    00000004     (.common:bitbang_interface)
                  0800caf0    00000004     (.common:chunk_size)
                  0800caf4    00000004     (.common:external_flash_address)
                  0800caf8    00000004     (.common:first_block_address)
                  0800cafc    00000004     (.common:i)
                  0800cb00    00000004     (.common:init_hwtc_count)
                  0800cb04    00000004     (.common:j)
                  0800cb08    00000004     (.common:jtag_status)
                  0800cb0c    00000004     (.common:sd_read_data)
                  0800cb10    00000004     (.common:sd_size)
                  0800cb14    00000004     (.common:sections_number)
                  0800cb18    00000004     (.common:start_address)
                  0800cb1c    00000004     (.common:xErase)
                  0800cb20    00000004     (.common:xGeneral)
                  0800cb24    00000004     (.common:xLoad)
                  0800cb28    00000004     (.common:xProgram)

.kernelHEAP 
*          0    0800cb2c    00002000     UNINITIALIZED
                  0800cb2c    00002000     os_heap.obj (.kernelHEAP)

.sysmem    0    0800eb30    00000800     UNINITIALIZED
                  0800eb30    00000008     rtsv7R4_T_be_v3D16_eabi.lib : memory.c.obj (.sysmem)
                  0800eb38    000007f8     --HOLE--

.data      0    0800f330    00000314     UNINITIALIZED
                  0800f330    000000f0     rtsv7R4_T_be_v3D16_eabi.lib : defs.c.obj (.data:_ftable)
                  0800f420    0000008e     trcSnapshotRecorder.obj (.data:objectHandleStacks)
                  0800f4ae    00000001     debug_port.obj (.data)
                  0800f4af    00000001     --HOLE--
                  0800f4b0    00000078     rtsv7R4_T_be_v3D16_eabi.lib : write.c.obj (.data:_device)
                  0800f528    00000050                                 : write.c.obj (.data:_stream)
                  0800f578    00000040     trcSnapshotRecorder.obj (.data)
                  0800f5b8    00000018     tms570_jtag_driver.obj (.data)
                  0800f5d0    00000010     os_heap.obj (.data)
                  0800f5e0    00000010     rtsv7R4_T_be_v3D16_eabi.lib : defs.c.obj (.data)
                  0800f5f0    0000000c                                 : exit.c.obj (.data:$O1$$)
                  0800f5fc    0000000c                                 : memory.c.obj (.data:$O1$$)
                  0800f608    0000000c     interface.obj (.data)
                  0800f614    0000000c     tms570_jtag_driver.obj (.data:tms570gpio_bitbang)
                  0800f620    0000000c     tms570_jtag_driver.obj (.data:tms570gpio_interface)
                  0800f62c    00000008     rtsv7R4_T_be_v3D16_eabi.lib : _lock.c.obj (.data:$O1$$)
                  0800f634    00000008     os_port.obj (.data)
                  0800f63c    00000004     debugger.obj (.data)
                  0800f640    00000004     rtsv7R4_T_be_v3D16_eabi.lib : errno.c.obj (.data)

MODULE SUMMARY

       Module                       code    ro data   rw data
       ------                       ----    -------   -------
    .\my_include\External_Communication\
       communication.obj            384     0         521    
    +--+----------------------------+-------+---------+---------+
       Total:                       384     0         521    
                                                             
    .\my_include\External_Communication\CRC\
       crc16.obj                    332     0         512    
    +--+----------------------------+-------+---------+---------+
       Total:                       332     0         512    
                                                             
    .\my_include\External_Storage\
       sd.obj                       3324    44        2132   
    +--+----------------------------+-------+---------+---------+
       Total:                       3324    44        2132   
                                                             
    .\my_include\JTAG_Programmer\
       programmer_operations.obj    868     2648      0      
    +--+----------------------------+-------+---------+---------+
       Total:                       868     2648      0      
                                                             
    .\my_include\JTAG_Programmer\jtag_interface\
       jtag.obj                     1012    0         4      
       interface.obj                912     72        12     
    +--+----------------------------+-------+---------+---------+
       Total:                       1924    72        16     
                                                             
    .\my_include\JTAG_Programmer\jtag_interface\drivers\
       tms570_jtag_driver.obj       2892    0         84     
    +--+----------------------------+-------+---------+---------+
       Total:                       2892    0         84     
                                                             
    .\my_include\JTAG_Programmer\test_access_port\
       debugger.obj                 1728    0         4      
       debug_port.obj               460     0         1      
       icepick.obj                  372     0         0      
    +--+----------------------------+-------+---------+---------+
       Total:                       2560    0         5      
                                                             
    .\source\
       trcSnapshotRecorder.obj      11908   0         30500  
       os_tasks.obj                 13632   0         340    
       sys_selftest.obj             11484   0         0      
       os_heap.obj                  1528    0         8216   
       os_queue.obj                 4664    0         0      
       sys_main.obj                 1944    0         2271   
       sys_vim.obj                  2860    384       0      
       spi.obj                      3032    0         120    
       system.obj                   2856    0         0      
       os_mpu_wrappers.obj          2660    0         0      
       trcKernelPort.obj            2312    0         0      
       os_event_groups.obj          2140    0         0      
       sci.obj                      1960    0         40     
       esm.obj                      1744    0         0      
       pinmux.obj                   1592    0         0      
       os_port.obj                  1428    0         8      
       os_portasm.obj               1200    0         0      
       gio.obj                      1156    0         0      
       sys_core.obj                 844     0         0      
       sys_startup.obj              664     0         0      
       os_list.obj                  568     0         0      
       dabort.obj                   232     0         0      
       sys_pmu.obj                  224     0         0      
       notification.obj             184     0         0      
       sys_intvecs.obj              32      0         0      
       sys_phantom.obj              4       0         0      
    +--+----------------------------+-------+---------+---------+
       Total:                       72852   384       41495  
                                                             
    C:/ti/ccsv8/tools/compiler/ti-cgt-arm_18.1.4.LTS/lib/rtsv7R4_T_be_v3D16_eabi.lib
       _printfi.c.obj               4645    0         0      
       ull_div32.asm.obj            696     0         0      
       memory.c.obj                 492     0         12     
       defs.c.obj                   0       0         416    
       trgmsg.c.obj                 112     0         288    
       fputs.c.obj                  280     0         0      
       ctype.c.obj                  0       257       0      
       s_scalbn.c.obj               240     0         0      
       write.c.obj                  40      0         200    
       s_floor.c.obj                224     0         0      
       setvbuf.c.obj                220     0         0      
       memcpy_t2.asm.obj            156     0         0      
       fputc.c.obj                  144     0         0      
       memset_t2.asm.obj            122     0         0      
       getdevice.c.obj              120     0         0      
       fclose.c.obj                 116     0         0      
       s_frexp.c.obj                116     0         0      
       printf.c.obj                 112     0         0      
       copy_decompress_lzss.c.obj   108     0         0      
       hostlseek.c.obj              104     0         0      
       hostrename.c.obj             104     0         0      
       _io_perm.c.obj               100     0         0      
       fseek.c.obj                  100     0         0      
       hostopen.c.obj               92      0         8      
       hostread.c.obj               92      0         0      
       close.c.obj                  88      0         0      
       hostwrite.c.obj              88      0         0      
       exit.c.obj                   72      0         12     
       ltoa.c.obj                   84      0         0      
       atoi.c.obj                   80      0         0      
       u_div32.asm.obj              80      0         0      
       fflush.c.obj                 76      0         0      
       autoinit.c.obj               68      0         0      
       hostclose.c.obj              68      0         0      
       hostunlink.c.obj             68      0         0      
       strncpy.c.obj                54      0         0      
       fopen.c.obj                  52      0         0      
       unlink.c.obj                 44      0         0      
       strncmp.c.obj                42      0         0      
       lseek.c.obj                  40      0         0      
       memchr.c.obj                 32      0         0      
       ll_lsl_t2.asm.obj            30      0         0      
       ll_lsr_t2.asm.obj            30      0         0      
       memccpy.c.obj                28      0         0      
       s_copysign.c.obj             24      0         0      
       strcmp.c.obj                 24      0         0      
       strchr.c.obj                 22      0         0      
       strlen.c.obj                 22      0         0      
       strcpy.c.obj                 20      0         0      
       wcslen.c.obj                 18      0         0      
       copy_decompress_none.c.obj   14      0         0      
       copy_zero_init.c.obj         12      0         0      
       errno.c.obj                  8       0         4      
       _lock.c.obj                  2       0         8      
       div0.asm.obj                 2       0         0      
    +--+----------------------------+-------+---------+---------+
       Total:                       9827    257       948    
                                                             
       Heap:                        0       0         2048   
       Linker Generated:            0       251       0      
    +--+----------------------------+-------+---------+---------+
       Grand Total:                 94963   3656      47761  


LINKER GENERATED COPY TABLES

__TI_cinit_table @ 00005b80 records: 4, size/record: 8, table size: 32
	.data: load addr=00005aa0, load size=000000b6 bytes, run addr=0800f330, run size=00000314 bytes, compression=lzss
	.kernelBSS: load addr=00005b64, load size=00000009 bytes, run addr=08003500, run size=00000154 bytes, compression=lzss
	.bss: load addr=00005b70, load size=00000008 bytes, run addr=08003d00, run size=00008e2c bytes, compression=zero_init
	.kernelHEAP: load addr=00005b78, load size=00000008 bytes, run addr=0800cb2c, run size=00002000 bytes, compression=zero_init


LINKER GENERATED HANDLER TABLE

__TI_handler_table @ 00005b58 records: 3, size/record: 4, table size: 12
	index: 0, handler: __TI_decompress_lzss
	index: 1, handler: __TI_decompress_none
	index: 2, handler: __TI_zero_init


GLOBAL SYMBOLS: SORTED ALPHABETICALLY BY Name 

address   name                                     
-------   ----                                     
00019871  C$$EXIT                                  
00019513  C$$IO$$                                  
00017da0  CalculateTable_CRC16                     
00017e64  Compute_CRC16                            
0800f5a2  CurrentFilterGroup                       
0800f5a0  CurrentFilterMask                        
0001934d  HOSTclose                                
00018db9  HOSTlseek                                
00018fb9  HOSTopen                                 
00019015  HOSTread                                 
00018e21  HOSTrename                               
00019391  HOSTunlink                               
00019071  HOSTwrite                                
00010c98  MPU_eTaskGetState                        
00010e4c  MPU_pcTaskGetName                        
00010f2c  MPU_pvTaskGetThreadLocalStoragePointer   
00011090  MPU_ulTaskNotifyTake                     
00011278  MPU_uxQueueMessagesWaiting               
000112ac  MPU_uxQueueSpacesAvailable               
00010e20  MPU_uxTaskGetNumberOfTasks               
00010eb4  MPU_uxTaskGetStackHighWaterMark          
00010f9c  MPU_uxTaskGetSystemState                 
00010c64  MPU_uxTaskPriorityGet                    
00011500  MPU_vEventGroupDelete                    
000112e0  MPU_vQueueDelete                         
00010b70  MPU_vTaskAllocateMPURegions              
00010bd0  MPU_vTaskDelay                           
00010bfc  MPU_vTaskDelayUntil                      
00010ba4  MPU_vTaskDelete                          
00010ccc  MPU_vTaskGetInfo                         
00010d18  MPU_vTaskPrioritySet                     
00010d78  MPU_vTaskResume                          
00010ee8  MPU_vTaskSetThreadLocalStoragePointer    
00011134  MPU_vTaskSetTimeOutState                 
00010d4c  MPU_vTaskSuspend                         
00010da4  MPU_vTaskSuspendAll                      
00011424  MPU_xEventGroupClearBits                 
0001139c  MPU_xEventGroupCreate                    
00011468  MPU_xEventGroupSetBits                   
000114ac  MPU_xEventGroupSync                      
000113c8  MPU_xEventGroupWaitBits                  
0001130c  MPU_xQueueGenericCreate                  
00011224  MPU_xQueueGenericReceive                 
00011358  MPU_xQueueGenericReset                   
000111d0  MPU_xQueueGenericSend                    
00010c30  MPU_xTaskAbortDelay                      
00011160  MPU_xTaskCheckForTimeOut                 
00010ac8  MPU_xTaskCreate                          
00010b2c  MPU_xTaskCreateRestricted                
00010fe8  MPU_xTaskGenericNotify                   
00011108  MPU_xTaskGetCurrentTaskHandle            
00010e80  MPU_xTaskGetHandle                       
00010f70  MPU_xTaskGetIdleTaskHandle               
000111a4  MPU_xTaskGetSchedulerState               
00010df4  MPU_xTaskGetTickCount                    
000110d4  MPU_xTaskNotifyStateClear                
0001103c  MPU_xTaskNotifyWait                      
00010dc8  MPU_xTaskResumeAll                       
08003d00  RecorderData                             
0800f5a4  RecorderDataPtr                          
0000db80  SDInit                                   
UNDEFED   SHT$$INIT_ARRAY$$Base                    
UNDEFED   SHT$$INIT_ARRAY$$Limit                   
0000f10c  SpiRxStatus                              
0000f080  SpiTxStatus                              
0800c7a0  __CIOBUF_                                
00000800  __SYSMEM_SIZE                            
00005b80  __TI_CINIT_Base                          
00005ba0  __TI_CINIT_Limit                         
00005b58  __TI_Handler_Table_Base                  
00005b64  __TI_Handler_Table_Limit                 
00016548  __TI_PINIT_Base                          
0001654c  __TI_PINIT_Limit                         
000193d5  __TI_auto_init_nobinit_nopinit           
000195c9  __TI_cleanup                             
0800f5f0  __TI_cleanup_ptr                         
00018c65  __TI_closefile                           
00018d4d  __TI_decompress_lzss                     
00019847  __TI_decompress_none                     
000192b9  __TI_doflush                             
0800f5f4  __TI_dtors_ptr                           
0800f5f8  __TI_enable_exit_profile_output          
0800f5e0  __TI_ft_end                              
ffffffff  __TI_pprof_out_hndl                      
0001152d  __TI_printfi                             
ffffffff  __TI_prof_data_size                      
ffffffff  __TI_prof_data_start                     
000195fd  __TI_readmsg                             
00000000  __TI_static_base__                       
0800c8c0  __TI_tmpnams                             
000194e1  __TI_writemsg                            
00018ef1  __TI_wrt_ok                              
00019855  __TI_zero_init                           
00019861  __aeabi_errno_addr                       
00018a67  __aeabi_idiv0                            
00018a67  __aeabi_ldiv0                            
00019755  __aeabi_llsl                             
00019773  __aeabi_llsr                             
00018b73  __aeabi_memclr                           
00018b73  __aeabi_memclr4                          
00018b73  __aeabi_memclr8                          
000189cb  __aeabi_memcpy                           
000189cb  __aeabi_memcpy4                          
000189cb  __aeabi_memcpy8                          
00018b75  __aeabi_memset                           
00018b75  __aeabi_memset4                          
00018b75  __aeabi_memset8                          
0800f5ec  __aeabi_stderr                           
0800f5e4  __aeabi_stdin                            
0800f5e8  __aeabi_stdout                           
00019268  __aeabi_uidiv                            
00019268  __aeabi_uidivmod                         
00016550  __aeabi_uldivmod                         
ffffffff  __binit__                                
ffffffff  __c_args__                               
00016808  _c_int00                                 
00016460  _coreClearAuxiliaryDataFault_            
00016474  _coreClearAuxiliaryInstructionFault_     
00016438  _coreClearDataFaultAddress_              
00016410  _coreClearDataFault_                     
0001644c  _coreClearInstructionFaultAddress_       
00016424  _coreClearInstructionFault_              
000163a4  _coreDisableEventBusExport_              
000163e8  _coreDisableFlashEcc_                    
000163c4  _coreDisableRamEcc_                      
00016394  _coreEnableEventBusExport_               
000163d4  _coreEnableFlashEcc_                     
000163f8  _coreEnableIrqVicOffset_                 
000163b4  _coreEnableRamEcc_                       
0001637c  _coreEnableVfp_                          
00016458  _coreGetAuxiliaryDataFault_              
0001646c  _coreGetAuxiliaryInstructionFault_       
00016430  _coreGetDataFaultAddress_                
00016408  _coreGetDataFault_                       
00016444  _coreGetInstructionFaultAddress_         
0001641c  _coreGetInstructionFault_                
00016204  _coreInitRegisters_                      
00016310  _coreInitStackPointer_                   
0001a440  _ctypes_                                 
00018408  _dabort                                  
0800f4b0  _device                                  
00016488  _disable_FIQ_interrupt_                  
00016490  _disable_IRQ_interrupt_                  
00016480  _disable_interrupt_                      
00016498  _enable_interrupt_                       
00016528  _errata_CORTEXR4_57_                     
00016538  _errata_CORTEXR4_66_                     
000164a0  _esmCcmErrorsClear_                      
0800f330  _ftable                                  
0001635c  _getCPSRValue_                           
00016364  _gotoCPUIdle_                            
0800f62c  _lock                                    
00011f5f  _nop                                     
0001862c  _pmuDisableCountersGlobal_               
0001861c  _pmuEnableCountersGlobal_                
00018688  _pmuGetCycleCount_                       
00018690  _pmuGetEventCount_                       
0001869c  _pmuGetOverflow_                         
000185d0  _pmuInit_                                
0001865c  _pmuResetCounters_                       
0001863c  _pmuResetCycleCounter_                   
0001864c  _pmuResetEventCounters_                  
0001867c  _pmuSetCountEvent_                       
0001866c  _pmuStartCounters_                       
00018674  _pmuStopCounters_                        
0800f528  _stream                                  
0800eb30  _sys_memory                              
UNDEFED   _system_post_cinit                       
0800f630  _unlock                                  
00019871  abort                                    
00017428  access_access_port_register              
00017500  access_debug_port_register               
0000c0f0  adc1ParityCheck                          
0000c1dc  adc2ParityCheck                          
00019219  atoi                                     
ffffffff  binit                                    
0800caec  bitbang_interface                        
0000c294  can1ParityCheck                          
0000c36c  can2ParityCheck                          
0000c434  can3ParityCheck                          
0000aeb4  ccmSelfCheck                             
0000d580  ccmr4GetConfigValue                      
0000b7bc  checkB0RAMECC                            
0000b9ac  checkB1RAMECC                            
0000ca9c  checkClockMonitor                        
0000bb9c  checkFlashECC                            
0000cb78  checkFlashEEPROMECC                      
0000cd10  checkPLL1Slip                            
0000ce10  checkPLL2Slip                            
0000ced4  checkRAMAddrParity                       
0000c854  checkRAMECC                              
0000cfe0  checkRAMUERRTest                         
0000b640  checkefcSelfTest                         
0800caf0  chunk_size                               
000190c9  close                                    
00017948  commInit                                 
000197ac  configure_debug_apb_system               
000197c5  copysign                                 
000197c5  copysignl                                
0000b0b8  cpuSelfTest                              
0000bc80  cpuSelfTestFail                          
0000bc78  custom_dabort                            
00014044  debugger_init                            
00014074  debugger_reset                           
0000d9dc  disableParity                            
00018908  dmaGroupANotification                    
0000bd30  dmaParityCheck                           
0000242c  eTaskConfirmSleepModeStatus              
000009f8  eTaskGetState                            
0000b4e4  efcCheck                                 
0000d4e4  efcGetConfigValue                        
0000b618  efcSelfTest                              
0000b56c  efcStuckZeroTest                         
0000d954  enableParity                             
0000de10  eraseBlocks                              
0000d5f0  errata_PBIST_4                           
0800f640  errno                                    
00014e60  esmActivateNormalOperation               
00014f34  esmClearStatus                           
00014f74  esmClearStatusBuffer                     
00014e28  esmDisableError                          
00014e98  esmDisableInterrupt                      
00014e00  esmEnableError                           
00014e70  esmEnableInterrupt                       
0001506c  esmEnterSelfTest                         
00014de4  esmError                                 
00015144  esmGetConfigValue                        
00014fb0  esmGetStatus                             
00015034  esmGetStatusBuffer                       
00018864  esmGroup1Notification                    
00018874  esmGroup2Notification                    
00018004  esmHighInterrupt                         
00014cdc  esmInit                                  
000150f4  esmSelfTestStatus                        
00014f90  esmSetCounterPreloadValue                
00014ec0  esmSetInterruptLevel                     
00014e50  esmTriggerErrorPinReset                  
000142a4  execute_arm_instruction                  
00019419  exit                                     
0800caf4  external_flash_address                   
00019631  finddevice                               
0800caf8  first_block_address                      
0001612c  flashProgramming                         
000184f1  floor                                    
000184f1  floorl                                   
0000d148  fmcBus1ParityCheck                       
0000b6e0  fmcBus2Check                             
0000b71c  fmcECCcheck                              
00018a69  fputc                                    
00017eed  fputs                                    
0001878d  free                                     
00018cd9  frexp                                    
00018cd9  frexpl                                   
00018f55  fseek                                    
0001945d  getdevice                                
000154f8  gioDisableNotification                   
00015490  gioEnableNotification                    
000153f8  gioGetBit                                
00015560  gioGetConfigValue                        
00015420  gioGetPort                               
00015298  gioInit                                  
000188bc  gioNotification                          
00015388  gioSetBit                                
00015368  gioSetDirection                          
000153d8  gioSetPort                               
00015438  gioToggleBit                             
00014080  halt_processor                           
0800f599  handle_of_last_logged_task               
0000bddc  het1ParityCheck                          
0000bf44  het2ParityCheck                          
0000be88  htu1ParityCheck                          
0000c040  htu2ParityCheck                          
0800cafc  i                                        
00017ac8  icepick_IDcode                           
00017b04  icepick_icepickcode                      
000157ac  idle_clock_cycles                        
00015ac0  idle_time                                
00015ea0  initProgramming                          
0800cb00  init_hwtc_count                          
0800f578  isPendingContextSwitch                   
0800cb04  j                                        
0800c59e  jtag_data                                
0800f610  jtag_interface                           
00015730  jtag_interface_init                      
0001576c  jtag_interface_reset                     
0800cb08  jtag_status                              
00018319  ldexp                                    
00018319  ldexpl                                   
000196bd  lseek                                    
00019175  ltoa                                     
00013f10  main                                     
00018bed  malloc                                   
000100dc  mapClocks                                
00019791  memccpy                                  
00019735  memchr                                   
000189cb  memcpy                                   
0000aff8  memoryInit                               
00018884  memoryPort0TestFailNotification          
000188a0  memoryPort1TestFailNotification          
00018b7b  memset                                   
0000c508  mibspi1ParityCheck                       
0000c610  mibspi3ParityCheck                       
0000c734  mibspi5ParityCheck                       
00019559  minit                                    
00015840  move_to_state                            
000146a4  muxInit                                  
0800f598  nISRactive                               
0800f420  objectHandleStacks                       
0800c199  packet                                   
0800cad0  parmbuf                                  
0000d270  pbistFail                                
0000d2f4  pbistGetConfigValue                      
0000b42c  pbistIsTestCompleted                     
0000b458  pbistIsTestPassed                        
0000b48c  pbistPortTestStatus                      
0000b330  pbistRun                                 
0000b150  pbistSelfCheck                           
0000b3fc  pbistStop                                
0000157c  pcTaskGetName                            
00010088  periphInit                               
00019874  phantomInterrupt                         
00014a28  pinmuxGetConfigValue                     
00019304  poll_debug_register                      
00018e89  printf                                   
00009ddc  prvMarkObjectAsUsed                      
00005318  prvMpuDisable                            
00005300  prvMpuEnable                             
000052e8  prvMpuSetRegion                          
0000a234  prvTraceError                            
00009d08  prvTraceFreeObjectHandle                 
000120a8  prvTraceGetCurrentTaskHandle             
00009b70  prvTraceGetObjectHandle                  
000090dc  prvTraceGetPriorityProperty              
00011f60  prvTraceGetQueueNumber                   
00012034  prvTraceGetQueueNumberHigh16             
00012018  prvTraceGetQueueNumberLow16              
00011f74  prvTraceGetQueueType                     
00011fa4  prvTraceGetTaskNumberHigh16              
00011f88  prvTraceGetTaskNumberLow16               
000124d8  prvTraceIsSchedulerSuspended             
0000acf0  prvTracePortGetTimeStamp                 
00009fbc  prvTraceSetObjectName                    
00009214  prvTraceSetObjectState                   
00009048  prvTraceSetPriorityProperty              
0001207c  prvTraceSetQueueNumberHigh16             
0001204c  prvTraceSetQueueNumberLow16              
0000890c  prvTraceSetReadyEventsEnabled            
000093e8  prvTraceSetTaskInstanceFinished          
00011fec  prvTraceSetTaskNumberHigh16              
00011fbc  prvTraceSetTaskNumberLow16               
00008ae4  prvTraceStoreLowPower                    
00008db0  prvTraceStoreObjectNameOnCloseEvent      
00008ee4  prvTraceStoreObjectPropertiesOnCloseEvent
000089fc  prvTraceStoreTaskReady                   
00008c24  prvTraceStoreTaskswitch                  
0001243c  pszTraceGetErrorNotEnoughHandles         
00018a69  putc                                     
00005720  pvPortMalloc                             
00002500  pvTaskGetThreadLocalStoragePointer       
08003620  pxCurrentTCB                             
00005340  pxPortInitialiseStack                    
0000e174  readOCR                                  
0000df64  readSingleDataBlock                      
00014270  read_arm_register                        
00017964  receivePacket                            
0800f58c  recorder_busy                            
00019665  remove                                   
000161c0  resetController                          
00000000  resetEntry                               
000140a4  reset_processor                          
00018319  scalbn                                   
00018319  scalbnl                                  
000135cc  sciDisableLoopback                       
00013658  sciDisableNotification                   
00013598  sciEnableLoopback                        
000135f0  sciEnableNotification                    
000136c0  sciEnterResetState                       
000136e0  sciExitResetState                        
00013700  sciGetConfigValue                        
00013104  sciInit                                  
00013448  sciIsIdleDetected                        
0001342c  sciIsRxReady                             
000132ac  sciIsTxReady                             
000188d0  sciNotification                          
000134c0  sciReceive                               
00013494  sciReceiveByte                           
00013464  sciRxError                               
000132f8  sciSend                                  
000132c8  sciSendByte                              
00013210  sciSetBaudrate                           
000131f0  sciSetFunctional                         
0800bb94  sd_data                                  
0800cb0c  sd_read_data                             
0800cb10  sd_size                                  
0800c79e  sd_status                                
0800c960  sections                                 
0800cb14  sections_number                          
00017b40  select_tap                               
0000aea4  selftestFailNotification                 
00017a94  sendMessage                              
0000e0d4  setBlockLength                           
000140c8  set_hardware_breakpoint                  
00010048  setupFlash                               
0000ffa0  setupPLL                                 
000186b1  setvbuf                                  
00015920  shift_bits_in                            
0000f244  spi2GetConfigValue                       
0000f1cc  spiDisableLoopback                       
0000f218  spiDisableNotification                   
0000f198  spiEnableLoopback                        
0000f1e8  spiEnableNotification                    
000188f8  spiEndNotification                       
0000eae8  spiGetData                               
0000e87c  spiInit                                  
000188e4  spiNotification                          
0000e9cc  spiReceiveData                           
0000ef40  spiSendAndGetData                        
0000ed0c  spiSendData                              
0000e9ac  spiSetFunctional                         
0000ee04  spiTransmitAndReceiveData                
0000ebe0  spiTransmitData                          
000108c0  sramGetConfigValue                       
0800cb18  start_address                            
0800c79f  status                                   
0000d440  stcGetConfigValue                        
0000b03c  stcSelfCheck                             
0000bc7c  stcSelfCheckFail                         
000197f5  strchr                                   
000197dd  strcmp                                   
00019821  strcpy                                   
0001980b  strlen                                   
00019691  strncmp                                  
00019591  strncpy                                  
00010300  systemGetConfigValue                     
00010204  systemInit                               
000102d0  systemPowerDown                          
00015b54  tap_get_end_state                        
00015b2c  tap_get_state                            
00015c00  tap_get_tms_path                         
00015c3c  tap_get_tms_path_len                     
00015c7c  tap_is_state_stable                      
00015b60  tap_move_ndx                             
00015b38  tap_set_end_state                        
00015b10  tap_set_state_impl                       
00015ce4  tap_state_transition                     
00010714  tcmflashGetConfigValue                   
0800f590  timestampFrequency                       
0800f620  tms570gpio_interface                     
0800f594  traceErrorMessage                        
0800f584  trace_disable_timestamp                  
00010000  trimLPO                                  
00004238  ucQueueGetQueueType                      
00009a74  uiIndexOfObject                          
00008320  uiTraceGetTraceBufferSize                
0000815c  uiTraceStart                             
0800f580  uiTraceTickCount                         
0800f634  ulCriticalNesting                        
00005210  ulPortCountLeadingZeros                  
0800f638  ulTaskHasFPUContext                      
00002b00  ulTaskNotifyTake                         
00019665  unlink                                   
00004e50  uxEventGroupGetNumber                    
0001739c  uxListRemove                             
00004200  uxQueueGetQueueNumber                    
0000411c  uxQueueMessagesWaiting                   
000041a0  uxQueueMessagesWaitingFromISR            
00004154  uxQueueSpacesAvailable                   
0000156c  uxTaskGetNumberOfTasks                   
0000298c  uxTaskGetStackHighWaterMark              
00001848  uxTaskGetSystemState                     
000023b0  uxTaskGetTaskNumber                      
00000afc  uxTaskPriorityGet                        
00000b40  uxTaskPriorityGetFromISR                 
00002ac0  uxTaskResetEventItemValue                
00004dc8  vEventGroupClearBitsCallback             
00004d28  vEventGroupDelete                        
00004dac  vEventGroupSetBitsCallback               
000171f0  vListInitialise                          
00017248  vListInitialiseItem                      
000172d8  vListInsert                              
00017264  vListInsertEnd                           
000056ec  vPortEndScheduler                        
00005978  vPortFree                                
00005a88  vPortInitialiseBlocks                    
00005204  vPortInitialiseFPSCR                     
00005104  vPortPreemptiveTick                      
00005218  vPortSWI                                 
00004e94  vPortStartFirstTask                      
00005454  vPortStoreTaskMPUSettings                
00005010  vPortYeildWithinAPI                      
00004f24  vPortYieldProcessor                      
000041d0  vQueueDelete                             
00004218  vQueueSetQueueNumber                     
00013e40  vTask1                                   
000138ac  vTask2                                   
000139a8  vTask3                                   
00013abc  vTask4                                   
0000256c  vTaskAllocateMPURegions                  
00000974  vTaskDelay                               
00000808  vTaskDelayUntil                          
000005fc  vTaskDelete                              
00001264  vTaskEndScheduler                        
000026e4  vTaskGetInfo                             
0000239c  vTaskMissedYield                         
00003114  vTaskNotifyGiveFromISR                   
00001f08  vTaskPlaceOnEventList                    
00001f50  vTaskPlaceOnUnorderedEventList           
00000b88  vTaskPrioritySet                         
00000fb0  vTaskResume                              
000023f0  vTaskSetTaskNumber                       
000024a8  vTaskSetThreadLocalStoragePointer        
00002224  vTaskSetTimeOutState                     
000011cc  vTaskStartScheduler                      
000019f0  vTaskStepTick                            
00000da8  vTaskSuspend                             
00001280  vTaskSuspendAll                          
00001e00  vTaskSwitchContext                       
0000808c  vTraceClear                              
000082e4  vTraceClearError                         
00008020  vTraceEnable                             
00012318  vTraceInitObjectHandleStack              
000120b4  vTraceInitObjectPropertyTable            
000083d8  vTraceInstanceFinishedNext               
000083e8  vTraceInstanceFinishedNow                
0000a2c8  vTraceSetFilterGroup                     
0000a2ac  vTraceSetFilterMask                      
0000a218  vTraceSetFrequency                       
00008070  vTraceSetStopHook                        
00008260  vTraceStart                              
0000826c  vTraceStop                               
0800f59c  vTraceStopHookPtr                        
00008574  vTraceStoreISRBegin                      
00008788  vTraceStoreISREnd                        
0001293c  vimChannelMap                            
00012b38  vimDisableInterrupt                      
000129e0  vimEnableInterrupt                       
00012bbc  vimGetConfigValue                        
00012868  vimInit                                  
0000bc84  vimParityCheck                           
00016aa0  vimParityErrorHandler                    
00019835  wcslen                                   
0001970d  write                                    
0000e000  writeSingleDataBlock                     
00014208  write_arm_register                       
000142cc  write_sram_memory                        
0800cb1c  xErase                                   
00004ac4  xEventGroupClearBits                     
00004634  xEventGroupCreate                        
00004b48  xEventGroupGetBitsFromISR                
00004b78  xEventGroupSetBits                       
00004670  xEventGroupSync                          
00004870  xEventGroupWaitBits                      
0800cb20  xGeneral                                 
0800cb24  xLoad                                    
00005a70  xPortGetFreeHeapSize                     
00005a7c  xPortGetMinimumEverFreeHeapSize          
000056c8  xPortStartScheduler                      
0800cb28  xProgram                                 
00003524  xQueueGenericCreate                      
00003c08  xQueueGenericReceive                     
000033fc  xQueueGenericReset                       
0000364c  xQueueGenericSend                        
0000390c  xQueueGenericSendFromISR                 
00003a9c  xQueueGiveFromISR                        
00004558  xQueueIsQueueEmptyFromISR                
000045e4  xQueueIsQueueFullFromISR                 
00004028  xQueuePeekFromISR                        
00003ee0  xQueueReceiveFromISR                     
00001a54  xTaskAbortDelay                          
00002264  xTaskCheckForTimeOut                     
000000fc  xTaskCreate                              
00000020  xTaskCreateRestricted                    
00002cf4  xTaskGenericNotify                       
00002eec  xTaskGenericNotifyFromISR                
00002a54  xTaskGetCurrentTaskHandle                
00001740  xTaskGetHandle                           
000019b8  xTaskGetIdleTaskHandle                   
00002a70  xTaskGetSchedulerState                   
00001528  xTaskGetTickCount                        
00001548  xTaskGetTickCountFromISR                 
00001b70  xTaskIncrementTick                       
00017d24  xTaskNotifyStateClear                    
00002bdc  xTaskNotifyWait                          
00001fd4  xTaskRemoveFromEventList                 
000020f8  xTaskRemoveFromUnorderedEventList        
00001350  xTaskResumeAll                           
000010bc  xTaskResumeFromISR                       
000082d8  xTraceGetLastError                       
00008314  xTraceGetTraceBuffer                     
000082b0  xTraceIsRecordingEnabled                 
0000846c  xTraceSetISRProperties                   


GLOBAL SYMBOLS: SORTED BY Symbol Address 

address   name                                     
-------   ----                                     
00000000  __TI_static_base__                       
00000000  resetEntry                               
00000020  xTaskCreateRestricted                    
000000fc  xTaskCreate                              
000005fc  vTaskDelete                              
00000800  __SYSMEM_SIZE                            
00000808  vTaskDelayUntil                          
00000974  vTaskDelay                               
000009f8  eTaskGetState                            
00000afc  uxTaskPriorityGet                        
00000b40  uxTaskPriorityGetFromISR                 
00000b88  vTaskPrioritySet                         
00000da8  vTaskSuspend                             
00000fb0  vTaskResume                              
000010bc  xTaskResumeFromISR                       
000011cc  vTaskStartScheduler                      
00001264  vTaskEndScheduler                        
00001280  vTaskSuspendAll                          
00001350  xTaskResumeAll                           
00001528  xTaskGetTickCount                        
00001548  xTaskGetTickCountFromISR                 
0000156c  uxTaskGetNumberOfTasks                   
0000157c  pcTaskGetName                            
00001740  xTaskGetHandle                           
00001848  uxTaskGetSystemState                     
000019b8  xTaskGetIdleTaskHandle                   
000019f0  vTaskStepTick                            
00001a54  xTaskAbortDelay                          
00001b70  xTaskIncrementTick                       
00001e00  vTaskSwitchContext                       
00001f08  vTaskPlaceOnEventList                    
00001f50  vTaskPlaceOnUnorderedEventList           
00001fd4  xTaskRemoveFromEventList                 
000020f8  xTaskRemoveFromUnorderedEventList        
00002224  vTaskSetTimeOutState                     
00002264  xTaskCheckForTimeOut                     
0000239c  vTaskMissedYield                         
000023b0  uxTaskGetTaskNumber                      
000023f0  vTaskSetTaskNumber                       
0000242c  eTaskConfirmSleepModeStatus              
000024a8  vTaskSetThreadLocalStoragePointer        
00002500  pvTaskGetThreadLocalStoragePointer       
0000256c  vTaskAllocateMPURegions                  
000026e4  vTaskGetInfo                             
0000298c  uxTaskGetStackHighWaterMark              
00002a54  xTaskGetCurrentTaskHandle                
00002a70  xTaskGetSchedulerState                   
00002ac0  uxTaskResetEventItemValue                
00002b00  ulTaskNotifyTake                         
00002bdc  xTaskNotifyWait                          
00002cf4  xTaskGenericNotify                       
00002eec  xTaskGenericNotifyFromISR                
00003114  vTaskNotifyGiveFromISR                   
000033fc  xQueueGenericReset                       
00003524  xQueueGenericCreate                      
0000364c  xQueueGenericSend                        
0000390c  xQueueGenericSendFromISR                 
00003a9c  xQueueGiveFromISR                        
00003c08  xQueueGenericReceive                     
00003ee0  xQueueReceiveFromISR                     
00004028  xQueuePeekFromISR                        
0000411c  uxQueueMessagesWaiting                   
00004154  uxQueueSpacesAvailable                   
000041a0  uxQueueMessagesWaitingFromISR            
000041d0  vQueueDelete                             
00004200  uxQueueGetQueueNumber                    
00004218  vQueueSetQueueNumber                     
00004238  ucQueueGetQueueType                      
00004558  xQueueIsQueueEmptyFromISR                
000045e4  xQueueIsQueueFullFromISR                 
00004634  xEventGroupCreate                        
00004670  xEventGroupSync                          
00004870  xEventGroupWaitBits                      
00004ac4  xEventGroupClearBits                     
00004b48  xEventGroupGetBitsFromISR                
00004b78  xEventGroupSetBits                       
00004d28  vEventGroupDelete                        
00004dac  vEventGroupSetBitsCallback               
00004dc8  vEventGroupClearBitsCallback             
00004e50  uxEventGroupGetNumber                    
00004e94  vPortStartFirstTask                      
00004f24  vPortYieldProcessor                      
00005010  vPortYeildWithinAPI                      
00005104  vPortPreemptiveTick                      
00005204  vPortInitialiseFPSCR                     
00005210  ulPortCountLeadingZeros                  
00005218  vPortSWI                                 
000052e8  prvMpuSetRegion                          
00005300  prvMpuEnable                             
00005318  prvMpuDisable                            
00005340  pxPortInitialiseStack                    
00005454  vPortStoreTaskMPUSettings                
000056c8  xPortStartScheduler                      
000056ec  vPortEndScheduler                        
00005720  pvPortMalloc                             
00005978  vPortFree                                
00005a70  xPortGetFreeHeapSize                     
00005a7c  xPortGetMinimumEverFreeHeapSize          
00005a88  vPortInitialiseBlocks                    
00005b58  __TI_Handler_Table_Base                  
00005b64  __TI_Handler_Table_Limit                 
00005b80  __TI_CINIT_Base                          
00005ba0  __TI_CINIT_Limit                         
00008020  vTraceEnable                             
00008070  vTraceSetStopHook                        
0000808c  vTraceClear                              
0000815c  uiTraceStart                             
00008260  vTraceStart                              
0000826c  vTraceStop                               
000082b0  xTraceIsRecordingEnabled                 
000082d8  xTraceGetLastError                       
000082e4  vTraceClearError                         
00008314  xTraceGetTraceBuffer                     
00008320  uiTraceGetTraceBufferSize                
000083d8  vTraceInstanceFinishedNext               
000083e8  vTraceInstanceFinishedNow                
0000846c  xTraceSetISRProperties                   
00008574  vTraceStoreISRBegin                      
00008788  vTraceStoreISREnd                        
0000890c  prvTraceSetReadyEventsEnabled            
000089fc  prvTraceStoreTaskReady                   
00008ae4  prvTraceStoreLowPower                    
00008c24  prvTraceStoreTaskswitch                  
00008db0  prvTraceStoreObjectNameOnCloseEvent      
00008ee4  prvTraceStoreObjectPropertiesOnCloseEvent
00009048  prvTraceSetPriorityProperty              
000090dc  prvTraceGetPriorityProperty              
00009214  prvTraceSetObjectState                   
000093e8  prvTraceSetTaskInstanceFinished          
00009a74  uiIndexOfObject                          
00009b70  prvTraceGetObjectHandle                  
00009d08  prvTraceFreeObjectHandle                 
00009ddc  prvMarkObjectAsUsed                      
00009fbc  prvTraceSetObjectName                    
0000a218  vTraceSetFrequency                       
0000a234  prvTraceError                            
0000a2ac  vTraceSetFilterMask                      
0000a2c8  vTraceSetFilterGroup                     
0000acf0  prvTracePortGetTimeStamp                 
0000aea4  selftestFailNotification                 
0000aeb4  ccmSelfCheck                             
0000aff8  memoryInit                               
0000b03c  stcSelfCheck                             
0000b0b8  cpuSelfTest                              
0000b150  pbistSelfCheck                           
0000b330  pbistRun                                 
0000b3fc  pbistStop                                
0000b42c  pbistIsTestCompleted                     
0000b458  pbistIsTestPassed                        
0000b48c  pbistPortTestStatus                      
0000b4e4  efcCheck                                 
0000b56c  efcStuckZeroTest                         
0000b618  efcSelfTest                              
0000b640  checkefcSelfTest                         
0000b6e0  fmcBus2Check                             
0000b71c  fmcECCcheck                              
0000b7bc  checkB0RAMECC                            
0000b9ac  checkB1RAMECC                            
0000bb9c  checkFlashECC                            
0000bc78  custom_dabort                            
0000bc7c  stcSelfCheckFail                         
0000bc80  cpuSelfTestFail                          
0000bc84  vimParityCheck                           
0000bd30  dmaParityCheck                           
0000bddc  het1ParityCheck                          
0000be88  htu1ParityCheck                          
0000bf44  het2ParityCheck                          
0000c040  htu2ParityCheck                          
0000c0f0  adc1ParityCheck                          
0000c1dc  adc2ParityCheck                          
0000c294  can1ParityCheck                          
0000c36c  can2ParityCheck                          
0000c434  can3ParityCheck                          
0000c508  mibspi1ParityCheck                       
0000c610  mibspi3ParityCheck                       
0000c734  mibspi5ParityCheck                       
0000c854  checkRAMECC                              
0000ca9c  checkClockMonitor                        
0000cb78  checkFlashEEPROMECC                      
0000cd10  checkPLL1Slip                            
0000ce10  checkPLL2Slip                            
0000ced4  checkRAMAddrParity                       
0000cfe0  checkRAMUERRTest                         
0000d148  fmcBus1ParityCheck                       
0000d270  pbistFail                                
0000d2f4  pbistGetConfigValue                      
0000d440  stcGetConfigValue                        
0000d4e4  efcGetConfigValue                        
0000d580  ccmr4GetConfigValue                      
0000d5f0  errata_PBIST_4                           
0000d954  enableParity                             
0000d9dc  disableParity                            
0000db80  SDInit                                   
0000de10  eraseBlocks                              
0000df64  readSingleDataBlock                      
0000e000  writeSingleDataBlock                     
0000e0d4  setBlockLength                           
0000e174  readOCR                                  
0000e87c  spiInit                                  
0000e9ac  spiSetFunctional                         
0000e9cc  spiReceiveData                           
0000eae8  spiGetData                               
0000ebe0  spiTransmitData                          
0000ed0c  spiSendData                              
0000ee04  spiTransmitAndReceiveData                
0000ef40  spiSendAndGetData                        
0000f080  SpiTxStatus                              
0000f10c  SpiRxStatus                              
0000f198  spiEnableLoopback                        
0000f1cc  spiDisableLoopback                       
0000f1e8  spiEnableNotification                    
0000f218  spiDisableNotification                   
0000f244  spi2GetConfigValue                       
0000ffa0  setupPLL                                 
00010000  trimLPO                                  
00010048  setupFlash                               
00010088  periphInit                               
000100dc  mapClocks                                
00010204  systemInit                               
000102d0  systemPowerDown                          
00010300  systemGetConfigValue                     
00010714  tcmflashGetConfigValue                   
000108c0  sramGetConfigValue                       
00010ac8  MPU_xTaskCreate                          
00010b2c  MPU_xTaskCreateRestricted                
00010b70  MPU_vTaskAllocateMPURegions              
00010ba4  MPU_vTaskDelete                          
00010bd0  MPU_vTaskDelay                           
00010bfc  MPU_vTaskDelayUntil                      
00010c30  MPU_xTaskAbortDelay                      
00010c64  MPU_uxTaskPriorityGet                    
00010c98  MPU_eTaskGetState                        
00010ccc  MPU_vTaskGetInfo                         
00010d18  MPU_vTaskPrioritySet                     
00010d4c  MPU_vTaskSuspend                         
00010d78  MPU_vTaskResume                          
00010da4  MPU_vTaskSuspendAll                      
00010dc8  MPU_xTaskResumeAll                       
00010df4  MPU_xTaskGetTickCount                    
00010e20  MPU_uxTaskGetNumberOfTasks               
00010e4c  MPU_pcTaskGetName                        
00010e80  MPU_xTaskGetHandle                       
00010eb4  MPU_uxTaskGetStackHighWaterMark          
00010ee8  MPU_vTaskSetThreadLocalStoragePointer    
00010f2c  MPU_pvTaskGetThreadLocalStoragePointer   
00010f70  MPU_xTaskGetIdleTaskHandle               
00010f9c  MPU_uxTaskGetSystemState                 
00010fe8  MPU_xTaskGenericNotify                   
0001103c  MPU_xTaskNotifyWait                      
00011090  MPU_ulTaskNotifyTake                     
000110d4  MPU_xTaskNotifyStateClear                
00011108  MPU_xTaskGetCurrentTaskHandle            
00011134  MPU_vTaskSetTimeOutState                 
00011160  MPU_xTaskCheckForTimeOut                 
000111a4  MPU_xTaskGetSchedulerState               
000111d0  MPU_xQueueGenericSend                    
00011224  MPU_xQueueGenericReceive                 
00011278  MPU_uxQueueMessagesWaiting               
000112ac  MPU_uxQueueSpacesAvailable               
000112e0  MPU_vQueueDelete                         
0001130c  MPU_xQueueGenericCreate                  
00011358  MPU_xQueueGenericReset                   
0001139c  MPU_xEventGroupCreate                    
000113c8  MPU_xEventGroupWaitBits                  
00011424  MPU_xEventGroupClearBits                 
00011468  MPU_xEventGroupSetBits                   
000114ac  MPU_xEventGroupSync                      
00011500  MPU_vEventGroupDelete                    
0001152d  __TI_printfi                             
00011f5f  _nop                                     
00011f60  prvTraceGetQueueNumber                   
00011f74  prvTraceGetQueueType                     
00011f88  prvTraceGetTaskNumberLow16               
00011fa4  prvTraceGetTaskNumberHigh16              
00011fbc  prvTraceSetTaskNumberLow16               
00011fec  prvTraceSetTaskNumberHigh16              
00012018  prvTraceGetQueueNumberLow16              
00012034  prvTraceGetQueueNumberHigh16             
0001204c  prvTraceSetQueueNumberLow16              
0001207c  prvTraceSetQueueNumberHigh16             
000120a8  prvTraceGetCurrentTaskHandle             
000120b4  vTraceInitObjectPropertyTable            
00012318  vTraceInitObjectHandleStack              
0001243c  pszTraceGetErrorNotEnoughHandles         
000124d8  prvTraceIsSchedulerSuspended             
00012868  vimInit                                  
0001293c  vimChannelMap                            
000129e0  vimEnableInterrupt                       
00012b38  vimDisableInterrupt                      
00012bbc  vimGetConfigValue                        
00013104  sciInit                                  
000131f0  sciSetFunctional                         
00013210  sciSetBaudrate                           
000132ac  sciIsTxReady                             
000132c8  sciSendByte                              
000132f8  sciSend                                  
0001342c  sciIsRxReady                             
00013448  sciIsIdleDetected                        
00013464  sciRxError                               
00013494  sciReceiveByte                           
000134c0  sciReceive                               
00013598  sciEnableLoopback                        
000135cc  sciDisableLoopback                       
000135f0  sciEnableNotification                    
00013658  sciDisableNotification                   
000136c0  sciEnterResetState                       
000136e0  sciExitResetState                        
00013700  sciGetConfigValue                        
000138ac  vTask2                                   
000139a8  vTask3                                   
00013abc  vTask4                                   
00013e40  vTask1                                   
00013f10  main                                     
00014044  debugger_init                            
00014074  debugger_reset                           
00014080  halt_processor                           
000140a4  reset_processor                          
000140c8  set_hardware_breakpoint                  
00014208  write_arm_register                       
00014270  read_arm_register                        
000142a4  execute_arm_instruction                  
000142cc  write_sram_memory                        
000146a4  muxInit                                  
00014a28  pinmuxGetConfigValue                     
00014cdc  esmInit                                  
00014de4  esmError                                 
00014e00  esmEnableError                           
00014e28  esmDisableError                          
00014e50  esmTriggerErrorPinReset                  
00014e60  esmActivateNormalOperation               
00014e70  esmEnableInterrupt                       
00014e98  esmDisableInterrupt                      
00014ec0  esmSetInterruptLevel                     
00014f34  esmClearStatus                           
00014f74  esmClearStatusBuffer                     
00014f90  esmSetCounterPreloadValue                
00014fb0  esmGetStatus                             
00015034  esmGetStatusBuffer                       
0001506c  esmEnterSelfTest                         
000150f4  esmSelfTestStatus                        
00015144  esmGetConfigValue                        
00015298  gioInit                                  
00015368  gioSetDirection                          
00015388  gioSetBit                                
000153d8  gioSetPort                               
000153f8  gioGetBit                                
00015420  gioGetPort                               
00015438  gioToggleBit                             
00015490  gioEnableNotification                    
000154f8  gioDisableNotification                   
00015560  gioGetConfigValue                        
00015730  jtag_interface_init                      
0001576c  jtag_interface_reset                     
000157ac  idle_clock_cycles                        
00015840  move_to_state                            
00015920  shift_bits_in                            
00015ac0  idle_time                                
00015b10  tap_set_state_impl                       
00015b2c  tap_get_state                            
00015b38  tap_set_end_state                        
00015b54  tap_get_end_state                        
00015b60  tap_move_ndx                             
00015c00  tap_get_tms_path                         
00015c3c  tap_get_tms_path_len                     
00015c7c  tap_is_state_stable                      
00015ce4  tap_state_transition                     
00015ea0  initProgramming                          
0001612c  flashProgramming                         
000161c0  resetController                          
00016204  _coreInitRegisters_                      
00016310  _coreInitStackPointer_                   
0001635c  _getCPSRValue_                           
00016364  _gotoCPUIdle_                            
0001637c  _coreEnableVfp_                          
00016394  _coreEnableEventBusExport_               
000163a4  _coreDisableEventBusExport_              
000163b4  _coreEnableRamEcc_                       
000163c4  _coreDisableRamEcc_                      
000163d4  _coreEnableFlashEcc_                     
000163e8  _coreDisableFlashEcc_                    
000163f8  _coreEnableIrqVicOffset_                 
00016408  _coreGetDataFault_                       
00016410  _coreClearDataFault_                     
0001641c  _coreGetInstructionFault_                
00016424  _coreClearInstructionFault_              
00016430  _coreGetDataFaultAddress_                
00016438  _coreClearDataFaultAddress_              
00016444  _coreGetInstructionFaultAddress_         
0001644c  _coreClearInstructionFaultAddress_       
00016458  _coreGetAuxiliaryDataFault_              
00016460  _coreClearAuxiliaryDataFault_            
0001646c  _coreGetAuxiliaryInstructionFault_       
00016474  _coreClearAuxiliaryInstructionFault_     
00016480  _disable_interrupt_                      
00016488  _disable_FIQ_interrupt_                  
00016490  _disable_IRQ_interrupt_                  
00016498  _enable_interrupt_                       
000164a0  _esmCcmErrorsClear_                      
00016528  _errata_CORTEXR4_57_                     
00016538  _errata_CORTEXR4_66_                     
00016548  __TI_PINIT_Base                          
0001654c  __TI_PINIT_Limit                         
00016550  __aeabi_uldivmod                         
00016808  _c_int00                                 
00016aa0  vimParityErrorHandler                    
000171f0  vListInitialise                          
00017248  vListInitialiseItem                      
00017264  vListInsertEnd                           
000172d8  vListInsert                              
0001739c  uxListRemove                             
00017428  access_access_port_register              
00017500  access_debug_port_register               
00017948  commInit                                 
00017964  receivePacket                            
00017a94  sendMessage                              
00017ac8  icepick_IDcode                           
00017b04  icepick_icepickcode                      
00017b40  select_tap                               
00017d24  xTaskNotifyStateClear                    
00017da0  CalculateTable_CRC16                     
00017e64  Compute_CRC16                            
00017eed  fputs                                    
00018004  esmHighInterrupt                         
00018319  ldexp                                    
00018319  ldexpl                                   
00018319  scalbn                                   
00018319  scalbnl                                  
00018408  _dabort                                  
000184f1  floor                                    
000184f1  floorl                                   
000185d0  _pmuInit_                                
0001861c  _pmuEnableCountersGlobal_                
0001862c  _pmuDisableCountersGlobal_               
0001863c  _pmuResetCycleCounter_                   
0001864c  _pmuResetEventCounters_                  
0001865c  _pmuResetCounters_                       
0001866c  _pmuStartCounters_                       
00018674  _pmuStopCounters_                        
0001867c  _pmuSetCountEvent_                       
00018688  _pmuGetCycleCount_                       
00018690  _pmuGetEventCount_                       
0001869c  _pmuGetOverflow_                         
000186b1  setvbuf                                  
0001878d  free                                     
00018864  esmGroup1Notification                    
00018874  esmGroup2Notification                    
00018884  memoryPort0TestFailNotification          
000188a0  memoryPort1TestFailNotification          
000188bc  gioNotification                          
000188d0  sciNotification                          
000188e4  spiNotification                          
000188f8  spiEndNotification                       
00018908  dmaGroupANotification                    
000189cb  __aeabi_memcpy                           
000189cb  __aeabi_memcpy4                          
000189cb  __aeabi_memcpy8                          
000189cb  memcpy                                   
00018a67  __aeabi_idiv0                            
00018a67  __aeabi_ldiv0                            
00018a69  fputc                                    
00018a69  putc                                     
00018b73  __aeabi_memclr                           
00018b73  __aeabi_memclr4                          
00018b73  __aeabi_memclr8                          
00018b75  __aeabi_memset                           
00018b75  __aeabi_memset4                          
00018b75  __aeabi_memset8                          
00018b7b  memset                                   
00018bed  malloc                                   
00018c65  __TI_closefile                           
00018cd9  frexp                                    
00018cd9  frexpl                                   
00018d4d  __TI_decompress_lzss                     
00018db9  HOSTlseek                                
00018e21  HOSTrename                               
00018e89  printf                                   
00018ef1  __TI_wrt_ok                              
00018f55  fseek                                    
00018fb9  HOSTopen                                 
00019015  HOSTread                                 
00019071  HOSTwrite                                
000190c9  close                                    
00019175  ltoa                                     
00019219  atoi                                     
00019268  __aeabi_uidiv                            
00019268  __aeabi_uidivmod                         
000192b9  __TI_doflush                             
00019304  poll_debug_register                      
0001934d  HOSTclose                                
00019391  HOSTunlink                               
000193d5  __TI_auto_init_nobinit_nopinit           
00019419  exit                                     
0001945d  getdevice                                
000194e1  __TI_writemsg                            
00019513  C$$IO$$                                  
00019559  minit                                    
00019591  strncpy                                  
000195c9  __TI_cleanup                             
000195fd  __TI_readmsg                             
00019631  finddevice                               
00019665  remove                                   
00019665  unlink                                   
00019691  strncmp                                  
000196bd  lseek                                    
0001970d  write                                    
00019735  memchr                                   
00019755  __aeabi_llsl                             
00019773  __aeabi_llsr                             
00019791  memccpy                                  
000197ac  configure_debug_apb_system               
000197c5  copysign                                 
000197c5  copysignl                                
000197dd  strcmp                                   
000197f5  strchr                                   
0001980b  strlen                                   
00019821  strcpy                                   
00019835  wcslen                                   
00019847  __TI_decompress_none                     
00019855  __TI_zero_init                           
00019861  __aeabi_errno_addr                       
00019871  C$$EXIT                                  
00019871  abort                                    
00019874  phantomInterrupt                         
0001a440  _ctypes_                                 
08003620  pxCurrentTCB                             
08003d00  RecorderData                             
0800bb94  sd_data                                  
0800c199  packet                                   
0800c59e  jtag_data                                
0800c79e  sd_status                                
0800c79f  status                                   
0800c7a0  __CIOBUF_                                
0800c8c0  __TI_tmpnams                             
0800c960  sections                                 
0800cad0  parmbuf                                  
0800caec  bitbang_interface                        
0800caf0  chunk_size                               
0800caf4  external_flash_address                   
0800caf8  first_block_address                      
0800cafc  i                                        
0800cb00  init_hwtc_count                          
0800cb04  j                                        
0800cb08  jtag_status                              
0800cb0c  sd_read_data                             
0800cb10  sd_size                                  
0800cb14  sections_number                          
0800cb18  start_address                            
0800cb1c  xErase                                   
0800cb20  xGeneral                                 
0800cb24  xLoad                                    
0800cb28  xProgram                                 
0800eb30  _sys_memory                              
0800f330  _ftable                                  
0800f420  objectHandleStacks                       
0800f4b0  _device                                  
0800f528  _stream                                  
0800f578  isPendingContextSwitch                   
0800f580  uiTraceTickCount                         
0800f584  trace_disable_timestamp                  
0800f58c  recorder_busy                            
0800f590  timestampFrequency                       
0800f594  traceErrorMessage                        
0800f598  nISRactive                               
0800f599  handle_of_last_logged_task               
0800f59c  vTraceStopHookPtr                        
0800f5a0  CurrentFilterMask                        
0800f5a2  CurrentFilterGroup                       
0800f5a4  RecorderDataPtr                          
0800f5e0  __TI_ft_end                              
0800f5e4  __aeabi_stdin                            
0800f5e8  __aeabi_stdout                           
0800f5ec  __aeabi_stderr                           
0800f5f0  __TI_cleanup_ptr                         
0800f5f4  __TI_dtors_ptr                           
0800f5f8  __TI_enable_exit_profile_output          
0800f610  jtag_interface                           
0800f620  tms570gpio_interface                     
0800f62c  _lock                                    
0800f630  _unlock                                  
0800f634  ulCriticalNesting                        
0800f638  ulTaskHasFPUContext                      
0800f640  errno                                    
ffffffff  __TI_pprof_out_hndl                      
ffffffff  __TI_prof_data_size                      
ffffffff  __TI_prof_data_start                     
ffffffff  __binit__                                
ffffffff  __c_args__                               
ffffffff  binit                                    
UNDEFED   SHT$$INIT_ARRAY$$Base                    
UNDEFED   SHT$$INIT_ARRAY$$Limit                   
UNDEFED   _system_post_cinit                       

[591 symbols]
