<?xml version="1.0" encoding="ISO-8859-1" ?>
<link_info>
   <banner>TI ARM Linker PC v18.1.4.LTS</banner>
   <copyright>Copyright (c) 1996-2018 Texas Instruments Incorporated</copyright>
   <link_time>0x5c095666</link_time>
   <link_errors>0x0</link_errors>
   <output_file>OBC_Programming_System.out</output_file>
   <entry_point>
      <name>_c_int00</name>
      <address>0x16808</address>
   </entry_point>
   <input_file_list>
      <input_file id="fl-2">
         <path>.\my_include\External_Communication\CRC\</path>
         <kind>object</kind>
         <file>crc16.obj</file>
         <name>crc16.obj</name>
      </input_file>
      <input_file id="fl-3">
         <path>.\my_include\External_Communication\</path>
         <kind>object</kind>
         <file>communication.obj</file>
         <name>communication.obj</name>
      </input_file>
      <input_file id="fl-4">
         <path>.\my_include\External_Storage\</path>
         <kind>object</kind>
         <file>sd.obj</file>
         <name>sd.obj</name>
      </input_file>
      <input_file id="fl-5">
         <path>.\my_include\JTAG_Programmer\jtag_interface\drivers\</path>
         <kind>object</kind>
         <file>tms570_jtag_driver.obj</file>
         <name>tms570_jtag_driver.obj</name>
      </input_file>
      <input_file id="fl-6">
         <path>.\my_include\JTAG_Programmer\jtag_interface\</path>
         <kind>object</kind>
         <file>interface.obj</file>
         <name>interface.obj</name>
      </input_file>
      <input_file id="fl-7">
         <path>.\my_include\JTAG_Programmer\jtag_interface\</path>
         <kind>object</kind>
         <file>jtag.obj</file>
         <name>jtag.obj</name>
      </input_file>
      <input_file id="fl-8">
         <path>.\my_include\JTAG_Programmer\</path>
         <kind>object</kind>
         <file>programmer_operations.obj</file>
         <name>programmer_operations.obj</name>
      </input_file>
      <input_file id="fl-9">
         <path>.\my_include\JTAG_Programmer\test_access_port\</path>
         <kind>object</kind>
         <file>debug_port.obj</file>
         <name>debug_port.obj</name>
      </input_file>
      <input_file id="fl-a">
         <path>.\my_include\JTAG_Programmer\test_access_port\</path>
         <kind>object</kind>
         <file>debugger.obj</file>
         <name>debugger.obj</name>
      </input_file>
      <input_file id="fl-b">
         <path>.\my_include\JTAG_Programmer\test_access_port\</path>
         <kind>object</kind>
         <file>icepick.obj</file>
         <name>icepick.obj</name>
      </input_file>
      <input_file id="fl-c">
         <path>.\source\</path>
         <kind>object</kind>
         <file>dabort.obj</file>
         <name>dabort.obj</name>
      </input_file>
      <input_file id="fl-d">
         <path>.\source\</path>
         <kind>object</kind>
         <file>esm.obj</file>
         <name>esm.obj</name>
      </input_file>
      <input_file id="fl-e">
         <path>.\source\</path>
         <kind>object</kind>
         <file>gio.obj</file>
         <name>gio.obj</name>
      </input_file>
      <input_file id="fl-f">
         <path>.\source\</path>
         <kind>object</kind>
         <file>notification.obj</file>
         <name>notification.obj</name>
      </input_file>
      <input_file id="fl-10">
         <path>.\source\</path>
         <kind>object</kind>
         <file>os_croutine.obj</file>
         <name>os_croutine.obj</name>
      </input_file>
      <input_file id="fl-11">
         <path>.\source\</path>
         <kind>object</kind>
         <file>os_event_groups.obj</file>
         <name>os_event_groups.obj</name>
      </input_file>
      <input_file id="fl-12">
         <path>.\source\</path>
         <kind>object</kind>
         <file>os_heap.obj</file>
         <name>os_heap.obj</name>
      </input_file>
      <input_file id="fl-13">
         <path>.\source\</path>
         <kind>object</kind>
         <file>os_list.obj</file>
         <name>os_list.obj</name>
      </input_file>
      <input_file id="fl-14">
         <path>.\source\</path>
         <kind>object</kind>
         <file>os_mpu_wrappers.obj</file>
         <name>os_mpu_wrappers.obj</name>
      </input_file>
      <input_file id="fl-15">
         <path>.\source\</path>
         <kind>object</kind>
         <file>os_port.obj</file>
         <name>os_port.obj</name>
      </input_file>
      <input_file id="fl-16">
         <path>.\source\</path>
         <kind>object</kind>
         <file>os_portasm.obj</file>
         <name>os_portasm.obj</name>
      </input_file>
      <input_file id="fl-17">
         <path>.\source\</path>
         <kind>object</kind>
         <file>os_queue.obj</file>
         <name>os_queue.obj</name>
      </input_file>
      <input_file id="fl-18">
         <path>.\source\</path>
         <kind>object</kind>
         <file>os_tasks.obj</file>
         <name>os_tasks.obj</name>
      </input_file>
      <input_file id="fl-19">
         <path>.\source\</path>
         <kind>object</kind>
         <file>os_timer.obj</file>
         <name>os_timer.obj</name>
      </input_file>
      <input_file id="fl-1a">
         <path>.\source\</path>
         <kind>object</kind>
         <file>pinmux.obj</file>
         <name>pinmux.obj</name>
      </input_file>
      <input_file id="fl-1b">
         <path>.\source\</path>
         <kind>object</kind>
         <file>sci.obj</file>
         <name>sci.obj</name>
      </input_file>
      <input_file id="fl-1c">
         <path>.\source\</path>
         <kind>object</kind>
         <file>spi.obj</file>
         <name>spi.obj</name>
      </input_file>
      <input_file id="fl-1d">
         <path>.\source\</path>
         <kind>object</kind>
         <file>sys_core.obj</file>
         <name>sys_core.obj</name>
      </input_file>
      <input_file id="fl-1e">
         <path>.\source\</path>
         <kind>object</kind>
         <file>sys_dma.obj</file>
         <name>sys_dma.obj</name>
      </input_file>
      <input_file id="fl-1f">
         <path>.\source\</path>
         <kind>object</kind>
         <file>sys_intvecs.obj</file>
         <name>sys_intvecs.obj</name>
      </input_file>
      <input_file id="fl-20">
         <path>.\source\</path>
         <kind>object</kind>
         <file>sys_main.obj</file>
         <name>sys_main.obj</name>
      </input_file>
      <input_file id="fl-21">
         <path>.\source\</path>
         <kind>object</kind>
         <file>sys_mpu.obj</file>
         <name>sys_mpu.obj</name>
      </input_file>
      <input_file id="fl-22">
         <path>.\source\</path>
         <kind>object</kind>
         <file>sys_pcr.obj</file>
         <name>sys_pcr.obj</name>
      </input_file>
      <input_file id="fl-23">
         <path>.\source\</path>
         <kind>object</kind>
         <file>sys_phantom.obj</file>
         <name>sys_phantom.obj</name>
      </input_file>
      <input_file id="fl-24">
         <path>.\source\</path>
         <kind>object</kind>
         <file>sys_pmm.obj</file>
         <name>sys_pmm.obj</name>
      </input_file>
      <input_file id="fl-25">
         <path>.\source\</path>
         <kind>object</kind>
         <file>sys_pmu.obj</file>
         <name>sys_pmu.obj</name>
      </input_file>
      <input_file id="fl-26">
         <path>.\source\</path>
         <kind>object</kind>
         <file>sys_selftest.obj</file>
         <name>sys_selftest.obj</name>
      </input_file>
      <input_file id="fl-27">
         <path>.\source\</path>
         <kind>object</kind>
         <file>sys_startup.obj</file>
         <name>sys_startup.obj</name>
      </input_file>
      <input_file id="fl-28">
         <path>.\source\</path>
         <kind>object</kind>
         <file>sys_vim.obj</file>
         <name>sys_vim.obj</name>
      </input_file>
      <input_file id="fl-29">
         <path>.\source\</path>
         <kind>object</kind>
         <file>system.obj</file>
         <name>system.obj</name>
      </input_file>
      <input_file id="fl-2a">
         <path>.\source\</path>
         <kind>object</kind>
         <file>trcKernelPort.obj</file>
         <name>trcKernelPort.obj</name>
      </input_file>
      <input_file id="fl-2b">
         <path>.\source\</path>
         <kind>object</kind>
         <file>trcSnapshotRecorder.obj</file>
         <name>trcSnapshotRecorder.obj</name>
      </input_file>
      <input_file id="fl-2c">
         <path>.\source\</path>
         <kind>object</kind>
         <file>trcStreamingRecorder.obj</file>
         <name>trcStreamingRecorder.obj</name>
      </input_file>
      <input_file id="fl-30">
         <kind>object</kind>
         <file>&lt;internal&gt;</file>
         <name>&lt;internal&gt;</name>
      </input_file>
      <input_file id="fl-31">
         <path>C:\ti\ccsv8\tools\compiler\ti-cgt-arm_18.1.4.LTS\lib\</path>
         <kind>archive</kind>
         <file>rtsv7R4_T_be_v3D16_eabi.lib</file>
         <name>s_floor.c.obj</name>
      </input_file>
      <input_file id="fl-32">
         <path>C:\ti\ccsv8\tools\compiler\ti-cgt-arm_18.1.4.LTS\lib\</path>
         <kind>archive</kind>
         <file>rtsv7R4_T_be_v3D16_eabi.lib</file>
         <name>u_div32.asm.obj</name>
      </input_file>
      <input_file id="fl-33">
         <path>C:\ti\ccsv8\tools\compiler\ti-cgt-arm_18.1.4.LTS\lib\</path>
         <kind>archive</kind>
         <file>rtsv7R4_T_be_v3D16_eabi.lib</file>
         <name>ll_lsl_t2.asm.obj</name>
      </input_file>
      <input_file id="fl-34">
         <path>C:\ti\ccsv8\tools\compiler\ti-cgt-arm_18.1.4.LTS\lib\</path>
         <kind>archive</kind>
         <file>rtsv7R4_T_be_v3D16_eabi.lib</file>
         <name>ll_lsr_t2.asm.obj</name>
      </input_file>
      <input_file id="fl-35">
         <path>C:\ti\ccsv8\tools\compiler\ti-cgt-arm_18.1.4.LTS\lib\</path>
         <kind>archive</kind>
         <file>rtsv7R4_T_be_v3D16_eabi.lib</file>
         <name>memcpy_t2.asm.obj</name>
      </input_file>
      <input_file id="fl-36">
         <path>C:\ti\ccsv8\tools\compiler\ti-cgt-arm_18.1.4.LTS\lib\</path>
         <kind>archive</kind>
         <file>rtsv7R4_T_be_v3D16_eabi.lib</file>
         <name>memset_t2.asm.obj</name>
      </input_file>
      <input_file id="fl-37">
         <path>C:\ti\ccsv8\tools\compiler\ti-cgt-arm_18.1.4.LTS\lib\</path>
         <kind>archive</kind>
         <file>rtsv7R4_T_be_v3D16_eabi.lib</file>
         <name>autoinit.c.obj</name>
      </input_file>
      <input_file id="fl-38">
         <path>C:\ti\ccsv8\tools\compiler\ti-cgt-arm_18.1.4.LTS\lib\</path>
         <kind>archive</kind>
         <file>rtsv7R4_T_be_v3D16_eabi.lib</file>
         <name>cpy_tbl.c.obj</name>
      </input_file>
      <input_file id="fl-39">
         <path>C:\ti\ccsv8\tools\compiler\ti-cgt-arm_18.1.4.LTS\lib\</path>
         <kind>archive</kind>
         <file>rtsv7R4_T_be_v3D16_eabi.lib</file>
         <name>copy_zero_init.c.obj</name>
      </input_file>
      <input_file id="fl-3a">
         <path>C:\ti\ccsv8\tools\compiler\ti-cgt-arm_18.1.4.LTS\lib\</path>
         <kind>archive</kind>
         <file>rtsv7R4_T_be_v3D16_eabi.lib</file>
         <name>copy_decompress_none.c.obj</name>
      </input_file>
      <input_file id="fl-3b">
         <path>C:\ti\ccsv8\tools\compiler\ti-cgt-arm_18.1.4.LTS\lib\</path>
         <kind>archive</kind>
         <file>rtsv7R4_T_be_v3D16_eabi.lib</file>
         <name>copy_decompress_lzss.c.obj</name>
      </input_file>
      <input_file id="fl-3c">
         <path>C:\ti\ccsv8\tools\compiler\ti-cgt-arm_18.1.4.LTS\lib\</path>
         <kind>archive</kind>
         <file>rtsv7R4_T_be_v3D16_eabi.lib</file>
         <name>exit.c.obj</name>
      </input_file>
      <input_file id="fl-3d">
         <path>C:\ti\ccsv8\tools\compiler\ti-cgt-arm_18.1.4.LTS\lib\</path>
         <kind>archive</kind>
         <file>rtsv7R4_T_be_v3D16_eabi.lib</file>
         <name>_lock.c.obj</name>
      </input_file>
      <input_file id="fl-3e">
         <path>C:\ti\ccsv8\tools\compiler\ti-cgt-arm_18.1.4.LTS\lib\</path>
         <kind>archive</kind>
         <file>rtsv7R4_T_be_v3D16_eabi.lib</file>
         <name>printf.c.obj</name>
      </input_file>
      <input_file id="fl-3f">
         <path>C:\ti\ccsv8\tools\compiler\ti-cgt-arm_18.1.4.LTS\lib\</path>
         <kind>archive</kind>
         <file>rtsv7R4_T_be_v3D16_eabi.lib</file>
         <name>strlen.c.obj</name>
      </input_file>
      <input_file id="fl-40">
         <path>C:\ti\ccsv8\tools\compiler\ti-cgt-arm_18.1.4.LTS\lib\</path>
         <kind>archive</kind>
         <file>rtsv7R4_T_be_v3D16_eabi.lib</file>
         <name>strncmp.c.obj</name>
      </input_file>
      <input_file id="fl-41">
         <path>C:\ti\ccsv8\tools\compiler\ti-cgt-arm_18.1.4.LTS\lib\</path>
         <kind>archive</kind>
         <file>rtsv7R4_T_be_v3D16_eabi.lib</file>
         <name>div0.asm.obj</name>
      </input_file>
      <input_file id="fl-42">
         <path>C:\ti\ccsv8\tools\compiler\ti-cgt-arm_18.1.4.LTS\lib\</path>
         <kind>archive</kind>
         <file>rtsv7R4_T_be_v3D16_eabi.lib</file>
         <name>_printfi.c.obj</name>
      </input_file>
      <input_file id="fl-43">
         <path>C:\ti\ccsv8\tools\compiler\ti-cgt-arm_18.1.4.LTS\lib\</path>
         <kind>archive</kind>
         <file>rtsv7R4_T_be_v3D16_eabi.lib</file>
         <name>atoi.c.obj</name>
      </input_file>
      <input_file id="fl-44">
         <path>C:\ti\ccsv8\tools\compiler\ti-cgt-arm_18.1.4.LTS\lib\</path>
         <kind>archive</kind>
         <file>rtsv7R4_T_be_v3D16_eabi.lib</file>
         <name>ctype.c.obj</name>
      </input_file>
      <input_file id="fl-45">
         <path>C:\ti\ccsv8\tools\compiler\ti-cgt-arm_18.1.4.LTS\lib\</path>
         <kind>archive</kind>
         <file>rtsv7R4_T_be_v3D16_eabi.lib</file>
         <name>defs.c.obj</name>
      </input_file>
      <input_file id="fl-46">
         <path>C:\ti\ccsv8\tools\compiler\ti-cgt-arm_18.1.4.LTS\lib\</path>
         <kind>archive</kind>
         <file>rtsv7R4_T_be_v3D16_eabi.lib</file>
         <name>fputc.c.obj</name>
      </input_file>
      <input_file id="fl-47">
         <path>C:\ti\ccsv8\tools\compiler\ti-cgt-arm_18.1.4.LTS\lib\</path>
         <kind>archive</kind>
         <file>rtsv7R4_T_be_v3D16_eabi.lib</file>
         <name>fputs.c.obj</name>
      </input_file>
      <input_file id="fl-48">
         <path>C:\ti\ccsv8\tools\compiler\ti-cgt-arm_18.1.4.LTS\lib\</path>
         <kind>archive</kind>
         <file>rtsv7R4_T_be_v3D16_eabi.lib</file>
         <name>ltoa.c.obj</name>
      </input_file>
      <input_file id="fl-49">
         <path>C:\ti\ccsv8\tools\compiler\ti-cgt-arm_18.1.4.LTS\lib\</path>
         <kind>archive</kind>
         <file>rtsv7R4_T_be_v3D16_eabi.lib</file>
         <name>memccpy.c.obj</name>
      </input_file>
      <input_file id="fl-4a">
         <path>C:\ti\ccsv8\tools\compiler\ti-cgt-arm_18.1.4.LTS\lib\</path>
         <kind>archive</kind>
         <file>rtsv7R4_T_be_v3D16_eabi.lib</file>
         <name>memchr.c.obj</name>
      </input_file>
      <input_file id="fl-4b">
         <path>C:\ti\ccsv8\tools\compiler\ti-cgt-arm_18.1.4.LTS\lib\</path>
         <kind>archive</kind>
         <file>rtsv7R4_T_be_v3D16_eabi.lib</file>
         <name>strchr.c.obj</name>
      </input_file>
      <input_file id="fl-4c">
         <path>C:\ti\ccsv8\tools\compiler\ti-cgt-arm_18.1.4.LTS\lib\</path>
         <kind>archive</kind>
         <file>rtsv7R4_T_be_v3D16_eabi.lib</file>
         <name>write.c.obj</name>
      </input_file>
      <input_file id="fl-4d">
         <path>C:\ti\ccsv8\tools\compiler\ti-cgt-arm_18.1.4.LTS\lib\</path>
         <kind>archive</kind>
         <file>rtsv7R4_T_be_v3D16_eabi.lib</file>
         <name>wcslen.c.obj</name>
      </input_file>
      <input_file id="fl-4e">
         <path>C:\ti\ccsv8\tools\compiler\ti-cgt-arm_18.1.4.LTS\lib\</path>
         <kind>archive</kind>
         <file>rtsv7R4_T_be_v3D16_eabi.lib</file>
         <name>s_frexp.c.obj</name>
      </input_file>
      <input_file id="fl-4f">
         <path>C:\ti\ccsv8\tools\compiler\ti-cgt-arm_18.1.4.LTS\lib\</path>
         <kind>archive</kind>
         <file>rtsv7R4_T_be_v3D16_eabi.lib</file>
         <name>s_scalbn.c.obj</name>
      </input_file>
      <input_file id="fl-50">
         <path>C:\ti\ccsv8\tools\compiler\ti-cgt-arm_18.1.4.LTS\lib\</path>
         <kind>archive</kind>
         <file>rtsv7R4_T_be_v3D16_eabi.lib</file>
         <name>ull_div32.asm.obj</name>
      </input_file>
      <input_file id="fl-51">
         <path>C:\ti\ccsv8\tools\compiler\ti-cgt-arm_18.1.4.LTS\lib\</path>
         <kind>archive</kind>
         <file>rtsv7R4_T_be_v3D16_eabi.lib</file>
         <name>errno.c.obj</name>
      </input_file>
      <input_file id="fl-52">
         <path>C:\ti\ccsv8\tools\compiler\ti-cgt-arm_18.1.4.LTS\lib\</path>
         <kind>archive</kind>
         <file>rtsv7R4_T_be_v3D16_eabi.lib</file>
         <name>_io_perm.c.obj</name>
      </input_file>
      <input_file id="fl-53">
         <path>C:\ti\ccsv8\tools\compiler\ti-cgt-arm_18.1.4.LTS\lib\</path>
         <kind>archive</kind>
         <file>rtsv7R4_T_be_v3D16_eabi.lib</file>
         <name>fflush.c.obj</name>
      </input_file>
      <input_file id="fl-54">
         <path>C:\ti\ccsv8\tools\compiler\ti-cgt-arm_18.1.4.LTS\lib\</path>
         <kind>archive</kind>
         <file>rtsv7R4_T_be_v3D16_eabi.lib</file>
         <name>fseek.c.obj</name>
      </input_file>
      <input_file id="fl-55">
         <path>C:\ti\ccsv8\tools\compiler\ti-cgt-arm_18.1.4.LTS\lib\</path>
         <kind>archive</kind>
         <file>rtsv7R4_T_be_v3D16_eabi.lib</file>
         <name>lseek.c.obj</name>
      </input_file>
      <input_file id="fl-56">
         <path>C:\ti\ccsv8\tools\compiler\ti-cgt-arm_18.1.4.LTS\lib\</path>
         <kind>archive</kind>
         <file>rtsv7R4_T_be_v3D16_eabi.lib</file>
         <name>setvbuf.c.obj</name>
      </input_file>
      <input_file id="fl-57">
         <path>C:\ti\ccsv8\tools\compiler\ti-cgt-arm_18.1.4.LTS\lib\</path>
         <kind>archive</kind>
         <file>rtsv7R4_T_be_v3D16_eabi.lib</file>
         <name>hostclose.c.obj</name>
      </input_file>
      <input_file id="fl-58">
         <path>C:\ti\ccsv8\tools\compiler\ti-cgt-arm_18.1.4.LTS\lib\</path>
         <kind>archive</kind>
         <file>rtsv7R4_T_be_v3D16_eabi.lib</file>
         <name>hostlseek.c.obj</name>
      </input_file>
      <input_file id="fl-59">
         <path>C:\ti\ccsv8\tools\compiler\ti-cgt-arm_18.1.4.LTS\lib\</path>
         <kind>archive</kind>
         <file>rtsv7R4_T_be_v3D16_eabi.lib</file>
         <name>hostopen.c.obj</name>
      </input_file>
      <input_file id="fl-5a">
         <path>C:\ti\ccsv8\tools\compiler\ti-cgt-arm_18.1.4.LTS\lib\</path>
         <kind>archive</kind>
         <file>rtsv7R4_T_be_v3D16_eabi.lib</file>
         <name>hostread.c.obj</name>
      </input_file>
      <input_file id="fl-5b">
         <path>C:\ti\ccsv8\tools\compiler\ti-cgt-arm_18.1.4.LTS\lib\</path>
         <kind>archive</kind>
         <file>rtsv7R4_T_be_v3D16_eabi.lib</file>
         <name>hostrename.c.obj</name>
      </input_file>
      <input_file id="fl-5c">
         <path>C:\ti\ccsv8\tools\compiler\ti-cgt-arm_18.1.4.LTS\lib\</path>
         <kind>archive</kind>
         <file>rtsv7R4_T_be_v3D16_eabi.lib</file>
         <name>hostunlink.c.obj</name>
      </input_file>
      <input_file id="fl-5d">
         <path>C:\ti\ccsv8\tools\compiler\ti-cgt-arm_18.1.4.LTS\lib\</path>
         <kind>archive</kind>
         <file>rtsv7R4_T_be_v3D16_eabi.lib</file>
         <name>hostwrite.c.obj</name>
      </input_file>
      <input_file id="fl-5e">
         <path>C:\ti\ccsv8\tools\compiler\ti-cgt-arm_18.1.4.LTS\lib\</path>
         <kind>archive</kind>
         <file>rtsv7R4_T_be_v3D16_eabi.lib</file>
         <name>trgmsg.c.obj</name>
      </input_file>
      <input_file id="fl-5f">
         <path>C:\ti\ccsv8\tools\compiler\ti-cgt-arm_18.1.4.LTS\lib\</path>
         <kind>archive</kind>
         <file>rtsv7R4_T_be_v3D16_eabi.lib</file>
         <name>s_copysign.c.obj</name>
      </input_file>
      <input_file id="fl-60">
         <path>C:\ti\ccsv8\tools\compiler\ti-cgt-arm_18.1.4.LTS\lib\</path>
         <kind>archive</kind>
         <file>rtsv7R4_T_be_v3D16_eabi.lib</file>
         <name>memory.c.obj</name>
      </input_file>
      <input_file id="fl-61">
         <path>C:\ti\ccsv8\tools\compiler\ti-cgt-arm_18.1.4.LTS\lib\</path>
         <kind>archive</kind>
         <file>rtsv7R4_T_be_v3D16_eabi.lib</file>
         <name>fopen.c.obj</name>
      </input_file>
      <input_file id="fl-62">
         <path>C:\ti\ccsv8\tools\compiler\ti-cgt-arm_18.1.4.LTS\lib\</path>
         <kind>archive</kind>
         <file>rtsv7R4_T_be_v3D16_eabi.lib</file>
         <name>open.c.obj</name>
      </input_file>
      <input_file id="fl-63">
         <path>C:\ti\ccsv8\tools\compiler\ti-cgt-arm_18.1.4.LTS\lib\</path>
         <kind>archive</kind>
         <file>rtsv7R4_T_be_v3D16_eabi.lib</file>
         <name>strcpy.c.obj</name>
      </input_file>
      <input_file id="fl-64">
         <path>C:\ti\ccsv8\tools\compiler\ti-cgt-arm_18.1.4.LTS\lib\</path>
         <kind>archive</kind>
         <file>rtsv7R4_T_be_v3D16_eabi.lib</file>
         <name>fclose.c.obj</name>
      </input_file>
      <input_file id="fl-65">
         <path>C:\ti\ccsv8\tools\compiler\ti-cgt-arm_18.1.4.LTS\lib\</path>
         <kind>archive</kind>
         <file>rtsv7R4_T_be_v3D16_eabi.lib</file>
         <name>getdevice.c.obj</name>
      </input_file>
      <input_file id="fl-66">
         <path>C:\ti\ccsv8\tools\compiler\ti-cgt-arm_18.1.4.LTS\lib\</path>
         <kind>archive</kind>
         <file>rtsv7R4_T_be_v3D16_eabi.lib</file>
         <name>remove.c.obj</name>
      </input_file>
      <input_file id="fl-67">
         <path>C:\ti\ccsv8\tools\compiler\ti-cgt-arm_18.1.4.LTS\lib\</path>
         <kind>archive</kind>
         <file>rtsv7R4_T_be_v3D16_eabi.lib</file>
         <name>strcmp.c.obj</name>
      </input_file>
      <input_file id="fl-68">
         <path>C:\ti\ccsv8\tools\compiler\ti-cgt-arm_18.1.4.LTS\lib\</path>
         <kind>archive</kind>
         <file>rtsv7R4_T_be_v3D16_eabi.lib</file>
         <name>strncpy.c.obj</name>
      </input_file>
      <input_file id="fl-69">
         <path>C:\ti\ccsv8\tools\compiler\ti-cgt-arm_18.1.4.LTS\lib\</path>
         <kind>archive</kind>
         <file>rtsv7R4_T_be_v3D16_eabi.lib</file>
         <name>unlink.c.obj</name>
      </input_file>
      <input_file id="fl-6a">
         <path>C:\ti\ccsv8\tools\compiler\ti-cgt-arm_18.1.4.LTS\lib\</path>
         <kind>archive</kind>
         <file>rtsv7R4_T_be_v3D16_eabi.lib</file>
         <name>close.c.obj</name>
      </input_file>
   </input_file_list>
   <object_component_list>
      <object_component id="oc-2e">
         <name>.intvecs</name>
         <load_address>0x0</load_address>
         <run_address>0x0</run_address>
         <size>0x20</size>
         <input_file_ref idref="fl-1f"/>
      </object_component>
      <object_component id="oc-13c">
         <name>.kernelTEXT</name>
         <load_address>0x20</load_address>
         <run_address>0x20</run_address>
         <size>0x33dc</size>
         <input_file_ref idref="fl-18"/>
      </object_component>
      <object_component id="oc-236">
         <name>.kernelTEXT</name>
         <load_address>0x33fc</load_address>
         <run_address>0x33fc</run_address>
         <size>0x1238</size>
         <input_file_ref idref="fl-17"/>
      </object_component>
      <object_component id="oc-23c">
         <name>.kernelTEXT</name>
         <load_address>0x4634</load_address>
         <run_address>0x4634</run_address>
         <size>0x85c</size>
         <input_file_ref idref="fl-11"/>
      </object_component>
      <object_component id="oc-97">
         <name>.kernelTEXT</name>
         <load_address>0x4e90</load_address>
         <run_address>0x4e90</run_address>
         <size>0x4b0</size>
         <input_file_ref idref="fl-16"/>
      </object_component>
      <object_component id="oc-2df">
         <name>.kernelTEXT</name>
         <load_address>0x5340</load_address>
         <run_address>0x5340</run_address>
         <size>0x3e0</size>
         <input_file_ref idref="fl-15"/>
      </object_component>
      <object_component id="oc-2d3">
         <name>.kernelTEXT</name>
         <load_address>0x5720</load_address>
         <run_address>0x5720</run_address>
         <size>0x380</size>
         <input_file_ref idref="fl-12"/>
      </object_component>
      <object_component id="oc-740">
         <name>.cinit..data.load</name>
         <load_address>0x5aa0</load_address>
         <run_address>0x5aa0</run_address>
         <size>0xb6</size>
      </object_component>
      <object_component id="oc-73b">
         <name>__TI_handler_table</name>
         <load_address>0x5b58</load_address>
         <run_address>0x5b58</run_address>
         <size>0xc</size>
      </object_component>
      <object_component id="oc-73d">
         <name>.cinit..kernelBSS.load</name>
         <load_address>0x5b64</load_address>
         <run_address>0x5b64</run_address>
         <size>0x9</size>
      </object_component>
      <object_component id="oc-73f">
         <name>.cinit..bss.load</name>
         <load_address>0x5b70</load_address>
         <run_address>0x5b70</run_address>
         <size>0x8</size>
      </object_component>
      <object_component id="oc-73e">
         <name>.cinit..kernelHEAP.load</name>
         <load_address>0x5b78</load_address>
         <run_address>0x5b78</run_address>
         <size>0x8</size>
      </object_component>
      <object_component id="oc-73c">
         <name>__TI_cinit_table</name>
         <load_address>0x5b80</load_address>
         <run_address>0x5b80</run_address>
         <size>0x20</size>
      </object_component>
      <object_component id="oc-136">
         <name>.text</name>
         <load_address>0x8020</load_address>
         <run_address>0x8020</run_address>
         <size>0x2e84</size>
         <input_file_ref idref="fl-2b"/>
      </object_component>
      <object_component id="oc-76">
         <name>.text</name>
         <load_address>0xaea4</load_address>
         <run_address>0xaea4</run_address>
         <size>0x2cdc</size>
         <input_file_ref idref="fl-26"/>
      </object_component>
      <object_component id="oc-118">
         <name>.text</name>
         <load_address>0xdb80</load_address>
         <run_address>0xdb80</run_address>
         <size>0xcfc</size>
         <input_file_ref idref="fl-4"/>
      </object_component>
      <object_component id="oc-217">
         <name>.text</name>
         <load_address>0xe87c</load_address>
         <run_address>0xe87c</run_address>
         <size>0xbd8</size>
         <input_file_ref idref="fl-1c"/>
      </object_component>
      <object_component id="oc-5c7">
         <name>.text</name>
         <load_address>0xf454</load_address>
         <run_address>0xf454</run_address>
         <size>0xb4c</size>
         <input_file_ref idref="fl-5"/>
      </object_component>
      <object_component id="oc-70">
         <name>.text</name>
         <load_address>0xffa0</load_address>
         <run_address>0xffa0</run_address>
         <size>0xb28</size>
         <input_file_ref idref="fl-29"/>
      </object_component>
      <object_component id="oc-11e">
         <name>.text</name>
         <load_address>0x10ac8</load_address>
         <run_address>0x10ac8</run_address>
         <size>0xa64</size>
         <input_file_ref idref="fl-14"/>
      </object_component>
      <object_component id="oc-28f">
         <name>.text:__TI_printfi</name>
         <load_address>0x1152c</load_address>
         <run_address>0x1152c</run_address>
         <size>0xa32</size>
         <input_file_ref idref="fl-42"/>
      </object_component>
      <object_component id="oc-3e4">
         <name>.text:_nop</name>
         <load_address>0x11f5e</load_address>
         <run_address>0x11f5e</run_address>
         <size>0x2</size>
         <input_file_ref idref="fl-3d"/>
      </object_component>
      <object_component id="oc-2ae">
         <name>.text</name>
         <load_address>0x11f60</load_address>
         <run_address>0x11f60</run_address>
         <size>0x908</size>
         <input_file_ref idref="fl-2a"/>
      </object_component>
      <object_component id="oc-3a">
         <name>.text</name>
         <load_address>0x12868</load_address>
         <run_address>0x12868</run_address>
         <size>0x89c</size>
         <input_file_ref idref="fl-28"/>
      </object_component>
      <object_component id="oc-279">
         <name>.text</name>
         <load_address>0x13104</load_address>
         <run_address>0x13104</run_address>
         <size>0x7a8</size>
         <input_file_ref idref="fl-1b"/>
      </object_component>
      <object_component id="oc-83">
         <name>.text</name>
         <load_address>0x138ac</load_address>
         <run_address>0x138ac</run_address>
         <size>0x798</size>
         <input_file_ref idref="fl-20"/>
      </object_component>
      <object_component id="oc-25d">
         <name>.text</name>
         <load_address>0x14044</load_address>
         <run_address>0x14044</run_address>
         <size>0x660</size>
         <input_file_ref idref="fl-a"/>
      </object_component>
      <object_component id="oc-d2">
         <name>.text</name>
         <load_address>0x146a4</load_address>
         <run_address>0x146a4</run_address>
         <size>0x638</size>
         <input_file_ref idref="fl-1a"/>
      </object_component>
      <object_component id="oc-7c">
         <name>.text</name>
         <load_address>0x14cdc</load_address>
         <run_address>0x14cdc</run_address>
         <size>0x5bc</size>
         <input_file_ref idref="fl-d"/>
      </object_component>
      <object_component id="oc-617">
         <name>.text</name>
         <load_address>0x15298</load_address>
         <run_address>0x15298</run_address>
         <size>0x484</size>
         <input_file_ref idref="fl-e"/>
      </object_component>
      <object_component id="oc-365">
         <name>.text</name>
         <load_address>0x1571c</load_address>
         <run_address>0x1571c</run_address>
         <size>0x3f4</size>
         <input_file_ref idref="fl-7"/>
      </object_component>
      <object_component id="oc-47b">
         <name>.text</name>
         <load_address>0x15b10</load_address>
         <run_address>0x15b10</run_address>
         <size>0x390</size>
         <input_file_ref idref="fl-6"/>
      </object_component>
      <object_component id="oc-124">
         <name>.text</name>
         <load_address>0x15ea0</load_address>
         <run_address>0x15ea0</run_address>
         <size>0x364</size>
         <input_file_ref idref="fl-8"/>
      </object_component>
      <object_component id="oc-6b">
         <name>.text</name>
         <load_address>0x16204</load_address>
         <run_address>0x16204</run_address>
         <size>0x34c</size>
         <input_file_ref idref="fl-1d"/>
      </object_component>
      <object_component id="oc-4c2">
         <name>.text</name>
         <load_address>0x16550</load_address>
         <run_address>0x16550</run_address>
         <size>0x2b8</size>
         <input_file_ref idref="fl-50"/>
      </object_component>
      <object_component id="oc-1f">
         <name>.text:retain</name>
         <load_address>0x16808</load_address>
         <run_address>0x16808</run_address>
         <size>0x298</size>
         <input_file_ref idref="fl-27"/>
      </object_component>
      <object_component id="oc-39">
         <name>.text:retain</name>
         <load_address>0x16aa0</load_address>
         <run_address>0x16aa0</run_address>
         <size>0x290</size>
         <input_file_ref idref="fl-28"/>
      </object_component>
      <object_component id="oc-41e">
         <name>.text</name>
         <load_address>0x16d30</load_address>
         <run_address>0x16d30</run_address>
         <size>0x278</size>
         <input_file_ref idref="fl-12"/>
      </object_component>
      <object_component id="oc-3c0">
         <name>.text:_pconv_a</name>
         <load_address>0x16fa8</load_address>
         <run_address>0x16fa8</run_address>
         <size>0x248</size>
         <input_file_ref idref="fl-42"/>
      </object_component>
      <object_component id="oc-2d9">
         <name>.text</name>
         <load_address>0x171f0</load_address>
         <run_address>0x171f0</run_address>
         <size>0x238</size>
         <input_file_ref idref="fl-13"/>
      </object_component>
      <object_component id="oc-371">
         <name>.text</name>
         <load_address>0x17428</load_address>
         <run_address>0x17428</run_address>
         <size>0x1cc</size>
         <input_file_ref idref="fl-9"/>
      </object_component>
      <object_component id="oc-42e">
         <name>.text</name>
         <load_address>0x175f4</load_address>
         <run_address>0x175f4</run_address>
         <size>0x1b4</size>
         <input_file_ref idref="fl-15"/>
      </object_component>
      <object_component id="oc-3ae">
         <name>.text:_pconv_g</name>
         <load_address>0x177a8</load_address>
         <run_address>0x177a8</run_address>
         <size>0x1a0</size>
         <input_file_ref idref="fl-42"/>
      </object_component>
      <object_component id="oc-12a">
         <name>.text</name>
         <load_address>0x17948</load_address>
         <run_address>0x17948</run_address>
         <size>0x180</size>
         <input_file_ref idref="fl-3"/>
      </object_component>
      <object_component id="oc-36b">
         <name>.text</name>
         <load_address>0x17ac8</load_address>
         <run_address>0x17ac8</run_address>
         <size>0x174</size>
         <input_file_ref idref="fl-b"/>
      </object_component>
      <object_component id="oc-230">
         <name>.text</name>
         <load_address>0x17c3c</load_address>
         <run_address>0x17c3c</run_address>
         <size>0x164</size>
         <input_file_ref idref="fl-18"/>
      </object_component>
      <object_component id="oc-27f">
         <name>.text</name>
         <load_address>0x17da0</load_address>
         <run_address>0x17da0</run_address>
         <size>0x14c</size>
         <input_file_ref idref="fl-2"/>
      </object_component>
      <object_component id="oc-3f2">
         <name>.text:fputs</name>
         <load_address>0x17eec</load_address>
         <run_address>0x17eec</run_address>
         <size>0x118</size>
         <input_file_ref idref="fl-47"/>
      </object_component>
      <object_component id="oc-25">
         <name>.text:retain</name>
         <load_address>0x18004</load_address>
         <run_address>0x18004</run_address>
         <size>0x114</size>
         <input_file_ref idref="fl-d"/>
      </object_component>
      <object_component id="oc-3ba">
         <name>.text:_pconv_e</name>
         <load_address>0x18118</load_address>
         <run_address>0x18118</run_address>
         <size>0x104</size>
         <input_file_ref idref="fl-42"/>
      </object_component>
      <object_component id="oc-4db">
         <name>.text:fcvt</name>
         <load_address>0x1821c</load_address>
         <run_address>0x1821c</run_address>
         <size>0xfc</size>
         <input_file_ref idref="fl-42"/>
      </object_component>
      <object_component id="oc-4ef">
         <name>.text:scalbn</name>
         <load_address>0x18318</load_address>
         <run_address>0x18318</run_address>
         <size>0xf0</size>
         <input_file_ref idref="fl-4f"/>
      </object_component>
      <object_component id="oc-9f">
         <name>.text</name>
         <load_address>0x18408</load_address>
         <run_address>0x18408</run_address>
         <size>0xe8</size>
         <input_file_ref idref="fl-c"/>
      </object_component>
      <object_component id="oc-391">
         <name>.text:floor</name>
         <load_address>0x184f0</load_address>
         <run_address>0x184f0</run_address>
         <size>0xe0</size>
         <input_file_ref idref="fl-31"/>
      </object_component>
      <object_component id="oc-da">
         <name>.text</name>
         <load_address>0x185d0</load_address>
         <run_address>0x185d0</run_address>
         <size>0xe0</size>
         <input_file_ref idref="fl-25"/>
      </object_component>
      <object_component id="oc-5ae">
         <name>.text:setvbuf</name>
         <load_address>0x186b0</load_address>
         <run_address>0x186b0</run_address>
         <size>0xdc</size>
         <input_file_ref idref="fl-56"/>
      </object_component>
      <object_component id="oc-5e7">
         <name>.text:free</name>
         <load_address>0x1878c</load_address>
         <run_address>0x1878c</run_address>
         <size>0xd8</size>
         <input_file_ref idref="fl-60"/>
      </object_component>
      <object_component id="oc-8b">
         <name>.text</name>
         <load_address>0x18864</load_address>
         <run_address>0x18864</run_address>
         <size>0xb8</size>
         <input_file_ref idref="fl-f"/>
      </object_component>
      <object_component id="oc-3a8">
         <name>.text:_ltostr</name>
         <load_address>0x1891c</load_address>
         <run_address>0x1891c</run_address>
         <size>0xad</size>
         <input_file_ref idref="fl-42"/>
      </object_component>
      <object_component id="oc-53">
         <name>.text</name>
         <load_address>0x189ca</load_address>
         <run_address>0x189ca</run_address>
         <size>0x9c</size>
         <input_file_ref idref="fl-35"/>
      </object_component>
      <object_component id="oc-414">
         <name>.text</name>
         <load_address>0x18a66</load_address>
         <run_address>0x18a66</run_address>
         <size>0x2</size>
         <input_file_ref idref="fl-41"/>
      </object_component>
      <object_component id="oc-3f9">
         <name>.text:fputc</name>
         <load_address>0x18a68</load_address>
         <run_address>0x18a68</run_address>
         <size>0x90</size>
         <input_file_ref idref="fl-46"/>
      </object_component>
      <object_component id="oc-4d4">
         <name>.text:_mcpy</name>
         <load_address>0x18af8</load_address>
         <run_address>0x18af8</run_address>
         <size>0x7a</size>
         <input_file_ref idref="fl-42"/>
      </object_component>
      <object_component id="oc-cb">
         <name>.text</name>
         <load_address>0x18b72</load_address>
         <run_address>0x18b72</run_address>
         <size>0x7a</size>
         <input_file_ref idref="fl-36"/>
      </object_component>
      <object_component id="oc-5ed">
         <name>.text:malloc</name>
         <load_address>0x18bec</load_address>
         <run_address>0x18bec</run_address>
         <size>0x78</size>
         <input_file_ref idref="fl-60"/>
      </object_component>
      <object_component id="oc-642">
         <name>.text:__TI_closefile</name>
         <load_address>0x18c64</load_address>
         <run_address>0x18c64</run_address>
         <size>0x74</size>
         <input_file_ref idref="fl-64"/>
      </object_component>
      <object_component id="oc-4e9">
         <name>.text:frexp</name>
         <load_address>0x18cd8</load_address>
         <run_address>0x18cd8</run_address>
         <size>0x74</size>
         <input_file_ref idref="fl-4e"/>
      </object_component>
      <object_component id="oc-12">
         <name>.text:decompress:lzss:__TI_decompress_lzss</name>
         <load_address>0x18d4c</load_address>
         <run_address>0x18d4c</run_address>
         <size>0x6c</size>
         <input_file_ref idref="fl-3b"/>
      </object_component>
      <object_component id="oc-666">
         <name>.text:HOSTlseek</name>
         <load_address>0x18db8</load_address>
         <run_address>0x18db8</run_address>
         <size>0x68</size>
         <input_file_ref idref="fl-58"/>
      </object_component>
      <object_component id="oc-672">
         <name>.text:HOSTrename</name>
         <load_address>0x18e20</load_address>
         <run_address>0x18e20</run_address>
         <size>0x68</size>
         <input_file_ref idref="fl-5b"/>
      </object_component>
      <object_component id="oc-130">
         <name>.text:printf</name>
         <load_address>0x18e88</load_address>
         <run_address>0x18e88</run_address>
         <size>0x68</size>
         <input_file_ref idref="fl-3e"/>
      </object_component>
      <object_component id="oc-520">
         <name>.text:__TI_wrt_ok</name>
         <load_address>0x18ef0</load_address>
         <run_address>0x18ef0</run_address>
         <size>0x64</size>
         <input_file_ref idref="fl-52"/>
      </object_component>
      <object_component id="oc-5a8">
         <name>.text:fseek</name>
         <load_address>0x18f54</load_address>
         <run_address>0x18f54</run_address>
         <size>0x64</size>
         <input_file_ref idref="fl-54"/>
      </object_component>
      <object_component id="oc-64e">
         <name>.text:HOSTopen</name>
         <load_address>0x18fb8</load_address>
         <run_address>0x18fb8</run_address>
         <size>0x5c</size>
         <input_file_ref idref="fl-59"/>
      </object_component>
      <object_component id="oc-65a">
         <name>.text:HOSTread</name>
         <load_address>0x19014</load_address>
         <run_address>0x19014</run_address>
         <size>0x5c</size>
         <input_file_ref idref="fl-5a"/>
      </object_component>
      <object_component id="oc-660">
         <name>.text:HOSTwrite</name>
         <load_address>0x19070</load_address>
         <run_address>0x19070</run_address>
         <size>0x58</size>
         <input_file_ref idref="fl-5d"/>
      </object_component>
      <object_component id="oc-689">
         <name>.text:close</name>
         <load_address>0x190c8</load_address>
         <run_address>0x190c8</run_address>
         <size>0x58</size>
         <input_file_ref idref="fl-6a"/>
      </object_component>
      <object_component id="oc-4ce">
         <name>.text:_ecpy</name>
         <load_address>0x19120</load_address>
         <run_address>0x19120</run_address>
         <size>0x54</size>
         <input_file_ref idref="fl-42"/>
      </object_component>
      <object_component id="oc-4c8">
         <name>.text:ltoa</name>
         <load_address>0x19174</load_address>
         <run_address>0x19174</run_address>
         <size>0x54</size>
         <input_file_ref idref="fl-48"/>
      </object_component>
      <object_component id="oc-3b4">
         <name>.text:_pconv_f</name>
         <load_address>0x191c8</load_address>
         <run_address>0x191c8</run_address>
         <size>0x50</size>
         <input_file_ref idref="fl-42"/>
      </object_component>
      <object_component id="oc-3a2">
         <name>.text:atoi</name>
         <load_address>0x19218</load_address>
         <run_address>0x19218</run_address>
         <size>0x50</size>
         <input_file_ref idref="fl-43"/>
      </object_component>
      <object_component id="oc-2be">
         <name>.text</name>
         <load_address>0x19268</load_address>
         <run_address>0x19268</run_address>
         <size>0x50</size>
         <input_file_ref idref="fl-32"/>
      </object_component>
      <object_component id="oc-52c">
         <name>.text:__TI_doflush</name>
         <load_address>0x192b8</load_address>
         <run_address>0x192b8</run_address>
         <size>0x4c</size>
         <input_file_ref idref="fl-53"/>
      </object_component>
      <object_component id="oc-26a">
         <name>.text:poll_debug_register</name>
         <load_address>0x19304</load_address>
         <run_address>0x19304</run_address>
         <size>0x48</size>
         <input_file_ref idref="fl-a"/>
      </object_component>
      <object_component id="oc-654">
         <name>.text:HOSTclose</name>
         <load_address>0x1934c</load_address>
         <run_address>0x1934c</run_address>
         <size>0x44</size>
         <input_file_ref idref="fl-57"/>
      </object_component>
      <object_component id="oc-66c">
         <name>.text:HOSTunlink</name>
         <load_address>0x19390</load_address>
         <run_address>0x19390</run_address>
         <size>0x44</size>
         <input_file_ref idref="fl-5c"/>
      </object_component>
      <object_component id="oc-e8">
         <name>.text:__TI_auto_init_nobinit_nopinit:__TI_auto_init_nobinit_nopinit</name>
         <load_address>0x193d4</load_address>
         <run_address>0x193d4</run_address>
         <size>0x44</size>
         <input_file_ref idref="fl-37"/>
      </object_component>
      <object_component id="oc-164">
         <name>.text:exit</name>
         <load_address>0x19418</load_address>
         <run_address>0x19418</run_address>
         <size>0x44</size>
         <input_file_ref idref="fl-3c"/>
      </object_component>
      <object_component id="oc-6c5">
         <name>.text:getdevice</name>
         <load_address>0x1945c</load_address>
         <run_address>0x1945c</run_address>
         <size>0x44</size>
         <input_file_ref idref="fl-65"/>
      </object_component>
      <object_component id="oc-4e1">
         <name>.text:_fcpy</name>
         <load_address>0x194a0</load_address>
         <run_address>0x194a0</run_address>
         <size>0x40</size>
         <input_file_ref idref="fl-42"/>
      </object_component>
      <object_component id="oc-69a">
         <name>.text:__TI_writemsg</name>
         <load_address>0x194e0</load_address>
         <run_address>0x194e0</run_address>
         <size>0x3c</size>
         <input_file_ref idref="fl-5e"/>
      </object_component>
      <object_component id="oc-637">
         <name>.text:minsert</name>
         <load_address>0x1951c</load_address>
         <run_address>0x1951c</run_address>
         <size>0x3c</size>
         <input_file_ref idref="fl-60"/>
      </object_component>
      <object_component id="oc-62b">
         <name>.text:minit</name>
         <load_address>0x19558</load_address>
         <run_address>0x19558</run_address>
         <size>0x38</size>
         <input_file_ref idref="fl-60"/>
      </object_component>
      <object_component id="oc-6e7">
         <name>.text:strncpy</name>
         <load_address>0x19590</load_address>
         <run_address>0x19590</run_address>
         <size>0x36</size>
         <input_file_ref idref="fl-68"/>
      </object_component>
      <object_component id="oc-5f3">
         <name>.text:__TI_cleanup</name>
         <load_address>0x195c8</load_address>
         <run_address>0x195c8</run_address>
         <size>0x34</size>
         <input_file_ref idref="fl-61"/>
      </object_component>
      <object_component id="oc-6a0">
         <name>.text:__TI_readmsg</name>
         <load_address>0x195fc</load_address>
         <run_address>0x195fc</run_address>
         <size>0x34</size>
         <input_file_ref idref="fl-5e"/>
      </object_component>
      <object_component id="oc-6ed">
         <name>.text:finddevice</name>
         <load_address>0x19630</load_address>
         <run_address>0x19630</run_address>
         <size>0x34</size>
         <input_file_ref idref="fl-65"/>
      </object_component>
      <object_component id="oc-68f">
         <name>.text:unlink</name>
         <load_address>0x19664</load_address>
         <run_address>0x19664</run_address>
         <size>0x2c</size>
         <input_file_ref idref="fl-69"/>
      </object_component>
      <object_component id="oc-2c3">
         <name>.text:strncmp</name>
         <load_address>0x19690</load_address>
         <run_address>0x19690</run_address>
         <size>0x2a</size>
         <input_file_ref idref="fl-40"/>
      </object_component>
      <object_component id="oc-5df">
         <name>.text:lseek</name>
         <load_address>0x196bc</load_address>
         <run_address>0x196bc</run_address>
         <size>0x28</size>
         <input_file_ref idref="fl-55"/>
      </object_component>
      <object_component id="oc-631">
         <name>.text:mremove</name>
         <load_address>0x196e4</load_address>
         <run_address>0x196e4</run_address>
         <size>0x28</size>
         <input_file_ref idref="fl-60"/>
      </object_component>
      <object_component id="oc-532">
         <name>.text:write</name>
         <load_address>0x1970c</load_address>
         <run_address>0x1970c</run_address>
         <size>0x28</size>
         <input_file_ref idref="fl-4c"/>
      </object_component>
      <object_component id="oc-526">
         <name>.text:memchr</name>
         <load_address>0x19734</load_address>
         <run_address>0x19734</run_address>
         <size>0x20</size>
         <input_file_ref idref="fl-4a"/>
      </object_component>
      <object_component id="oc-486">
         <name>.text</name>
         <load_address>0x19754</load_address>
         <run_address>0x19754</run_address>
         <size>0x1e</size>
         <input_file_ref idref="fl-33"/>
      </object_component>
      <object_component id="oc-481">
         <name>.text</name>
         <load_address>0x19772</load_address>
         <run_address>0x19772</run_address>
         <size>0x1e</size>
         <input_file_ref idref="fl-34"/>
      </object_component>
      <object_component id="oc-3c6">
         <name>.text:memccpy</name>
         <load_address>0x19790</load_address>
         <run_address>0x19790</run_address>
         <size>0x1c</size>
         <input_file_ref idref="fl-49"/>
      </object_component>
      <object_component id="oc-263">
         <name>.text:configure_debug_apb_system</name>
         <load_address>0x197ac</load_address>
         <run_address>0x197ac</run_address>
         <size>0x18</size>
         <input_file_ref idref="fl-a"/>
      </object_component>
      <object_component id="oc-58c">
         <name>.text:copysign</name>
         <load_address>0x197c4</load_address>
         <run_address>0x197c4</run_address>
         <size>0x18</size>
         <input_file_ref idref="fl-5f"/>
      </object_component>
      <object_component id="oc-704">
         <name>.text:strcmp</name>
         <load_address>0x197dc</load_address>
         <run_address>0x197dc</run_address>
         <size>0x18</size>
         <input_file_ref idref="fl-67"/>
      </object_component>
      <object_component id="oc-4f5">
         <name>.text:strchr</name>
         <load_address>0x197f4</load_address>
         <run_address>0x197f4</run_address>
         <size>0x16</size>
         <input_file_ref idref="fl-4b"/>
      </object_component>
      <object_component id="oc-2e8">
         <name>.text:strlen</name>
         <load_address>0x1980a</load_address>
         <run_address>0x1980a</run_address>
         <size>0x16</size>
         <input_file_ref idref="fl-3f"/>
      </object_component>
      <object_component id="oc-6b4">
         <name>.text:strcpy</name>
         <load_address>0x19820</load_address>
         <run_address>0x19820</run_address>
         <size>0x14</size>
         <input_file_ref idref="fl-63"/>
      </object_component>
      <object_component id="oc-3cc">
         <name>.text:wcslen</name>
         <load_address>0x19834</load_address>
         <run_address>0x19834</run_address>
         <size>0x12</size>
         <input_file_ref idref="fl-4d"/>
      </object_component>
      <object_component id="oc-18">
         <name>.text:decompress:none:__TI_decompress_none</name>
         <load_address>0x19846</load_address>
         <run_address>0x19846</run_address>
         <size>0xe</size>
         <input_file_ref idref="fl-3a"/>
      </object_component>
      <object_component id="oc-65">
         <name>.text:decompress:ZI:__TI_zero_init</name>
         <load_address>0x19854</load_address>
         <run_address>0x19854</run_address>
         <size>0xc</size>
         <input_file_ref idref="fl-39"/>
      </object_component>
      <object_component id="oc-3d2">
         <name>.text:__aeabi_errno_addr</name>
         <load_address>0x19860</load_address>
         <run_address>0x19860</run_address>
         <size>0x8</size>
         <input_file_ref idref="fl-51"/>
      </object_component>
      <object_component id="oc-2a1">
         <name>.text:_outc</name>
         <load_address>0x19868</load_address>
         <run_address>0x19868</run_address>
         <size>0x4</size>
         <input_file_ref idref="fl-3e"/>
      </object_component>
      <object_component id="oc-29b">
         <name>.text:_outs</name>
         <load_address>0x1986c</load_address>
         <run_address>0x1986c</run_address>
         <size>0x4</size>
         <input_file_ref idref="fl-3e"/>
      </object_component>
      <object_component id="oc-15e">
         <name>.text:abort:abort</name>
         <load_address>0x19870</load_address>
         <run_address>0x19870</run_address>
         <size>0x4</size>
         <input_file_ref idref="fl-3c"/>
      </object_component>
      <object_component id="oc-33">
         <name>.text:retain</name>
         <load_address>0x19874</load_address>
         <run_address>0x19874</run_address>
         <size>0x4</size>
         <input_file_ref idref="fl-23"/>
      </object_component>
      <object_component id="oc-271">
         <name>.const:tms570_firmware</name>
         <load_address>0x19878</load_address>
         <run_address>0x19878</run_address>
         <size>0xa48</size>
         <input_file_ref idref="fl-8"/>
      </object_component>
      <object_component id="oc-2b">
         <name>.const:s_vim_init</name>
         <load_address>0x1a2c0</load_address>
         <run_address>0x1a2c0</run_address>
         <size>0x180</size>
         <input_file_ref idref="fl-28"/>
      </object_component>
      <object_component id="oc-4bd">
         <name>.const:.string:_ctypes_</name>
         <load_address>0x1a440</load_address>
         <run_address>0x1a440</run_address>
         <size>0x101</size>
         <input_file_ref idref="fl-44"/>
      </object_component>
      <object_component id="oc-561">
         <name>.const:short_tms_seqs</name>
         <load_address>0x1a541</load_address>
         <run_address>0x1a541</run_address>
         <size>0x48</size>
         <input_file_ref idref="fl-6"/>
      </object_component>
      <object_component id="oc-21d">
         <name>.const:$P$T0$1</name>
         <load_address>0x1a58a</load_address>
         <run_address>0x1a58a</run_address>
         <size>0x2c</size>
         <input_file_ref idref="fl-4"/>
      </object_component>
      <object_component id="oc-274">
         <name>.const:tms570_fw_data</name>
         <load_address>0x1a5b8</load_address>
         <run_address>0x1a5b8</run_address>
         <size>0x10</size>
         <input_file_ref idref="fl-8"/>
      </object_component>
      <object_component id="oc-176">
         <name>.kernelBSS:init</name>
         <load_address>0x8003620</load_address>
         <run_address>0x8003620</run_address>
         <size>0x34</size>
         <input_file_ref idref="fl-18"/>
      </object_component>
      <object_component id="oc-2e5">
         <name>.kernelBSS:uninit</name>
         <load_address>0x8003500</load_address>
         <run_address>0x8003500</run_address>
         <size>0x120</size>
         <input_file_ref idref="fl-18"/>
      </object_component>
      <object_component id="oc-541">
         <name>.kernelHEAP</name>
         <uninitialized>true</uninitialized>
         <run_address>0x800cb2c</run_address>
         <size>0x2000</size>
         <input_file_ref idref="fl-12"/>
      </object_component>
      <object_component id="oc-39c">
         <name>.bss:crctable</name>
         <uninitialized>true</uninitialized>
         <run_address>0x800c39e</run_address>
         <size>0x200</size>
         <input_file_ref idref="fl-2"/>
      </object_component>
      <object_component id="oc-285">
         <name>.bss</name>
         <uninitialized>true</uninitialized>
         <run_address>0x800cae0</run_address>
         <size>0x4</size>
         <input_file_ref idref="fl-3"/>
      </object_component>
      <object_component id="oc-288">
         <name>.bss:packet$1</name>
         <uninitialized>true</uninitialized>
         <run_address>0x800bf94</run_address>
         <size>0x205</size>
         <input_file_ref idref="fl-3"/>
      </object_component>
      <object_component id="oc-220">
         <name>.bss:datconfig_t</name>
         <uninitialized>true</uninitialized>
         <run_address>0x800cae4</run_address>
         <size>0x4</size>
         <input_file_ref idref="fl-4"/>
      </object_component>
      <object_component id="oc-223">
         <name>.bss:tx_data</name>
         <uninitialized>true</uninitialized>
         <run_address>0x800b76c</run_address>
         <size>0x428</size>
         <input_file_ref idref="fl-4"/>
      </object_component>
      <object_component id="oc-226">
         <name>.bss:rx_data</name>
         <uninitialized>true</uninitialized>
         <run_address>0x800b344</run_address>
         <size>0x428</size>
         <input_file_ref idref="fl-4"/>
      </object_component>
      <object_component id="oc-61d">
         <name>.bss</name>
         <uninitialized>true</uninitialized>
         <run_address>0x800caa0</run_address>
         <size>0x20</size>
         <input_file_ref idref="fl-5"/>
      </object_component>
      <object_component id="oc-491">
         <name>.bss</name>
         <uninitialized>true</uninitialized>
         <run_address>0x800cae8</run_address>
         <size>0x4</size>
         <input_file_ref idref="fl-7"/>
      </object_component>
      <object_component id="oc-427">
         <name>.bss:xStart</name>
         <uninitialized>true</uninitialized>
         <run_address>0x800cac8</run_address>
         <size>0x8</size>
         <input_file_ref idref="fl-12"/>
      </object_component>
      <object_component id="oc-397">
         <name>.bss:g_sciTransfer_t</name>
         <uninitialized>true</uninitialized>
         <run_address>0x800ca78</run_address>
         <size>0x28</size>
         <input_file_ref idref="fl-1b"/>
      </object_component>
      <object_component id="oc-33a">
         <name>.bss:g_spiPacket_t</name>
         <uninitialized>true</uninitialized>
         <run_address>0x800ca00</run_address>
         <size>0x78</size>
         <input_file_ref idref="fl-1c"/>
      </object_component>
      <object_component id="oc-2b7">
         <name>.bss:isrstack</name>
         <uninitialized>true</uninitialized>
         <run_address>0x800cac0</run_address>
         <size>0x8</size>
         <input_file_ref idref="fl-2b"/>
      </object_component>
      <object_component id="oc-2c9">
         <name>.bss</name>
         <uninitialized>true</uninitialized>
         <run_address>0x800cad8</run_address>
         <size>0x6</size>
         <input_file_ref idref="fl-2b"/>
      </object_component>
      <object_component id="oc-6cf">
         <name>.bss:_CIOBUF_</name>
         <uninitialized>true</uninitialized>
         <run_address>0x800c7a0</run_address>
         <size>0x120</size>
         <input_file_ref idref="fl-5e"/>
      </object_component>
      <object_component id="oc-48e">
         <name>.common:bitbang_interface</name>
         <uninitialized>true</uninitialized>
         <run_address>0x800caec</run_address>
         <size>0x4</size>
      </object_component>
      <object_component id="oc-154">
         <name>.common:xErase</name>
         <uninitialized>true</uninitialized>
         <run_address>0x800cb1c</run_address>
         <size>0x4</size>
      </object_component>
      <object_component id="oc-155">
         <name>.common:xLoad</name>
         <uninitialized>true</uninitialized>
         <run_address>0x800cb24</run_address>
         <size>0x4</size>
      </object_component>
      <object_component id="oc-156">
         <name>.common:xProgram</name>
         <uninitialized>true</uninitialized>
         <run_address>0x800cb28</run_address>
         <size>0x4</size>
      </object_component>
      <object_component id="oc-157">
         <name>.common:xGeneral</name>
         <uninitialized>true</uninitialized>
         <run_address>0x800cb20</run_address>
         <size>0x4</size>
      </object_component>
      <object_component id="oc-146">
         <name>.common:packet</name>
         <uninitialized>true</uninitialized>
         <run_address>0x800c199</run_address>
         <size>0x205</size>
      </object_component>
      <object_component id="oc-149">
         <name>.common:status</name>
         <uninitialized>true</uninitialized>
         <run_address>0x800c79f</run_address>
         <size>0x1</size>
      </object_component>
      <object_component id="oc-145">
         <name>.common:first_block_address</name>
         <uninitialized>true</uninitialized>
         <run_address>0x800caf8</run_address>
         <size>0x4</size>
      </object_component>
      <object_component id="oc-147">
         <name>.common:sd_size</name>
         <uninitialized>true</uninitialized>
         <run_address>0x800cb10</run_address>
         <size>0x4</size>
      </object_component>
      <object_component id="oc-14a">
         <name>.common:start_address</name>
         <uninitialized>true</uninitialized>
         <run_address>0x800cb18</run_address>
         <size>0x4</size>
      </object_component>
      <object_component id="oc-14b">
         <name>.common:sd_data</name>
         <uninitialized>true</uninitialized>
         <run_address>0x800bb94</run_address>
         <size>0x400</size>
      </object_component>
      <object_component id="oc-151">
         <name>.common:sd_read_data</name>
         <uninitialized>true</uninitialized>
         <run_address>0x800cb0c</run_address>
         <size>0x4</size>
      </object_component>
      <object_component id="oc-142">
         <name>.common:i</name>
         <uninitialized>true</uninitialized>
         <run_address>0x800cafc</run_address>
         <size>0x4</size>
      </object_component>
      <object_component id="oc-152">
         <name>.common:j</name>
         <uninitialized>true</uninitialized>
         <run_address>0x800cb04</run_address>
         <size>0x4</size>
      </object_component>
      <object_component id="oc-148">
         <name>.common:sd_status</name>
         <uninitialized>true</uninitialized>
         <run_address>0x800c79e</run_address>
         <size>0x1</size>
      </object_component>
      <object_component id="oc-14e">
         <name>.common:jtag_status</name>
         <uninitialized>true</uninitialized>
         <run_address>0x800cb08</run_address>
         <size>0x4</size>
      </object_component>
      <object_component id="oc-14c">
         <name>.common:sections_number</name>
         <uninitialized>true</uninitialized>
         <run_address>0x800cb14</run_address>
         <size>0x4</size>
      </object_component>
      <object_component id="oc-14d">
         <name>.common:sections</name>
         <uninitialized>true</uninitialized>
         <run_address>0x800c960</run_address>
         <size>0xa0</size>
      </object_component>
      <object_component id="oc-14f">
         <name>.common:external_flash_address</name>
         <uninitialized>true</uninitialized>
         <run_address>0x800caf4</run_address>
         <size>0x4</size>
      </object_component>
      <object_component id="oc-150">
         <name>.common:chunk_size</name>
         <uninitialized>true</uninitialized>
         <run_address>0x800caf0</run_address>
         <size>0x4</size>
      </object_component>
      <object_component id="oc-153">
         <name>.common:jtag_data</name>
         <uninitialized>true</uninitialized>
         <run_address>0x800c59e</run_address>
         <size>0x200</size>
      </object_component>
      <object_component id="oc-2bd">
         <name>.common:init_hwtc_count</name>
         <uninitialized>true</uninitialized>
         <run_address>0x800cb00</run_address>
         <size>0x4</size>
      </object_component>
      <object_component id="oc-2ba">
         <name>.common:RecorderData</name>
         <uninitialized>true</uninitialized>
         <run_address>0x8003d00</run_address>
         <size>0x7644</size>
      </object_component>
      <object_component id="oc-695">
         <name>.common:__TI_tmpnams</name>
         <uninitialized>true</uninitialized>
         <run_address>0x800c8c0</run_address>
         <size>0xa0</size>
      </object_component>
      <object_component id="oc-6a6">
         <name>.common:parmbuf</name>
         <uninitialized>true</uninitialized>
         <run_address>0x800cad0</run_address>
         <size>0x8</size>
      </object_component>
      <object_component id="oc-623">
         <name>.data:tms570gpio_bitbang</name>
         <load_address>0x800f614</load_address>
         <run_address>0x800f614</run_address>
         <size>0xc</size>
         <input_file_ref idref="fl-5"/>
      </object_component>
      <object_component id="oc-620">
         <name>.data</name>
         <load_address>0x800f5b8</load_address>
         <run_address>0x800f5b8</run_address>
         <size>0x18</size>
         <input_file_ref idref="fl-5"/>
      </object_component>
      <object_component id="oc-564">
         <name>.data:tms570gpio_interface</name>
         <load_address>0x800f620</load_address>
         <run_address>0x800f620</run_address>
         <size>0xc</size>
         <input_file_ref idref="fl-5"/>
      </object_component>
      <object_component id="oc-48b">
         <name>.data</name>
         <load_address>0x800f608</load_address>
         <run_address>0x800f608</run_address>
         <size>0xc</size>
         <input_file_ref idref="fl-6"/>
      </object_component>
      <object_component id="oc-49e">
         <name>.data</name>
         <load_address>0x800f4ae</load_address>
         <run_address>0x800f4ae</run_address>
         <size>0x1</size>
         <input_file_ref idref="fl-9"/>
      </object_component>
      <object_component id="oc-377">
         <name>.data</name>
         <load_address>0x800f63c</load_address>
         <run_address>0x800f63c</run_address>
         <size>0x4</size>
         <input_file_ref idref="fl-a"/>
      </object_component>
      <object_component id="oc-424">
         <name>.data</name>
         <load_address>0x800f5d0</load_address>
         <run_address>0x800f5d0</run_address>
         <size>0x10</size>
         <input_file_ref idref="fl-12"/>
      </object_component>
      <object_component id="oc-179">
         <name>.data</name>
         <load_address>0x800f634</load_address>
         <run_address>0x800f634</run_address>
         <size>0x8</size>
         <input_file_ref idref="fl-15"/>
      </object_component>
      <object_component id="oc-2b4">
         <name>.data</name>
         <load_address>0x800f578</load_address>
         <run_address>0x800f578</run_address>
         <size>0x40</size>
         <input_file_ref idref="fl-2b"/>
      </object_component>
      <object_component id="oc-2ca">
         <name>.data:objectHandleStacks</name>
         <load_address>0x800f420</load_address>
         <run_address>0x800f420</run_address>
         <size>0x8e</size>
         <input_file_ref idref="fl-2b"/>
      </object_component>
      <object_component id="oc-307">
         <name>.data:$O1$$</name>
         <load_address>0x800f5f0</load_address>
         <run_address>0x800f5f0</run_address>
         <size>0xc</size>
         <input_file_ref idref="fl-3c"/>
      </object_component>
      <object_component id="oc-295">
         <name>.data:$O1$$</name>
         <load_address>0x800f62c</load_address>
         <run_address>0x800f62c</run_address>
         <size>0x8</size>
         <input_file_ref idref="fl-3d"/>
      </object_component>
      <object_component id="oc-298">
         <name>.data:_ftable</name>
         <load_address>0x800f330</load_address>
         <run_address>0x800f330</run_address>
         <size>0xf0</size>
         <input_file_ref idref="fl-45"/>
      </object_component>
      <object_component id="oc-648">
         <name>.data</name>
         <load_address>0x800f5e0</load_address>
         <run_address>0x800f5e0</run_address>
         <size>0x10</size>
         <input_file_ref idref="fl-45"/>
      </object_component>
      <object_component id="oc-606">
         <name>.data:_device</name>
         <load_address>0x800f4b0</load_address>
         <run_address>0x800f4b0</run_address>
         <size>0x78</size>
         <input_file_ref idref="fl-4c"/>
      </object_component>
      <object_component id="oc-5ba">
         <name>.data:_stream</name>
         <load_address>0x800f528</load_address>
         <run_address>0x800f528</run_address>
         <size>0x50</size>
         <input_file_ref idref="fl-4c"/>
      </object_component>
      <object_component id="oc-505">
         <name>.data</name>
         <load_address>0x800f640</load_address>
         <run_address>0x800f640</run_address>
         <size>0x4</size>
         <input_file_ref idref="fl-51"/>
      </object_component>
      <object_component id="oc-63d">
         <name>.data:$O1$$</name>
         <load_address>0x800f5fc</load_address>
         <run_address>0x800f5fc</run_address>
         <size>0xc</size>
         <input_file_ref idref="fl-60"/>
      </object_component>
      <object_component id="oc-45">
         <name>.sysmem</name>
         <uninitialized>true</uninitialized>
         <run_address>0x800eb30</run_address>
         <size>0x8</size>
         <input_file_ref idref="fl-60"/>
      </object_component>
      <object_component id="oc-741">
         <name>.sysmem</name>
         <uninitialized>true</uninitialized>
         <run_address>0x800eb30</run_address>
         <size>0x0</size>
      </object_component>
      <object_component id="oc-31d">
         <name>.debug_info</name>
         <load_address>0x0</load_address>
         <run_address>0x0</run_address>
         <size>0x2bf</size>
         <input_file_ref idref="fl-2"/>
      </object_component>
      <object_component id="oc-39d">
         <name>.debug_info</name>
         <load_address>0x2bf</load_address>
         <run_address>0x2bf</run_address>
         <size>0x112</size>
         <input_file_ref idref="fl-2"/>
      </object_component>
      <object_component id="oc-280">
         <name>.debug_info</name>
         <load_address>0x3d1</load_address>
         <run_address>0x3d1</run_address>
         <size>0x374</size>
         <input_file_ref idref="fl-2"/>
      </object_component>
      <object_component id="oc-17f">
         <name>.debug_info</name>
         <load_address>0x745</load_address>
         <run_address>0x745</run_address>
         <size>0x26b</size>
         <input_file_ref idref="fl-2"/>
      </object_component>
      <object_component id="oc-4e">
         <name>.debug_info</name>
         <load_address>0x9b0</load_address>
         <run_address>0x9b0</run_address>
         <size>0x84</size>
         <input_file_ref idref="fl-2"/>
      </object_component>
      <object_component id="oc-314">
         <name>.debug_info</name>
         <load_address>0xa34</load_address>
         <run_address>0xa34</run_address>
         <size>0x297</size>
         <input_file_ref idref="fl-2"/>
      </object_component>
      <object_component id="oc-171">
         <name>.debug_info</name>
         <load_address>0xccb</load_address>
         <run_address>0xccb</run_address>
         <size>0xbb</size>
         <input_file_ref idref="fl-2"/>
      </object_component>
      <object_component id="oc-34e">
         <name>.debug_info</name>
         <load_address>0xd86</load_address>
         <run_address>0xd86</run_address>
         <size>0xcc</size>
         <input_file_ref idref="fl-2"/>
      </object_component>
      <object_component id="oc-2a9">
         <name>.debug_info</name>
         <load_address>0xe52</load_address>
         <run_address>0xe52</run_address>
         <size>0x2c</size>
         <input_file_ref idref="fl-2"/>
      </object_component>
      <object_component id="oc-31e">
         <name>.debug_info</name>
         <load_address>0xe7e</load_address>
         <run_address>0xe7e</run_address>
         <size>0x449</size>
         <input_file_ref idref="fl-3"/>
      </object_component>
      <object_component id="oc-286">
         <name>.debug_info</name>
         <load_address>0x12c7</load_address>
         <run_address>0x12c7</run_address>
         <size>0x116</size>
         <input_file_ref idref="fl-3"/>
      </object_component>
      <object_component id="oc-12b">
         <name>.debug_info</name>
         <load_address>0x13dd</load_address>
         <run_address>0x13dd</run_address>
         <size>0x421</size>
         <input_file_ref idref="fl-3"/>
      </object_component>
      <object_component id="oc-92">
         <name>.debug_info</name>
         <load_address>0x17fe</load_address>
         <run_address>0x17fe</run_address>
         <size>0x157</size>
         <input_file_ref idref="fl-3"/>
      </object_component>
      <object_component id="oc-159">
         <name>.debug_info</name>
         <load_address>0x1955</load_address>
         <run_address>0x1955</run_address>
         <size>0x8b</size>
         <input_file_ref idref="fl-3"/>
      </object_component>
      <object_component id="oc-ac">
         <name>.debug_info</name>
         <load_address>0x19e0</load_address>
         <run_address>0x19e0</run_address>
         <size>0x86</size>
         <input_file_ref idref="fl-3"/>
      </object_component>
      <object_component id="oc-28a">
         <name>.debug_info</name>
         <load_address>0x1a66</load_address>
         <run_address>0x1a66</run_address>
         <size>0x268</size>
         <input_file_ref idref="fl-3"/>
      </object_component>
      <object_component id="oc-18e">
         <name>.debug_info</name>
         <load_address>0x1cce</load_address>
         <run_address>0x1cce</run_address>
         <size>0x1f9</size>
         <input_file_ref idref="fl-3"/>
      </object_component>
      <object_component id="oc-2f2">
         <name>.debug_info</name>
         <load_address>0x1ec7</load_address>
         <run_address>0x1ec7</run_address>
         <size>0x243</size>
         <input_file_ref idref="fl-3"/>
      </object_component>
      <object_component id="oc-4b6">
         <name>.debug_info</name>
         <load_address>0x210a</load_address>
         <run_address>0x210a</run_address>
         <size>0x18e</size>
         <input_file_ref idref="fl-3"/>
      </object_component>
      <object_component id="oc-22f">
         <name>.debug_info</name>
         <load_address>0x2298</load_address>
         <run_address>0x2298</run_address>
         <size>0x42d</size>
         <input_file_ref idref="fl-4"/>
      </object_component>
      <object_component id="oc-221">
         <name>.debug_info</name>
         <load_address>0x26c5</load_address>
         <run_address>0x26c5</run_address>
         <size>0x10b</size>
         <input_file_ref idref="fl-4"/>
      </object_component>
      <object_component id="oc-224">
         <name>.debug_info</name>
         <load_address>0x27d0</load_address>
         <run_address>0x27d0</run_address>
         <size>0x103</size>
         <input_file_ref idref="fl-4"/>
      </object_component>
      <object_component id="oc-227">
         <name>.debug_info</name>
         <load_address>0x28d3</load_address>
         <run_address>0x28d3</run_address>
         <size>0x103</size>
         <input_file_ref idref="fl-4"/>
      </object_component>
      <object_component id="oc-21e">
         <name>.debug_info</name>
         <load_address>0x29d6</load_address>
         <run_address>0x29d6</run_address>
         <size>0x103</size>
         <input_file_ref idref="fl-4"/>
      </object_component>
      <object_component id="oc-119">
         <name>.debug_info</name>
         <load_address>0x2ad9</load_address>
         <run_address>0x2ad9</run_address>
         <size>0x110f</size>
         <input_file_ref idref="fl-4"/>
      </object_component>
      <object_component id="oc-33f">
         <name>.debug_info</name>
         <load_address>0x3be8</load_address>
         <run_address>0x3be8</run_address>
         <size>0x375</size>
         <input_file_ref idref="fl-4"/>
      </object_component>
      <object_component id="oc-22a">
         <name>.debug_info</name>
         <load_address>0x3f5d</load_address>
         <run_address>0x3f5d</run_address>
         <size>0x4d0</size>
         <input_file_ref idref="fl-4"/>
      </object_component>
      <object_component id="oc-6be">
         <name>.debug_info</name>
         <load_address>0x442d</load_address>
         <run_address>0x442d</run_address>
         <size>0x12a</size>
         <input_file_ref idref="fl-4"/>
      </object_component>
      <object_component id="oc-2f7">
         <name>.debug_info</name>
         <load_address>0x4557</load_address>
         <run_address>0x4557</run_address>
         <size>0x26c</size>
         <input_file_ref idref="fl-4"/>
      </object_component>
      <object_component id="oc-48f">
         <name>.debug_info</name>
         <load_address>0x47c3</load_address>
         <run_address>0x47c3</run_address>
         <size>0x370</size>
         <input_file_ref idref="fl-5"/>
      </object_component>
      <object_component id="oc-61e">
         <name>.debug_info</name>
         <load_address>0x4b33</load_address>
         <run_address>0x4b33</run_address>
         <size>0x24f</size>
         <input_file_ref idref="fl-5"/>
      </object_component>
      <object_component id="oc-624">
         <name>.debug_info</name>
         <load_address>0x4d82</load_address>
         <run_address>0x4d82</run_address>
         <size>0x13f</size>
         <input_file_ref idref="fl-5"/>
      </object_component>
      <object_component id="oc-621">
         <name>.debug_info</name>
         <load_address>0x4ec1</load_address>
         <run_address>0x4ec1</run_address>
         <size>0x1cf</size>
         <input_file_ref idref="fl-5"/>
      </object_component>
      <object_component id="oc-565">
         <name>.debug_info</name>
         <load_address>0x5090</load_address>
         <run_address>0x5090</run_address>
         <size>0x144</size>
         <input_file_ref idref="fl-5"/>
      </object_component>
      <object_component id="oc-5c8">
         <name>.debug_info</name>
         <load_address>0x51d4</load_address>
         <run_address>0x51d4</run_address>
         <size>0x8a0</size>
         <input_file_ref idref="fl-5"/>
      </object_component>
      <object_component id="oc-56b">
         <name>.debug_info</name>
         <load_address>0x5a74</load_address>
         <run_address>0x5a74</run_address>
         <size>0x69</size>
         <input_file_ref idref="fl-5"/>
      </object_component>
      <object_component id="oc-493">
         <name>.debug_info</name>
         <load_address>0x5add</load_address>
         <run_address>0x5add</run_address>
         <size>0x11d</size>
         <input_file_ref idref="fl-5"/>
      </object_component>
      <object_component id="oc-46c">
         <name>.debug_info</name>
         <load_address>0x5bfa</load_address>
         <run_address>0x5bfa</run_address>
         <size>0x374</size>
         <input_file_ref idref="fl-6"/>
      </object_component>
      <object_component id="oc-48c">
         <name>.debug_info</name>
         <load_address>0x5f6e</load_address>
         <run_address>0x5f6e</run_address>
         <size>0x1a8</size>
         <input_file_ref idref="fl-6"/>
      </object_component>
      <object_component id="oc-562">
         <name>.debug_info</name>
         <load_address>0x6116</load_address>
         <run_address>0x6116</run_address>
         <size>0x126</size>
         <input_file_ref idref="fl-6"/>
      </object_component>
[...]
      </symbol>
      <symbol id="sm-1108">
         <name>CurrentFilterMask</name>
         <value>0x800f5a0</value>
         <object_component_ref idref="oc-2b4"/>
      </symbol>
      <symbol id="sm-1109">
         <name>prvTraceStoreTaskswitch</name>
         <value>0x8c24</value>
         <object_component_ref idref="oc-136"/>
      </symbol>
      <symbol id="sm-110a">
         <name>nISRactive</name>
         <value>0x800f598</value>
         <object_component_ref idref="oc-2b4"/>
      </symbol>
      <symbol id="sm-110b">
         <name>prvMarkObjectAsUsed</name>
         <value>0x9ddc</value>
         <object_component_ref idref="oc-136"/>
      </symbol>
      <symbol id="sm-110c">
         <name>prvTraceStoreObjectNameOnCloseEvent</name>
         <value>0x8db0</value>
         <object_component_ref idref="oc-136"/>
      </symbol>
      <symbol id="sm-110d">
         <name>CurrentFilterGroup</name>
         <value>0x800f5a2</value>
         <object_component_ref idref="oc-2b4"/>
      </symbol>
      <symbol id="sm-110e">
         <name>vTraceClearError</name>
         <value>0x82e4</value>
         <object_component_ref idref="oc-136"/>
      </symbol>
      <symbol id="sm-110f">
         <name>timestampFrequency</name>
         <value>0x800f590</value>
         <object_component_ref idref="oc-2b4"/>
      </symbol>
      <symbol id="sm-1110">
         <name>prvTraceGetObjectHandle</name>
         <value>0x9b70</value>
         <object_component_ref idref="oc-136"/>
      </symbol>
      <symbol id="sm-1111">
         <name>vTraceSetFrequency</name>
         <value>0xa218</value>
         <object_component_ref idref="oc-136"/>
      </symbol>
      <symbol id="sm-1112">
         <name>uiIndexOfObject</name>
         <value>0x9a74</value>
         <object_component_ref idref="oc-136"/>
      </symbol>
      <symbol id="sm-1113">
         <name>vTraceStopHookPtr</name>
         <value>0x800f59c</value>
         <object_component_ref idref="oc-2b4"/>
      </symbol>
      <symbol id="sm-1114">
         <name>vTraceSetFilterGroup</name>
         <value>0xa2c8</value>
         <object_component_ref idref="oc-136"/>
      </symbol>
      <symbol id="sm-1115">
         <name>recorder_busy</name>
         <value>0x800f58c</value>
         <object_component_ref idref="oc-2b4"/>
      </symbol>
      <symbol id="sm-1116">
         <name>vTraceClear</name>
         <value>0x808c</value>
         <object_component_ref idref="oc-136"/>
      </symbol>
      <symbol id="sm-1117">
         <name>vTraceInstanceFinishedNext</name>
         <value>0x83d8</value>
         <object_component_ref idref="oc-136"/>
      </symbol>
      <symbol id="sm-1118">
         <name>vTraceStoreISRBegin</name>
         <value>0x8574</value>
         <object_component_ref idref="oc-136"/>
      </symbol>
      <symbol id="sm-1119">
         <name>isPendingContextSwitch</name>
         <value>0x800f578</value>
         <object_component_ref idref="oc-2b4"/>
      </symbol>
      <symbol id="sm-111a">
         <name>xTraceGetTraceBuffer</name>
         <value>0x8314</value>
         <object_component_ref idref="oc-136"/>
      </symbol>
      <symbol id="sm-111b">
         <name>prvTraceFreeObjectHandle</name>
         <value>0x9d08</value>
         <object_component_ref idref="oc-136"/>
      </symbol>
      <symbol id="sm-111c">
         <name>handle_of_last_logged_task</name>
         <value>0x800f599</value>
         <object_component_ref idref="oc-2b4"/>
      </symbol>
      <symbol id="sm-111d">
         <name>trace_disable_timestamp</name>
         <value>0x800f584</value>
         <object_component_ref idref="oc-2b4"/>
      </symbol>
      <symbol id="sm-111e">
         <name>xTraceGetLastError</name>
         <value>0x82d8</value>
         <object_component_ref idref="oc-136"/>
      </symbol>
      <symbol id="sm-111f">
         <name>uiTraceGetTraceBufferSize</name>
         <value>0x8320</value>
         <object_component_ref idref="oc-136"/>
      </symbol>
      <symbol id="sm-1120">
         <name>prvTraceSetTaskInstanceFinished</name>
         <value>0x93e8</value>
         <object_component_ref idref="oc-136"/>
      </symbol>
      <symbol id="sm-1121">
         <name>prvTraceStoreTaskReady</name>
         <value>0x89fc</value>
         <object_component_ref idref="oc-136"/>
      </symbol>
      <symbol id="sm-1148">
         <name>floorl</name>
         <value>0x184f1</value>
         <object_component_ref idref="oc-391"/>
      </symbol>
      <symbol id="sm-1149">
         <name>floor</name>
         <value>0x184f1</value>
         <object_component_ref idref="oc-391"/>
      </symbol>
      <symbol id="sm-1155">
         <name>__aeabi_uidivmod</name>
         <value>0x19268</value>
         <object_component_ref idref="oc-2be"/>
      </symbol>
      <symbol id="sm-1156">
         <name>__aeabi_uidiv</name>
         <value>0x19268</value>
         <object_component_ref idref="oc-2be"/>
      </symbol>
      <symbol id="sm-115f">
         <name>__aeabi_llsl</name>
         <value>0x19755</value>
         <object_component_ref idref="oc-486"/>
      </symbol>
      <symbol id="sm-1168">
         <name>__aeabi_llsr</name>
         <value>0x19773</value>
         <object_component_ref idref="oc-481"/>
      </symbol>
      <symbol id="sm-1183">
         <name>memcpy</name>
         <value>0x189cb</value>
         <object_component_ref idref="oc-53"/>
      </symbol>
      <symbol id="sm-1184">
         <name>__aeabi_memcpy</name>
         <value>0x189cb</value>
         <object_component_ref idref="oc-53"/>
      </symbol>
      <symbol id="sm-1185">
         <name>__aeabi_memcpy8</name>
         <value>0x189cb</value>
         <object_component_ref idref="oc-53"/>
      </symbol>
      <symbol id="sm-1186">
         <name>__aeabi_memcpy4</name>
         <value>0x189cb</value>
         <object_component_ref idref="oc-53"/>
      </symbol>
      <symbol id="sm-1195">
         <name>__aeabi_memset</name>
         <value>0x18b75</value>
         <object_component_ref idref="oc-cb"/>
      </symbol>
      <symbol id="sm-1196">
         <name>memset</name>
         <value>0x18b7b</value>
         <object_component_ref idref="oc-cb"/>
      </symbol>
      <symbol id="sm-1197">
         <name>__aeabi_memset8</name>
         <value>0x18b75</value>
         <object_component_ref idref="oc-cb"/>
      </symbol>
      <symbol id="sm-1198">
         <name>__aeabi_memset4</name>
         <value>0x18b75</value>
         <object_component_ref idref="oc-cb"/>
      </symbol>
      <symbol id="sm-1199">
         <name>__aeabi_memclr8</name>
         <value>0x18b73</value>
         <object_component_ref idref="oc-cb"/>
      </symbol>
      <symbol id="sm-119a">
         <name>__aeabi_memclr4</name>
         <value>0x18b73</value>
         <object_component_ref idref="oc-cb"/>
      </symbol>
      <symbol id="sm-119b">
         <name>__aeabi_memclr</name>
         <value>0x18b73</value>
         <object_component_ref idref="oc-cb"/>
      </symbol>
      <symbol id="sm-11c3">
         <name>__TI_auto_init_nobinit_nopinit</name>
         <value>0x193d5</value>
         <object_component_ref idref="oc-e8"/>
      </symbol>
      <symbol id="sm-11d6">
         <name>__TI_zero_init</name>
         <value>0x19855</value>
         <object_component_ref idref="oc-65"/>
      </symbol>
      <symbol id="sm-11ed">
         <name>__TI_decompress_none</name>
         <value>0x19847</value>
         <object_component_ref idref="oc-18"/>
      </symbol>
      <symbol id="sm-1210">
         <name>__TI_decompress_lzss</name>
         <value>0x18d4d</value>
         <object_component_ref idref="oc-12"/>
      </symbol>
      <symbol id="sm-1236">
         <name>C$$EXIT</name>
         <value>0x19871</value>
         <object_component_ref idref="oc-15e"/>
      </symbol>
      <symbol id="sm-1237">
         <name>abort</name>
         <value>0x19871</value>
         <object_component_ref idref="oc-15e"/>
      </symbol>
      <symbol id="sm-1238">
         <name>__TI_dtors_ptr</name>
         <value>0x800f5f4</value>
         <object_component_ref idref="oc-307"/>
      </symbol>
      <symbol id="sm-1239">
         <name>__TI_cleanup_ptr</name>
         <value>0x800f5f0</value>
         <object_component_ref idref="oc-307"/>
      </symbol>
      <symbol id="sm-123a">
         <name>__TI_enable_exit_profile_output</name>
         <value>0x800f5f8</value>
         <object_component_ref idref="oc-307"/>
      </symbol>
      <symbol id="sm-123b">
         <name>exit</name>
         <value>0x19419</value>
         <object_component_ref idref="oc-164"/>
      </symbol>
      <symbol id="sm-1250">
         <name>_nop</name>
         <value>0x11f5f</value>
         <object_component_ref idref="oc-3e4"/>
      </symbol>
      <symbol id="sm-1251">
         <name>_lock</name>
         <value>0x800f62c</value>
         <object_component_ref idref="oc-295"/>
      </symbol>
      <symbol id="sm-1252">
         <name>_unlock</name>
         <value>0x800f630</value>
         <object_component_ref idref="oc-295"/>
      </symbol>
      <symbol id="sm-127e">
         <name>printf</name>
         <value>0x18e89</value>
         <object_component_ref idref="oc-130"/>
      </symbol>
      <symbol id="sm-128c">
         <name>strlen</name>
         <value>0x1980b</value>
         <object_component_ref idref="oc-2e8"/>
      </symbol>
      <symbol id="sm-129c">
         <name>strncmp</name>
         <value>0x19691</value>
         <object_component_ref idref="oc-2c3"/>
      </symbol>
      <symbol id="sm-12a6">
         <name>__aeabi_idiv0</name>
         <value>0x18a67</value>
         <object_component_ref idref="oc-414"/>
      </symbol>
      <symbol id="sm-12a7">
         <name>__aeabi_ldiv0</name>
         <value>0x18a67</value>
         <object_component_ref idref="oc-414"/>
      </symbol>
      <symbol id="sm-1405">
         <name>__TI_printfi</name>
         <value>0x1152d</value>
         <object_component_ref idref="oc-28f"/>
      </symbol>
      <symbol id="sm-141a">
         <name>atoi</name>
         <value>0x19219</value>
         <object_component_ref idref="oc-3a2"/>
      </symbol>
      <symbol id="sm-1425">
         <name>_ctypes_</name>
         <value>0x1a440</value>
         <object_component_ref idref="oc-4bd"/>
      </symbol>
      <symbol id="sm-143a">
         <name>__TI_tmpnams</name>
         <value>0x800c8c0</value>
      </symbol>
      <symbol id="sm-143b">
         <name>__aeabi_stdout</name>
         <value>0x800f5e8</value>
         <object_component_ref idref="oc-648"/>
      </symbol>
      <symbol id="sm-143c">
         <name>__aeabi_stderr</name>
         <value>0x800f5ec</value>
         <object_component_ref idref="oc-648"/>
      </symbol>
      <symbol id="sm-143d">
         <name>__aeabi_stdin</name>
         <value>0x800f5e4</value>
         <object_component_ref idref="oc-648"/>
      </symbol>
      <symbol id="sm-143e">
         <name>_ftable</name>
         <value>0x800f330</value>
         <object_component_ref idref="oc-298"/>
      </symbol>
      <symbol id="sm-143f">
         <name>__TI_ft_end</name>
         <value>0x800f5e0</value>
         <object_component_ref idref="oc-648"/>
      </symbol>
      <symbol id="sm-1454">
         <name>putc</name>
         <value>0x18a69</value>
         <object_component_ref idref="oc-3f9"/>
      </symbol>
      <symbol id="sm-1455">
         <name>fputc</name>
         <value>0x18a69</value>
         <object_component_ref idref="oc-3f9"/>
      </symbol>
      <symbol id="sm-1473">
         <name>fputs</name>
         <value>0x17eed</value>
         <object_component_ref idref="oc-3f2"/>
      </symbol>
      <symbol id="sm-1482">
         <name>ltoa</name>
         <value>0x19175</value>
         <object_component_ref idref="oc-4c8"/>
      </symbol>
      <symbol id="sm-1492">
         <name>memccpy</name>
         <value>0x19791</value>
         <object_component_ref idref="oc-3c6"/>
      </symbol>
      <symbol id="sm-14a2">
         <name>memchr</name>
         <value>0x19735</value>
         <object_component_ref idref="oc-526"/>
      </symbol>
      <symbol id="sm-14b2">
         <name>strchr</name>
         <value>0x197f5</value>
         <object_component_ref idref="oc-4f5"/>
      </symbol>
      <symbol id="sm-14d8">
         <name>_stream</name>
         <value>0x800f528</value>
         <object_component_ref idref="oc-5ba"/>
      </symbol>
      <symbol id="sm-14d9">
         <name>_device</name>
         <value>0x800f4b0</value>
         <object_component_ref idref="oc-606"/>
      </symbol>
      <symbol id="sm-14da">
         <name>write</name>
         <value>0x1970d</value>
         <object_component_ref idref="oc-532"/>
      </symbol>
      <symbol id="sm-14f3">
         <name>wcslen</name>
         <value>0x19835</value>
         <object_component_ref idref="oc-3cc"/>
      </symbol>
      <symbol id="sm-1511">
         <name>frexpl</name>
         <value>0x18cd9</value>
         <object_component_ref idref="oc-4e9"/>
      </symbol>
      <symbol id="sm-1512">
         <name>frexp</name>
         <value>0x18cd9</value>
         <object_component_ref idref="oc-4e9"/>
      </symbol>
      <symbol id="sm-152f">
         <name>scalbn</name>
         <value>0x18319</value>
         <object_component_ref idref="oc-4ef"/>
      </symbol>
      <symbol id="sm-1530">
         <name>scalbnl</name>
         <value>0x18319</value>
         <object_component_ref idref="oc-4ef"/>
      </symbol>
      <symbol id="sm-1531">
         <name>ldexpl</name>
         <value>0x18319</value>
         <object_component_ref idref="oc-4ef"/>
      </symbol>
      <symbol id="sm-1532">
         <name>ldexp</name>
         <value>0x18319</value>
         <object_component_ref idref="oc-4ef"/>
      </symbol>
      <symbol id="sm-154e">
         <name>__aeabi_uldivmod</name>
         <value>0x16550</value>
         <object_component_ref idref="oc-4c2"/>
      </symbol>
      <symbol id="sm-1564">
         <name>__aeabi_errno_addr</name>
         <value>0x19861</value>
         <object_component_ref idref="oc-3d2"/>
      </symbol>
      <symbol id="sm-1565">
         <name>errno</name>
         <value>0x800f640</value>
         <object_component_ref idref="oc-505"/>
      </symbol>
      <symbol id="sm-157d">
         <name>__TI_wrt_ok</name>
         <value>0x18ef1</value>
         <object_component_ref idref="oc-520"/>
      </symbol>
      <symbol id="sm-158d">
         <name>__TI_doflush</name>
         <value>0x192b9</value>
         <object_component_ref idref="oc-52c"/>
      </symbol>
      <symbol id="sm-159f">
         <name>fseek</name>
         <value>0x18f55</value>
         <object_component_ref idref="oc-5a8"/>
      </symbol>
      <symbol id="sm-15af">
         <name>lseek</name>
         <value>0x196bd</value>
         <object_component_ref idref="oc-5df"/>
      </symbol>
      <symbol id="sm-15cb">
         <name>setvbuf</name>
         <value>0x186b1</value>
         <object_component_ref idref="oc-5ae"/>
      </symbol>
      <symbol id="sm-15dc">
         <name>HOSTclose</name>
         <value>0x1934d</value>
         <object_component_ref idref="oc-654"/>
      </symbol>
      <symbol id="sm-15ed">
         <name>HOSTlseek</name>
         <value>0x18db9</value>
         <object_component_ref idref="oc-666"/>
      </symbol>
      <symbol id="sm-15ff">
         <name>parmbuf</name>
         <value>0x800cad0</value>
      </symbol>
      <symbol id="sm-1600">
         <name>HOSTopen</name>
         <value>0x18fb9</value>
         <object_component_ref idref="oc-64e"/>
      </symbol>
      <symbol id="sm-1611">
         <name>HOSTread</name>
         <value>0x19015</value>
         <object_component_ref idref="oc-65a"/>
      </symbol>
      <symbol id="sm-1622">
         <name>HOSTrename</name>
         <value>0x18e21</value>
         <object_component_ref idref="oc-672"/>
      </symbol>
      <symbol id="sm-1633">
         <name>HOSTunlink</name>
         <value>0x19391</value>
         <object_component_ref idref="oc-66c"/>
      </symbol>
      <symbol id="sm-1644">
         <name>HOSTwrite</name>
         <value>0x19071</value>
         <object_component_ref idref="oc-660"/>
      </symbol>
      <symbol id="sm-1668">
         <name>__TI_readmsg</name>
         <value>0x195fd</value>
         <object_component_ref idref="oc-6a0"/>
      </symbol>
      <symbol id="sm-1669">
         <name>C$$IO$$</name>
         <value>0x19513</value>
         <object_component_ref idref="oc-69a"/>
      </symbol>
      <symbol id="sm-166a">
         <name>__CIOBUF_</name>
         <value>0x800c7a0</value>
         <object_component_ref idref="oc-6cf"/>
      </symbol>
      <symbol id="sm-166b">
         <name>__TI_writemsg</name>
         <value>0x194e1</value>
         <object_component_ref idref="oc-69a"/>
      </symbol>
      <symbol id="sm-1675">
         <name>copysign</name>
         <value>0x197c5</value>
         <object_component_ref idref="oc-58c"/>
      </symbol>
      <symbol id="sm-1676">
         <name>copysignl</name>
         <value>0x197c5</value>
         <object_component_ref idref="oc-58c"/>
      </symbol>
      <symbol id="sm-16ef">
         <name>_sys_memory</name>
         <value>0x800eb30</value>
         <object_component_ref idref="oc-45"/>
      </symbol>
      <symbol id="sm-16f0">
         <name>free</name>
         <value>0x1878d</value>
         <object_component_ref idref="oc-5e7"/>
      </symbol>
      <symbol id="sm-16f1">
         <name>malloc</name>
         <value>0x18bed</value>
         <object_component_ref idref="oc-5ed"/>
      </symbol>
      <symbol id="sm-16f2">
         <name>minit</name>
         <value>0x19559</value>
         <object_component_ref idref="oc-62b"/>
      </symbol>
      <symbol id="sm-1702">
         <name>__TI_cleanup</name>
         <value>0x195c9</value>
         <object_component_ref idref="oc-5f3"/>
      </symbol>
      <symbol id="sm-1711">
         <name>strcpy</name>
         <value>0x19821</value>
         <object_component_ref idref="oc-6b4"/>
      </symbol>
      <symbol id="sm-1726">
         <name>__TI_closefile</name>
         <value>0x18c65</value>
         <object_component_ref idref="oc-642"/>
      </symbol>
      <symbol id="sm-1749">
         <name>finddevice</name>
         <value>0x19631</value>
         <object_component_ref idref="oc-6ed"/>
      </symbol>
      <symbol id="sm-174a">
         <name>getdevice</name>
         <value>0x1945d</value>
         <object_component_ref idref="oc-6c5"/>
      </symbol>
      <symbol id="sm-175a">
         <name>strcmp</name>
         <value>0x197dd</value>
         <object_component_ref idref="oc-704"/>
      </symbol>
      <symbol id="sm-176a">
         <name>strncpy</name>
         <value>0x19591</value>
         <object_component_ref idref="oc-6e7"/>
      </symbol>
      <symbol id="sm-177a">
         <name>unlink</name>
         <value>0x19665</value>
         <object_component_ref idref="oc-68f"/>
      </symbol>
      <symbol id="sm-178e">
         <name>close</name>
         <value>0x190c9</value>
         <object_component_ref idref="oc-689"/>
      </symbol>
      <symbol id="sm-178f">
         <name>__TI_static_base__</name>
         <value>0x0</value>
      </symbol>
      <symbol id="sm-1793">
         <name>SHT$$INIT_ARRAY$$Base</name>
         <value>0x0</value>
      </symbol>
      <symbol id="sm-1794">
         <name>SHT$$INIT_ARRAY$$Limit</name>
         <value>0x0</value>
      </symbol>
      <symbol id="sm-1795">
         <name>_system_post_cinit</name>
         <value>0x0</value>
      </symbol>
      <symbol id="sm-1796">
         <name>remove</name>
         <value>0x19665</value>
      </symbol>
   </symbol_table>
   <title>Link successful</title>
</link_info>
