<?xml version="1.0" encoding="ISO-8859-1" ?>
<link_info>
   <banner>TI ARM Linker Unix v18.1.4.LTS</banner>
   <copyright>Copyright (c) 1996-2018 Texas Instruments Incorporated</copyright>
   <link_time>0x5c9de768</link_time>
   <link_errors>0x0</link_errors>
   <output_file>OBC_Programming_System.out</output_file>
   <entry_point>
      <name>_c_int00</name>
      <address>0x193a0</address>
   </entry_point>
   <input_file_list>
      <input_file id="fl-2">
         <path>./my_include/External_Communication/CRC/</path>
         <kind>object</kind>
         <file>crc16.obj</file>
         <name>crc16.obj</name>
      </input_file>
      <input_file id="fl-3">
         <path>./my_include/External_Communication/</path>
         <kind>object</kind>
         <file>communication.obj</file>
         <name>communication.obj</name>
      </input_file>
      <input_file id="fl-4">
         <path>./my_include/External_Storage/</path>
         <kind>object</kind>
         <file>sd.obj</file>
         <name>sd.obj</name>
      </input_file>
      <input_file id="fl-5">
         <path>./my_include/JTAG_Programmer/jtag_interface/drivers/</path>
         <kind>object</kind>
         <file>tms570_jtag_driver.obj</file>
         <name>tms570_jtag_driver.obj</name>
      </input_file>
      <input_file id="fl-6">
         <path>./my_include/JTAG_Programmer/jtag_interface/</path>
         <kind>object</kind>
         <file>interface.obj</file>
         <name>interface.obj</name>
      </input_file>
      <input_file id="fl-7">
         <path>./my_include/JTAG_Programmer/jtag_interface/</path>
         <kind>object</kind>
         <file>jtag.obj</file>
         <name>jtag.obj</name>
      </input_file>
      <input_file id="fl-8">
         <path>./my_include/JTAG_Programmer/</path>
         <kind>object</kind>
         <file>programmer_operations.obj</file>
         <name>programmer_operations.obj</name>
      </input_file>
      <input_file id="fl-9">
         <path>./my_include/JTAG_Programmer/test_access_port/</path>
         <kind>object</kind>
         <file>debug_port.obj</file>
         <name>debug_port.obj</name>
      </input_file>
      <input_file id="fl-a">
         <path>./my_include/JTAG_Programmer/test_access_port/</path>
         <kind>object</kind>
         <file>debugger.obj</file>
         <name>debugger.obj</name>
      </input_file>
      <input_file id="fl-b">
         <path>./my_include/JTAG_Programmer/test_access_port/</path>
         <kind>object</kind>
         <file>icepick.obj</file>
         <name>icepick.obj</name>
      </input_file>
      <input_file id="fl-c">
         <path>./source/</path>
         <kind>object</kind>
         <file>dabort.obj</file>
         <name>dabort.obj</name>
      </input_file>
      <input_file id="fl-d">
         <path>./source/</path>
         <kind>object</kind>
         <file>esm.obj</file>
         <name>esm.obj</name>
      </input_file>
      <input_file id="fl-e">
         <path>./source/</path>
         <kind>object</kind>
         <file>gio.obj</file>
         <name>gio.obj</name>
      </input_file>
      <input_file id="fl-f">
         <path>./source/</path>
         <kind>object</kind>
         <file>notification.obj</file>
         <name>notification.obj</name>
      </input_file>
      <input_file id="fl-10">
         <path>./source/</path>
         <kind>object</kind>
         <file>os_croutine.obj</file>
         <name>os_croutine.obj</name>
      </input_file>
      <input_file id="fl-11">
         <path>./source/</path>
         <kind>object</kind>
         <file>os_event_groups.obj</file>
         <name>os_event_groups.obj</name>
      </input_file>
      <input_file id="fl-12">
         <path>./source/</path>
         <kind>object</kind>
         <file>os_heap.obj</file>
         <name>os_heap.obj</name>
      </input_file>
      <input_file id="fl-13">
         <path>./source/</path>
         <kind>object</kind>
         <file>os_list.obj</file>
         <name>os_list.obj</name>
      </input_file>
      <input_file id="fl-14">
         <path>./source/</path>
         <kind>object</kind>
         <file>os_mpu_wrappers.obj</file>
         <name>os_mpu_wrappers.obj</name>
      </input_file>
      <input_file id="fl-15">
         <path>./source/</path>
         <kind>object</kind>
         <file>os_port.obj</file>
         <name>os_port.obj</name>
      </input_file>
      <input_file id="fl-16">
         <path>./source/</path>
         <kind>object</kind>
         <file>os_portasm.obj</file>
         <name>os_portasm.obj</name>
      </input_file>
      <input_file id="fl-17">
         <path>./source/</path>
         <kind>object</kind>
         <file>os_queue.obj</file>
         <name>os_queue.obj</name>
      </input_file>
      <input_file id="fl-18">
         <path>./source/</path>
         <kind>object</kind>
         <file>os_tasks.obj</file>
         <name>os_tasks.obj</name>
      </input_file>
      <input_file id="fl-19">
         <path>./source/</path>
         <kind>object</kind>
         <file>os_timer.obj</file>
         <name>os_timer.obj</name>
      </input_file>
      <input_file id="fl-1a">
         <path>./source/</path>
         <kind>object</kind>
         <file>pinmux.obj</file>
         <name>pinmux.obj</name>
      </input_file>
      <input_file id="fl-1b">
         <path>./source/</path>
         <kind>object</kind>
         <file>sci.obj</file>
         <name>sci.obj</name>
      </input_file>
      <input_file id="fl-1c">
         <path>./source/</path>
         <kind>object</kind>
         <file>sha1.obj</file>
         <name>sha1.obj</name>
      </input_file>
      <input_file id="fl-1d">
         <path>./source/</path>
         <kind>object</kind>
         <file>spi.obj</file>
         <name>spi.obj</name>
      </input_file>
      <input_file id="fl-1e">
         <path>./source/</path>
         <kind>object</kind>
         <file>sys_core.obj</file>
         <name>sys_core.obj</name>
      </input_file>
      <input_file id="fl-1f">
         <path>./source/</path>
         <kind>object</kind>
         <file>sys_dma.obj</file>
         <name>sys_dma.obj</name>
      </input_file>
      <input_file id="fl-20">
         <path>./source/</path>
         <kind>object</kind>
         <file>sys_intvecs.obj</file>
         <name>sys_intvecs.obj</name>
      </input_file>
      <input_file id="fl-21">
         <path>./source/</path>
         <kind>object</kind>
         <file>sys_main.obj</file>
         <name>sys_main.obj</name>
      </input_file>
      <input_file id="fl-22">
         <path>./source/</path>
         <kind>object</kind>
         <file>sys_mpu.obj</file>
         <name>sys_mpu.obj</name>
      </input_file>
      <input_file id="fl-23">
         <path>./source/</path>
         <kind>object</kind>
         <file>sys_pcr.obj</file>
         <name>sys_pcr.obj</name>
      </input_file>
      <input_file id="fl-24">
         <path>./source/</path>
         <kind>object</kind>
         <file>sys_phantom.obj</file>
         <name>sys_phantom.obj</name>
      </input_file>
      <input_file id="fl-25">
         <path>./source/</path>
         <kind>object</kind>
         <file>sys_pmm.obj</file>
         <name>sys_pmm.obj</name>
      </input_file>
      <input_file id="fl-26">
         <path>./source/</path>
         <kind>object</kind>
         <file>sys_pmu.obj</file>
         <name>sys_pmu.obj</name>
      </input_file>
      <input_file id="fl-27">
         <path>./source/</path>
         <kind>object</kind>
         <file>sys_selftest.obj</file>
         <name>sys_selftest.obj</name>
      </input_file>
      <input_file id="fl-28">
         <path>./source/</path>
         <kind>object</kind>
         <file>sys_startup.obj</file>
         <name>sys_startup.obj</name>
      </input_file>
      <input_file id="fl-29">
         <path>./source/</path>
         <kind>object</kind>
         <file>sys_vim.obj</file>
         <name>sys_vim.obj</name>
      </input_file>
      <input_file id="fl-2a">
         <path>./source/</path>
         <kind>object</kind>
         <file>system.obj</file>
         <name>system.obj</name>
      </input_file>
      <input_file id="fl-2b">
         <path>./source/</path>
         <kind>object</kind>
         <file>trcKernelPort.obj</file>
         <name>trcKernelPort.obj</name>
      </input_file>
      <input_file id="fl-2c">
         <path>./source/</path>
         <kind>object</kind>
         <file>trcSnapshotRecorder.obj</file>
         <name>trcSnapshotRecorder.obj</name>
      </input_file>
      <input_file id="fl-2d">
         <path>./source/</path>
         <kind>object</kind>
         <file>trcStreamingRecorder.obj</file>
         <name>trcStreamingRecorder.obj</name>
      </input_file>
      <input_file id="fl-31">
         <kind>object</kind>
         <file>&lt;internal&gt;</file>
         <name>&lt;internal&gt;</name>
      </input_file>
      <input_file id="fl-32">
         <path>/opt/ti/ccsv8/tools/compiler/ti-cgt-arm_18.1.4.LTS/lib/</path>
         <kind>archive</kind>
         <file>rtsv7R4_T_be_v3D16_eabi.lib</file>
         <name>s_floor.c.obj</name>
      </input_file>
      <input_file id="fl-33">
         <path>/opt/ti/ccsv8/tools/compiler/ti-cgt-arm_18.1.4.LTS/lib/</path>
         <kind>archive</kind>
         <file>rtsv7R4_T_be_v3D16_eabi.lib</file>
         <name>u_div32.asm.obj</name>
      </input_file>
      <input_file id="fl-34">
         <path>/opt/ti/ccsv8/tools/compiler/ti-cgt-arm_18.1.4.LTS/lib/</path>
         <kind>archive</kind>
         <file>rtsv7R4_T_be_v3D16_eabi.lib</file>
         <name>ll_lsl_t2.asm.obj</name>
      </input_file>
      <input_file id="fl-35">
         <path>/opt/ti/ccsv8/tools/compiler/ti-cgt-arm_18.1.4.LTS/lib/</path>
         <kind>archive</kind>
         <file>rtsv7R4_T_be_v3D16_eabi.lib</file>
         <name>ll_lsr_t2.asm.obj</name>
      </input_file>
      <input_file id="fl-36">
         <path>/opt/ti/ccsv8/tools/compiler/ti-cgt-arm_18.1.4.LTS/lib/</path>
         <kind>archive</kind>
         <file>rtsv7R4_T_be_v3D16_eabi.lib</file>
         <name>memcpy_t2.asm.obj</name>
      </input_file>
      <input_file id="fl-37">
         <path>/opt/ti/ccsv8/tools/compiler/ti-cgt-arm_18.1.4.LTS/lib/</path>
         <kind>archive</kind>
         <file>rtsv7R4_T_be_v3D16_eabi.lib</file>
         <name>memset_t2.asm.obj</name>
      </input_file>
      <input_file id="fl-38">
         <path>/opt/ti/ccsv8/tools/compiler/ti-cgt-arm_18.1.4.LTS/lib/</path>
         <kind>archive</kind>
         <file>rtsv7R4_T_be_v3D16_eabi.lib</file>
         <name>autoinit.c.obj</name>
      </input_file>
      <input_file id="fl-39">
         <path>/opt/ti/ccsv8/tools/compiler/ti-cgt-arm_18.1.4.LTS/lib/</path>
         <kind>archive</kind>
         <file>rtsv7R4_T_be_v3D16_eabi.lib</file>
         <name>cpy_tbl.c.obj</name>
      </input_file>
      <input_file id="fl-3a">
         <path>/opt/ti/ccsv8/tools/compiler/ti-cgt-arm_18.1.4.LTS/lib/</path>
         <kind>archive</kind>
         <file>rtsv7R4_T_be_v3D16_eabi.lib</file>
         <name>copy_zero_init.c.obj</name>
      </input_file>
      <input_file id="fl-3b">
         <path>/opt/ti/ccsv8/tools/compiler/ti-cgt-arm_18.1.4.LTS/lib/</path>
         <kind>archive</kind>
         <file>rtsv7R4_T_be_v3D16_eabi.lib</file>
         <name>copy_decompress_none.c.obj</name>
      </input_file>
      <input_file id="fl-3c">
         <path>/opt/ti/ccsv8/tools/compiler/ti-cgt-arm_18.1.4.LTS/lib/</path>
         <kind>archive</kind>
         <file>rtsv7R4_T_be_v3D16_eabi.lib</file>
         <name>copy_decompress_lzss.c.obj</name>
      </input_file>
      <input_file id="fl-3d">
         <path>/opt/ti/ccsv8/tools/compiler/ti-cgt-arm_18.1.4.LTS/lib/</path>
         <kind>archive</kind>
         <file>rtsv7R4_T_be_v3D16_eabi.lib</file>
         <name>exit.c.obj</name>
      </input_file>
      <input_file id="fl-3e">
         <path>/opt/ti/ccsv8/tools/compiler/ti-cgt-arm_18.1.4.LTS/lib/</path>
         <kind>archive</kind>
         <file>rtsv7R4_T_be_v3D16_eabi.lib</file>
         <name>_lock.c.obj</name>
      </input_file>
      <input_file id="fl-3f">
         <path>/opt/ti/ccsv8/tools/compiler/ti-cgt-arm_18.1.4.LTS/lib/</path>
         <kind>archive</kind>
         <file>rtsv7R4_T_be_v3D16_eabi.lib</file>
         <name>fputc.c.obj</name>
      </input_file>
      <input_file id="fl-40">
         <path>/opt/ti/ccsv8/tools/compiler/ti-cgt-arm_18.1.4.LTS/lib/</path>
         <kind>archive</kind>
         <file>rtsv7R4_T_be_v3D16_eabi.lib</file>
         <name>printf.c.obj</name>
      </input_file>
      <input_file id="fl-41">
         <path>/opt/ti/ccsv8/tools/compiler/ti-cgt-arm_18.1.4.LTS/lib/</path>
         <kind>archive</kind>
         <file>rtsv7R4_T_be_v3D16_eabi.lib</file>
         <name>strlen.c.obj</name>
      </input_file>
      <input_file id="fl-42">
         <path>/opt/ti/ccsv8/tools/compiler/ti-cgt-arm_18.1.4.LTS/lib/</path>
         <kind>archive</kind>
         <file>rtsv7R4_T_be_v3D16_eabi.lib</file>
         <name>strncmp.c.obj</name>
      </input_file>
      <input_file id="fl-43">
         <path>/opt/ti/ccsv8/tools/compiler/ti-cgt-arm_18.1.4.LTS/lib/</path>
         <kind>archive</kind>
         <file>rtsv7R4_T_be_v3D16_eabi.lib</file>
         <name>write.c.obj</name>
      </input_file>
      <input_file id="fl-44">
         <path>/opt/ti/ccsv8/tools/compiler/ti-cgt-arm_18.1.4.LTS/lib/</path>
         <kind>archive</kind>
         <file>rtsv7R4_T_be_v3D16_eabi.lib</file>
         <name>div0.asm.obj</name>
      </input_file>
      <input_file id="fl-45">
         <path>/opt/ti/ccsv8/tools/compiler/ti-cgt-arm_18.1.4.LTS/lib/</path>
         <kind>archive</kind>
         <file>rtsv7R4_T_be_v3D16_eabi.lib</file>
         <name>_io_perm.c.obj</name>
      </input_file>
      <input_file id="fl-46">
         <path>/opt/ti/ccsv8/tools/compiler/ti-cgt-arm_18.1.4.LTS/lib/</path>
         <kind>archive</kind>
         <file>rtsv7R4_T_be_v3D16_eabi.lib</file>
         <name>_printfi.c.obj</name>
      </input_file>
      <input_file id="fl-47">
         <path>/opt/ti/ccsv8/tools/compiler/ti-cgt-arm_18.1.4.LTS/lib/</path>
         <kind>archive</kind>
         <file>rtsv7R4_T_be_v3D16_eabi.lib</file>
         <name>atoi.c.obj</name>
      </input_file>
      <input_file id="fl-48">
         <path>/opt/ti/ccsv8/tools/compiler/ti-cgt-arm_18.1.4.LTS/lib/</path>
         <kind>archive</kind>
         <file>rtsv7R4_T_be_v3D16_eabi.lib</file>
         <name>ctype.c.obj</name>
      </input_file>
      <input_file id="fl-49">
         <path>/opt/ti/ccsv8/tools/compiler/ti-cgt-arm_18.1.4.LTS/lib/</path>
         <kind>archive</kind>
         <file>rtsv7R4_T_be_v3D16_eabi.lib</file>
         <name>defs.c.obj</name>
      </input_file>
      <input_file id="fl-4a">
         <path>/opt/ti/ccsv8/tools/compiler/ti-cgt-arm_18.1.4.LTS/lib/</path>
         <kind>archive</kind>
         <file>rtsv7R4_T_be_v3D16_eabi.lib</file>
         <name>fflush.c.obj</name>
      </input_file>
      <input_file id="fl-4b">
         <path>/opt/ti/ccsv8/tools/compiler/ti-cgt-arm_18.1.4.LTS/lib/</path>
         <kind>archive</kind>
         <file>rtsv7R4_T_be_v3D16_eabi.lib</file>
         <name>fputs.c.obj</name>
      </input_file>
      <input_file id="fl-4c">
         <path>/opt/ti/ccsv8/tools/compiler/ti-cgt-arm_18.1.4.LTS/lib/</path>
         <kind>archive</kind>
         <file>rtsv7R4_T_be_v3D16_eabi.lib</file>
         <name>fseek.c.obj</name>
      </input_file>
      <input_file id="fl-4d">
         <path>/opt/ti/ccsv8/tools/compiler/ti-cgt-arm_18.1.4.LTS/lib/</path>
         <kind>archive</kind>
         <file>rtsv7R4_T_be_v3D16_eabi.lib</file>
         <name>lseek.c.obj</name>
      </input_file>
      <input_file id="fl-4e">
         <path>/opt/ti/ccsv8/tools/compiler/ti-cgt-arm_18.1.4.LTS/lib/</path>
         <kind>archive</kind>
         <file>rtsv7R4_T_be_v3D16_eabi.lib</file>
         <name>ltoa.c.obj</name>
      </input_file>
      <input_file id="fl-4f">
         <path>/opt/ti/ccsv8/tools/compiler/ti-cgt-arm_18.1.4.LTS/lib/</path>
         <kind>archive</kind>
         <file>rtsv7R4_T_be_v3D16_eabi.lib</file>
         <name>memccpy.c.obj</name>
      </input_file>
      <input_file id="fl-50">
         <path>/opt/ti/ccsv8/tools/compiler/ti-cgt-arm_18.1.4.LTS/lib/</path>
         <kind>archive</kind>
         <file>rtsv7R4_T_be_v3D16_eabi.lib</file>
         <name>memchr.c.obj</name>
      </input_file>
      <input_file id="fl-51">
         <path>/opt/ti/ccsv8/tools/compiler/ti-cgt-arm_18.1.4.LTS/lib/</path>
         <kind>archive</kind>
         <file>rtsv7R4_T_be_v3D16_eabi.lib</file>
         <name>setvbuf.c.obj</name>
      </input_file>
      <input_file id="fl-52">
         <path>/opt/ti/ccsv8/tools/compiler/ti-cgt-arm_18.1.4.LTS/lib/</path>
         <kind>archive</kind>
         <file>rtsv7R4_T_be_v3D16_eabi.lib</file>
         <name>strchr.c.obj</name>
      </input_file>
      <input_file id="fl-53">
         <path>/opt/ti/ccsv8/tools/compiler/ti-cgt-arm_18.1.4.LTS/lib/</path>
         <kind>archive</kind>
         <file>rtsv7R4_T_be_v3D16_eabi.lib</file>
         <name>hostclose.c.obj</name>
      </input_file>
      <input_file id="fl-54">
         <path>/opt/ti/ccsv8/tools/compiler/ti-cgt-arm_18.1.4.LTS/lib/</path>
         <kind>archive</kind>
         <file>rtsv7R4_T_be_v3D16_eabi.lib</file>
         <name>hostlseek.c.obj</name>
      </input_file>
      <input_file id="fl-55">
         <path>/opt/ti/ccsv8/tools/compiler/ti-cgt-arm_18.1.4.LTS/lib/</path>
         <kind>archive</kind>
         <file>rtsv7R4_T_be_v3D16_eabi.lib</file>
         <name>hostopen.c.obj</name>
      </input_file>
      <input_file id="fl-56">
         <path>/opt/ti/ccsv8/tools/compiler/ti-cgt-arm_18.1.4.LTS/lib/</path>
         <kind>archive</kind>
         <file>rtsv7R4_T_be_v3D16_eabi.lib</file>
         <name>hostread.c.obj</name>
      </input_file>
      <input_file id="fl-57">
         <path>/opt/ti/ccsv8/tools/compiler/ti-cgt-arm_18.1.4.LTS/lib/</path>
         <kind>archive</kind>
         <file>rtsv7R4_T_be_v3D16_eabi.lib</file>
         <name>hostrename.c.obj</name>
      </input_file>
      <input_file id="fl-58">
         <path>/opt/ti/ccsv8/tools/compiler/ti-cgt-arm_18.1.4.LTS/lib/</path>
         <kind>archive</kind>
         <file>rtsv7R4_T_be_v3D16_eabi.lib</file>
         <name>hostunlink.c.obj</name>
      </input_file>
      <input_file id="fl-59">
         <path>/opt/ti/ccsv8/tools/compiler/ti-cgt-arm_18.1.4.LTS/lib/</path>
         <kind>archive</kind>
         <file>rtsv7R4_T_be_v3D16_eabi.lib</file>
         <name>hostwrite.c.obj</name>
      </input_file>
      <input_file id="fl-5a">
         <path>/opt/ti/ccsv8/tools/compiler/ti-cgt-arm_18.1.4.LTS/lib/</path>
         <kind>archive</kind>
         <file>rtsv7R4_T_be_v3D16_eabi.lib</file>
         <name>trgmsg.c.obj</name>
      </input_file>
      <input_file id="fl-5b">
         <path>/opt/ti/ccsv8/tools/compiler/ti-cgt-arm_18.1.4.LTS/lib/</path>
         <kind>archive</kind>
         <file>rtsv7R4_T_be_v3D16_eabi.lib</file>
         <name>wcslen.c.obj</name>
      </input_file>
      <input_file id="fl-5c">
         <path>/opt/ti/ccsv8/tools/compiler/ti-cgt-arm_18.1.4.LTS/lib/</path>
         <kind>archive</kind>
         <file>rtsv7R4_T_be_v3D16_eabi.lib</file>
         <name>s_frexp.c.obj</name>
      </input_file>
      <input_file id="fl-5d">
         <path>/opt/ti/ccsv8/tools/compiler/ti-cgt-arm_18.1.4.LTS/lib/</path>
         <kind>archive</kind>
         <file>rtsv7R4_T_be_v3D16_eabi.lib</file>
         <name>s_scalbn.c.obj</name>
      </input_file>
      <input_file id="fl-5e">
         <path>/opt/ti/ccsv8/tools/compiler/ti-cgt-arm_18.1.4.LTS/lib/</path>
         <kind>archive</kind>
         <file>rtsv7R4_T_be_v3D16_eabi.lib</file>
         <name>ull_div32.asm.obj</name>
      </input_file>
      <input_file id="fl-5f">
         <path>/opt/ti/ccsv8/tools/compiler/ti-cgt-arm_18.1.4.LTS/lib/</path>
         <kind>archive</kind>
         <file>rtsv7R4_T_be_v3D16_eabi.lib</file>
         <name>errno.c.obj</name>
      </input_file>
      <input_file id="fl-60">
         <path>/opt/ti/ccsv8/tools/compiler/ti-cgt-arm_18.1.4.LTS/lib/</path>
         <kind>archive</kind>
         <file>rtsv7R4_T_be_v3D16_eabi.lib</file>
         <name>memory.c.obj</name>
      </input_file>
      <input_file id="fl-61">
         <path>/opt/ti/ccsv8/tools/compiler/ti-cgt-arm_18.1.4.LTS/lib/</path>
         <kind>archive</kind>
         <file>rtsv7R4_T_be_v3D16_eabi.lib</file>
         <name>fopen.c.obj</name>
      </input_file>
      <input_file id="fl-62">
         <path>/opt/ti/ccsv8/tools/compiler/ti-cgt-arm_18.1.4.LTS/lib/</path>
         <kind>archive</kind>
         <file>rtsv7R4_T_be_v3D16_eabi.lib</file>
         <name>open.c.obj</name>
      </input_file>
      <input_file id="fl-63">
         <path>/opt/ti/ccsv8/tools/compiler/ti-cgt-arm_18.1.4.LTS/lib/</path>
         <kind>archive</kind>
         <file>rtsv7R4_T_be_v3D16_eabi.lib</file>
         <name>strcpy.c.obj</name>
      </input_file>
      <input_file id="fl-64">
         <path>/opt/ti/ccsv8/tools/compiler/ti-cgt-arm_18.1.4.LTS/lib/</path>
         <kind>archive</kind>
         <file>rtsv7R4_T_be_v3D16_eabi.lib</file>
         <name>s_copysign.c.obj</name>
      </input_file>
      <input_file id="fl-65">
         <path>/opt/ti/ccsv8/tools/compiler/ti-cgt-arm_18.1.4.LTS/lib/</path>
         <kind>archive</kind>
         <file>rtsv7R4_T_be_v3D16_eabi.lib</file>
         <name>fclose.c.obj</name>
      </input_file>
      <input_file id="fl-66">
         <path>/opt/ti/ccsv8/tools/compiler/ti-cgt-arm_18.1.4.LTS/lib/</path>
         <kind>archive</kind>
         <file>rtsv7R4_T_be_v3D16_eabi.lib</file>
         <name>getdevice.c.obj</name>
      </input_file>
      <input_file id="fl-67">
         <path>/opt/ti/ccsv8/tools/compiler/ti-cgt-arm_18.1.4.LTS/lib/</path>
         <kind>archive</kind>
         <file>rtsv7R4_T_be_v3D16_eabi.lib</file>
         <name>remove.c.obj</name>
      </input_file>
      <input_file id="fl-68">
         <path>/opt/ti/ccsv8/tools/compiler/ti-cgt-arm_18.1.4.LTS/lib/</path>
         <kind>archive</kind>
         <file>rtsv7R4_T_be_v3D16_eabi.lib</file>
         <name>strcmp.c.obj</name>
      </input_file>
      <input_file id="fl-69">
         <path>/opt/ti/ccsv8/tools/compiler/ti-cgt-arm_18.1.4.LTS/lib/</path>
         <kind>archive</kind>
         <file>rtsv7R4_T_be_v3D16_eabi.lib</file>
         <name>strncpy.c.obj</name>
      </input_file>
      <input_file id="fl-6a">
         <path>/opt/ti/ccsv8/tools/compiler/ti-cgt-arm_18.1.4.LTS/lib/</path>
         <kind>archive</kind>
         <file>rtsv7R4_T_be_v3D16_eabi.lib</file>
         <name>unlink.c.obj</name>
      </input_file>
      <input_file id="fl-6b">
         <path>/opt/ti/ccsv8/tools/compiler/ti-cgt-arm_18.1.4.LTS/lib/</path>
         <kind>archive</kind>
         <file>rtsv7R4_T_be_v3D16_eabi.lib</file>
         <name>close.c.obj</name>
      </input_file>
   </input_file_list>
   <object_component_list>
      <object_component id="oc-2e">
         <name>.intvecs</name>
         <load_address>0x0</load_address>
         <run_address>0x0</run_address>
         <size>0x20</size>
         <input_file_ref idref="fl-20"/>
      </object_component>
      <object_component id="oc-153">
         <name>.kernelTEXT</name>
         <load_address>0x20</load_address>
         <run_address>0x20</run_address>
         <size>0x33dc</size>
         <input_file_ref idref="fl-18"/>
      </object_component>
      <object_component id="oc-253">
         <name>.kernelTEXT</name>
         <load_address>0x33fc</load_address>
         <run_address>0x33fc</run_address>
         <size>0x1238</size>
         <input_file_ref idref="fl-17"/>
      </object_component>
      <object_component id="oc-259">
         <name>.kernelTEXT</name>
         <load_address>0x4634</load_address>
         <run_address>0x4634</run_address>
         <size>0x85c</size>
         <input_file_ref idref="fl-11"/>
      </object_component>
      <object_component id="oc-97">
         <name>.kernelTEXT</name>
         <load_address>0x4e90</load_address>
         <run_address>0x4e90</run_address>
         <size>0x4b0</size>
         <input_file_ref idref="fl-16"/>
      </object_component>
      <object_component id="oc-305">
         <name>.kernelTEXT</name>
         <load_address>0x5340</load_address>
         <run_address>0x5340</run_address>
         <size>0x3e0</size>
         <input_file_ref idref="fl-15"/>
      </object_component>
      <object_component id="oc-2f9">
         <name>.kernelTEXT</name>
         <load_address>0x5720</load_address>
         <run_address>0x5720</run_address>
         <size>0x380</size>
         <input_file_ref idref="fl-12"/>
      </object_component>
      <object_component id="oc-76e">
         <name>.cinit..data.load</name>
         <load_address>0x5aa0</load_address>
         <run_address>0x5aa0</run_address>
         <size>0xb6</size>
      </object_component>
      <object_component id="oc-769">
         <name>__TI_handler_table</name>
         <load_address>0x5b58</load_address>
         <run_address>0x5b58</run_address>
         <size>0xc</size>
      </object_component>
      <object_component id="oc-76b">
         <name>.cinit..kernelBSS.load</name>
         <load_address>0x5b64</load_address>
         <run_address>0x5b64</run_address>
         <size>0x9</size>
      </object_component>
      <object_component id="oc-76d">
         <name>.cinit..bss.load</name>
         <load_address>0x5b70</load_address>
         <run_address>0x5b70</run_address>
         <size>0x8</size>
      </object_component>
      <object_component id="oc-76c">
         <name>.cinit..kernelHEAP.load</name>
         <load_address>0x5b78</load_address>
         <run_address>0x5b78</run_address>
         <size>0x8</size>
      </object_component>
      <object_component id="oc-76a">
         <name>__TI_cinit_table</name>
         <load_address>0x5b80</load_address>
         <run_address>0x5b80</run_address>
         <size>0x20</size>
      </object_component>
      <object_component id="oc-14d">
         <name>.text</name>
         <load_address>0x8020</load_address>
         <run_address>0x8020</run_address>
         <size>0x2e84</size>
         <input_file_ref idref="fl-2c"/>
      </object_component>
      <object_component id="oc-76">
         <name>.text</name>
         <load_address>0xaea4</load_address>
         <run_address>0xaea4</run_address>
         <size>0x2cdc</size>
         <input_file_ref idref="fl-27"/>
      </object_component>
      <object_component id="oc-123">
         <name>.text</name>
         <load_address>0xdb80</load_address>
         <run_address>0xdb80</run_address>
         <size>0x2aa8</size>
         <input_file_ref idref="fl-1c"/>
      </object_component>
      <object_component id="oc-11d">
         <name>.text</name>
         <load_address>0x10628</load_address>
         <run_address>0x10628</run_address>
         <size>0xcfc</size>
         <input_file_ref idref="fl-4"/>
      </object_component>
      <object_component id="oc-22d">
         <name>.text</name>
         <load_address>0x11324</load_address>
         <run_address>0x11324</run_address>
         <size>0xbd8</size>
         <input_file_ref idref="fl-1d"/>
      </object_component>
      <object_component id="oc-690">
         <name>.text</name>
         <load_address>0x11efc</load_address>
         <run_address>0x11efc</run_address>
         <size>0xb4c</size>
         <input_file_ref idref="fl-5"/>
      </object_component>
      <object_component id="oc-70">
         <name>.text</name>
         <load_address>0x12a48</load_address>
         <run_address>0x12a48</run_address>
         <size>0xb28</size>
         <input_file_ref idref="fl-2a"/>
      </object_component>
      <object_component id="oc-129">
         <name>.text</name>
         <load_address>0x13570</load_address>
         <run_address>0x13570</run_address>
         <size>0xa64</size>
         <input_file_ref idref="fl-14"/>
      </object_component>
      <object_component id="oc-27c">
         <name>.text:__TI_printfi</name>
         <load_address>0x13fd4</load_address>
         <run_address>0x13fd4</run_address>
         <size>0xa32</size>
         <input_file_ref idref="fl-46"/>
      </object_component>
      <object_component id="oc-3e0">
         <name>.text:_nop</name>
         <load_address>0x14a06</load_address>
         <run_address>0x14a06</run_address>
         <size>0x2</size>
         <input_file_ref idref="fl-3e"/>
      </object_component>
      <object_component id="oc-2d4">
         <name>.text</name>
         <load_address>0x14a08</load_address>
         <run_address>0x14a08</run_address>
         <size>0x908</size>
         <input_file_ref idref="fl-2b"/>
      </object_component>
      <object_component id="oc-3a">
         <name>.text</name>
         <load_address>0x15310</load_address>
         <run_address>0x15310</run_address>
         <size>0x89c</size>
         <input_file_ref idref="fl-29"/>
      </object_component>
      <object_component id="oc-83">
         <name>.text</name>
         <load_address>0x15bac</load_address>
         <run_address>0x15bac</run_address>
         <size>0x888</size>
         <input_file_ref idref="fl-21"/>
      </object_component>
      <object_component id="oc-2be">
         <name>.text</name>
         <load_address>0x16434</load_address>
         <run_address>0x16434</run_address>
         <size>0x7a8</size>
         <input_file_ref idref="fl-1b"/>
      </object_component>
      <object_component id="oc-2a2">
         <name>.text</name>
         <load_address>0x16bdc</load_address>
         <run_address>0x16bdc</run_address>
         <size>0x660</size>
         <input_file_ref idref="fl-a"/>
      </object_component>
      <object_component id="oc-d7">
         <name>.text</name>
         <load_address>0x1723c</load_address>
         <run_address>0x1723c</run_address>
         <size>0x638</size>
         <input_file_ref idref="fl-1a"/>
      </object_component>
      <object_component id="oc-7c">
         <name>.text</name>
         <load_address>0x17874</load_address>
         <run_address>0x17874</run_address>
         <size>0x5bc</size>
         <input_file_ref idref="fl-d"/>
      </object_component>
      <object_component id="oc-6d2">
         <name>.text</name>
         <load_address>0x17e30</load_address>
         <run_address>0x17e30</run_address>
         <size>0x484</size>
         <input_file_ref idref="fl-e"/>
      </object_component>
      <object_component id="oc-411">
         <name>.text</name>
         <load_address>0x182b4</load_address>
         <run_address>0x182b4</run_address>
         <size>0x3f4</size>
         <input_file_ref idref="fl-7"/>
      </object_component>
      <object_component id="oc-547">
         <name>.text</name>
         <load_address>0x186a8</load_address>
         <run_address>0x186a8</run_address>
         <size>0x390</size>
         <input_file_ref idref="fl-6"/>
      </object_component>
      <object_component id="oc-141">
         <name>.text</name>
         <load_address>0x18a38</load_address>
         <run_address>0x18a38</run_address>
         <size>0x364</size>
         <input_file_ref idref="fl-8"/>
      </object_component>
      <object_component id="oc-6b">
         <name>.text</name>
         <load_address>0x18d9c</load_address>
         <run_address>0x18d9c</run_address>
         <size>0x34c</size>
         <input_file_ref idref="fl-1e"/>
      </object_component>
      <object_component id="oc-4ca">
         <name>.text</name>
         <load_address>0x190e8</load_address>
         <run_address>0x190e8</run_address>
         <size>0x2b8</size>
         <input_file_ref idref="fl-5e"/>
      </object_component>
      <object_component id="oc-1f">
         <name>.text:retain</name>
         <load_address>0x193a0</load_address>
         <run_address>0x193a0</run_address>
         <size>0x298</size>
         <input_file_ref idref="fl-28"/>
      </object_component>
      <object_component id="oc-39">
         <name>.text:retain</name>
         <load_address>0x19638</load_address>
         <run_address>0x19638</run_address>
         <size>0x290</size>
         <input_file_ref idref="fl-29"/>
      </object_component>
      <object_component id="oc-465">
         <name>.text</name>
         <load_address>0x198c8</load_address>
         <run_address>0x198c8</run_address>
         <size>0x278</size>
         <input_file_ref idref="fl-12"/>
      </object_component>
      <object_component id="oc-3bc">
         <name>.text:_pconv_a</name>
         <load_address>0x19b40</load_address>
         <run_address>0x19b40</run_address>
         <size>0x248</size>
         <input_file_ref idref="fl-46"/>
      </object_component>
      <object_component id="oc-2ff">
         <name>.text</name>
         <load_address>0x19d88</load_address>
         <run_address>0x19d88</run_address>
         <size>0x238</size>
         <input_file_ref idref="fl-13"/>
      </object_component>
      <object_component id="oc-41d">
         <name>.text</name>
         <load_address>0x19fc0</load_address>
         <run_address>0x19fc0</run_address>
         <size>0x1cc</size>
         <input_file_ref idref="fl-9"/>
      </object_component>
      <object_component id="oc-475">
         <name>.text</name>
         <load_address>0x1a18c</load_address>
         <run_address>0x1a18c</run_address>
         <size>0x1b4</size>
         <input_file_ref idref="fl-15"/>
      </object_component>
      <object_component id="oc-3aa">
         <name>.text:_pconv_g</name>
         <load_address>0x1a340</load_address>
         <run_address>0x1a340</run_address>
         <size>0x1a0</size>
         <input_file_ref idref="fl-46"/>
      </object_component>
      <object_component id="oc-147">
         <name>.text</name>
         <load_address>0x1a4e0</load_address>
         <run_address>0x1a4e0</run_address>
         <size>0x180</size>
         <input_file_ref idref="fl-3"/>
      </object_component>
      <object_component id="oc-417">
         <name>.text</name>
         <load_address>0x1a660</load_address>
         <run_address>0x1a660</run_address>
         <size>0x174</size>
         <input_file_ref idref="fl-b"/>
      </object_component>
      <object_component id="oc-24d">
         <name>.text</name>
         <load_address>0x1a7d4</load_address>
         <run_address>0x1a7d4</run_address>
         <size>0x164</size>
         <input_file_ref idref="fl-18"/>
      </object_component>
      <object_component id="oc-2c4">
         <name>.text</name>
         <load_address>0x1a938</load_address>
         <run_address>0x1a938</run_address>
         <size>0x14c</size>
         <input_file_ref idref="fl-2"/>
      </object_component>
      <object_component id="oc-3ee">
         <name>.text:fputs</name>
         <load_address>0x1aa84</load_address>
         <run_address>0x1aa84</run_address>
         <size>0x118</size>
         <input_file_ref idref="fl-4b"/>
      </object_component>
      <object_component id="oc-25">
         <name>.text:retain</name>
         <load_address>0x1ab9c</load_address>
         <run_address>0x1ab9c</run_address>
         <size>0x114</size>
         <input_file_ref idref="fl-d"/>
      </object_component>
      <object_component id="oc-3b6">
         <name>.text:_pconv_e</name>
         <load_address>0x1acb0</load_address>
         <run_address>0x1acb0</run_address>
         <size>0x104</size>
         <input_file_ref idref="fl-46"/>
      </object_component>
      <object_component id="oc-4e3">
         <name>.text:fcvt</name>
         <load_address>0x1adb4</load_address>
         <run_address>0x1adb4</run_address>
         <size>0xfc</size>
         <input_file_ref idref="fl-46"/>
      </object_component>
      <object_component id="oc-4f7">
         <name>.text:scalbn</name>
         <load_address>0x1aeb0</load_address>
         <run_address>0x1aeb0</run_address>
         <size>0xf0</size>
         <input_file_ref idref="fl-5d"/>
      </object_component>
      <object_component id="oc-9f">
         <name>.text</name>
         <load_address>0x1afa0</load_address>
         <run_address>0x1afa0</run_address>
         <size>0xe8</size>
         <input_file_ref idref="fl-c"/>
      </object_component>
      <object_component id="oc-43d">
         <name>.text:floor</name>
         <load_address>0x1b088</load_address>
         <run_address>0x1b088</run_address>
         <size>0xe0</size>
         <input_file_ref idref="fl-32"/>
      </object_component>
      <object_component id="oc-df">
         <name>.text</name>
         <load_address>0x1b168</load_address>
         <run_address>0x1b168</run_address>
         <size>0xe0</size>
         <input_file_ref idref="fl-26"/>
      </object_component>
      <object_component id="oc-536">
         <name>.text:setvbuf</name>
         <load_address>0x1b248</load_address>
         <run_address>0x1b248</run_address>
         <size>0xdc</size>
         <input_file_ref idref="fl-51"/>
      </object_component>
      <object_component id="oc-5df">
         <name>.text:free</name>
         <load_address>0x1b324</load_address>
         <run_address>0x1b324</run_address>
         <size>0xd8</size>
         <input_file_ref idref="fl-60"/>
      </object_component>
      <object_component id="oc-8b">
         <name>.text</name>
         <load_address>0x1b3fc</load_address>
         <run_address>0x1b3fc</run_address>
         <size>0xb8</size>
         <input_file_ref idref="fl-f"/>
      </object_component>
      <object_component id="oc-3a4">
         <name>.text:_ltostr</name>
         <load_address>0x1b4b4</load_address>
         <run_address>0x1b4b4</run_address>
         <size>0xad</size>
         <input_file_ref idref="fl-46"/>
      </object_component>
      <object_component id="oc-53">
         <name>.text</name>
         <load_address>0x1b562</load_address>
         <run_address>0x1b562</run_address>
         <size>0x9c</size>
         <input_file_ref idref="fl-36"/>
      </object_component>
      <object_component id="oc-45b">
         <name>.text</name>
         <load_address>0x1b5fe</load_address>
         <run_address>0x1b5fe</run_address>
         <size>0x2</size>
         <input_file_ref idref="fl-44"/>
      </object_component>
      <object_component id="oc-29b">
         <name>.text:fputc</name>
         <load_address>0x1b600</load_address>
         <run_address>0x1b600</run_address>
         <size>0x90</size>
         <input_file_ref idref="fl-3f"/>
      </object_component>
      <object_component id="oc-4dc">
         <name>.text:_mcpy</name>
         <load_address>0x1b690</load_address>
         <run_address>0x1b690</run_address>
         <size>0x7a</size>
         <input_file_ref idref="fl-46"/>
      </object_component>
      <object_component id="oc-d0">
         <name>.text</name>
         <load_address>0x1b70a</load_address>
         <run_address>0x1b70a</run_address>
         <size>0x7a</size>
         <input_file_ref idref="fl-37"/>
      </object_component>
      <object_component id="oc-5e5">
         <name>.text:malloc</name>
         <load_address>0x1b784</load_address>
         <run_address>0x1b784</run_address>
         <size>0x78</size>
         <input_file_ref idref="fl-60"/>
      </object_component>
      <object_component id="oc-656">
         <name>.text:__TI_closefile</name>
         <load_address>0x1b7fc</load_address>
         <run_address>0x1b7fc</run_address>
         <size>0x74</size>
         <input_file_ref idref="fl-65"/>
      </object_component>
      <object_component id="oc-4f1">
         <name>.text:frexp</name>
         <load_address>0x1b870</load_address>
         <run_address>0x1b870</run_address>
         <size>0x74</size>
         <input_file_ref idref="fl-5c"/>
      </object_component>
      <object_component id="oc-12">
         <name>.text:decompress:lzss:__TI_decompress_lzss</name>
         <load_address>0x1b8e4</load_address>
         <run_address>0x1b8e4</run_address>
         <size>0x6c</size>
         <input_file_ref idref="fl-3c"/>
      </object_component>
      <object_component id="oc-67a">
         <name>.text:HOSTlseek</name>
         <load_address>0x1b950</load_address>
         <run_address>0x1b950</run_address>
         <size>0x68</size>
         <input_file_ref idref="fl-54"/>
      </object_component>
      <object_component id="oc-686">
         <name>.text:HOSTrename</name>
         <load_address>0x1b9b8</load_address>
         <run_address>0x1b9b8</run_address>
         <size>0x68</size>
         <input_file_ref idref="fl-57"/>
      </object_component>
      <object_component id="oc-135">
         <name>.text:printf</name>
         <load_address>0x1ba20</load_address>
         <run_address>0x1ba20</run_address>
         <size>0x68</size>
         <input_file_ref idref="fl-40"/>
      </object_component>
      <object_component id="oc-3fd">
         <name>.text:__TI_wrt_ok</name>
         <load_address>0x1ba88</load_address>
         <run_address>0x1ba88</run_address>
         <size>0x64</size>
         <input_file_ref idref="fl-45"/>
      </object_component>
      <object_component id="oc-530">
         <name>.text:fseek</name>
         <load_address>0x1baec</load_address>
         <run_address>0x1baec</run_address>
         <size>0x64</size>
         <input_file_ref idref="fl-4c"/>
      </object_component>
      <object_component id="oc-662">
         <name>.text:HOSTopen</name>
         <load_address>0x1bb50</load_address>
         <run_address>0x1bb50</run_address>
         <size>0x5c</size>
         <input_file_ref idref="fl-55"/>
      </object_component>
      <object_component id="oc-66e">
         <name>.text:HOSTread</name>
         <load_address>0x1bbac</load_address>
         <run_address>0x1bbac</run_address>
         <size>0x5c</size>
         <input_file_ref idref="fl-56"/>
      </object_component>
      <object_component id="oc-674">
         <name>.text:HOSTwrite</name>
         <load_address>0x1bc08</load_address>
         <run_address>0x1bc08</run_address>
         <size>0x58</size>
         <input_file_ref idref="fl-59"/>
      </object_component>
      <object_component id="oc-69f">
         <name>.text:close</name>
         <load_address>0x1bc60</load_address>
         <run_address>0x1bc60</run_address>
         <size>0x58</size>
         <input_file_ref idref="fl-6b"/>
      </object_component>
      <object_component id="oc-4d6">
         <name>.text:_ecpy</name>
         <load_address>0x1bcb8</load_address>
         <run_address>0x1bcb8</run_address>
         <size>0x54</size>
         <input_file_ref idref="fl-46"/>
      </object_component>
      <object_component id="oc-4d0">
         <name>.text:ltoa</name>
         <load_address>0x1bd0c</load_address>
         <run_address>0x1bd0c</run_address>
         <size>0x54</size>
         <input_file_ref idref="fl-4e"/>
      </object_component>
      <object_component id="oc-3b0">
         <name>.text:_pconv_f</name>
         <load_address>0x1bd60</load_address>
         <run_address>0x1bd60</run_address>
         <size>0x50</size>
         <input_file_ref idref="fl-46"/>
      </object_component>
      <object_component id="oc-39e">
         <name>.text:atoi</name>
         <load_address>0x1bdb0</load_address>
         <run_address>0x1bdb0</run_address>
         <size>0x50</size>
         <input_file_ref idref="fl-47"/>
      </object_component>
      <object_component id="oc-2e4">
         <name>.text</name>
         <load_address>0x1be00</load_address>
         <run_address>0x1be00</run_address>
         <size>0x50</size>
         <input_file_ref idref="fl-33"/>
      </object_component>
      <object_component id="oc-403">
         <name>.text:__TI_doflush</name>
         <load_address>0x1be50</load_address>
         <run_address>0x1be50</run_address>
         <size>0x4c</size>
         <input_file_ref idref="fl-4a"/>
      </object_component>
      <object_component id="oc-2af">
         <name>.text:poll_debug_register</name>
         <load_address>0x1be9c</load_address>
         <run_address>0x1be9c</run_address>
         <size>0x48</size>
         <input_file_ref idref="fl-a"/>
      </object_component>
      <object_component id="oc-668">
         <name>.text:HOSTclose</name>
         <load_address>0x1bee4</load_address>
         <run_address>0x1bee4</run_address>
         <size>0x44</size>
         <input_file_ref idref="fl-53"/>
      </object_component>
      <object_component id="oc-680">
         <name>.text:HOSTunlink</name>
         <load_address>0x1bf28</load_address>
         <run_address>0x1bf28</run_address>
         <size>0x44</size>
         <input_file_ref idref="fl-58"/>
      </object_component>
      <object_component id="oc-ed">
         <name>.text:__TI_auto_init_nobinit_nopinit:__TI_auto_init_nobinit_nopinit</name>
         <load_address>0x1bf6c</load_address>
         <run_address>0x1bf6c</run_address>
         <size>0x44</size>
         <input_file_ref idref="fl-38"/>
      </object_component>
      <object_component id="oc-17a">
         <name>.text:exit</name>
         <load_address>0x1bfb0</load_address>
         <run_address>0x1bfb0</run_address>
         <size>0x44</size>
         <input_file_ref idref="fl-3d"/>
      </object_component>
      <object_component id="oc-6e4">
         <name>.text:getdevice</name>
         <load_address>0x1bff4</load_address>
         <run_address>0x1bff4</run_address>
         <size>0x44</size>
         <input_file_ref idref="fl-66"/>
      </object_component>
      <object_component id="oc-4e9">
         <name>.text:_fcpy</name>
         <load_address>0x1c038</load_address>
         <run_address>0x1c038</run_address>
         <size>0x40</size>
         <input_file_ref idref="fl-46"/>
      </object_component>
      <object_component id="oc-6b0">
         <name>.text:__TI_writemsg</name>
         <load_address>0x1c078</load_address>
         <run_address>0x1c078</run_address>
         <size>0x3c</size>
         <input_file_ref idref="fl-5a"/>
      </object_component>
      <object_component id="oc-64b">
         <name>.text:minsert</name>
         <load_address>0x1c0b4</load_address>
         <run_address>0x1c0b4</run_address>
         <size>0x3c</size>
         <input_file_ref idref="fl-60"/>
      </object_component>
      <object_component id="oc-63f">
         <name>.text:minit</name>
         <load_address>0x1c0f0</load_address>
         <run_address>0x1c0f0</run_address>
         <size>0x38</size>
         <input_file_ref idref="fl-60"/>
      </object_component>
      <object_component id="oc-70e">
         <name>.text:strncpy</name>
         <load_address>0x1c128</load_address>
         <run_address>0x1c128</run_address>
         <size>0x36</size>
         <input_file_ref idref="fl-69"/>
      </object_component>
      <object_component id="oc-5eb">
         <name>.text:__TI_cleanup</name>
         <load_address>0x1c160</load_address>
         <run_address>0x1c160</run_address>
         <size>0x34</size>
         <input_file_ref idref="fl-61"/>
      </object_component>
      <object_component id="oc-6b6">
         <name>.text:__TI_readmsg</name>
         <load_address>0x1c194</load_address>
         <run_address>0x1c194</run_address>
         <size>0x34</size>
         <input_file_ref idref="fl-5a"/>
      </object_component>
      <object_component id="oc-714">
         <name>.text:finddevice</name>
         <load_address>0x1c1c8</load_address>
         <run_address>0x1c1c8</run_address>
         <size>0x34</size>
         <input_file_ref idref="fl-66"/>
      </object_component>
      <object_component id="oc-6a5">
         <name>.text:unlink</name>
         <load_address>0x1c1fc</load_address>
         <run_address>0x1c1fc</run_address>
         <size>0x2c</size>
         <input_file_ref idref="fl-6a"/>
      </object_component>
      <object_component id="oc-2e9">
         <name>.text:strncmp</name>
         <load_address>0x1c228</load_address>
         <run_address>0x1c228</run_address>
         <size>0x2a</size>
         <input_file_ref idref="fl-42"/>
      </object_component>
      <object_component id="oc-5d7">
         <name>.text:lseek</name>
         <load_address>0x1c254</load_address>
         <run_address>0x1c254</run_address>
         <size>0x28</size>
         <input_file_ref idref="fl-4d"/>
      </object_component>
      <object_component id="oc-645">
         <name>.text:mremove</name>
         <load_address>0x1c27c</load_address>
         <run_address>0x1c27c</run_address>
         <size>0x28</size>
         <input_file_ref idref="fl-60"/>
      </object_component>
      <object_component id="oc-409">
         <name>.text:write</name>
         <load_address>0x1c2a4</load_address>
         <run_address>0x1c2a4</run_address>
         <size>0x28</size>
         <input_file_ref idref="fl-43"/>
      </object_component>
      <object_component id="oc-528">
         <name>.text:memchr</name>
         <load_address>0x1c2cc</load_address>
         <run_address>0x1c2cc</run_address>
         <size>0x20</size>
         <input_file_ref idref="fl-50"/>
      </object_component>
      <object_component id="oc-54d">
         <name>.text</name>
         <load_address>0x1c2ec</load_address>
         <run_address>0x1c2ec</run_address>
         <size>0x1e</size>
         <input_file_ref idref="fl-34"/>
      </object_component>
      <object_component id="oc-246">
         <name>.text</name>
         <load_address>0x1c30a</load_address>
         <run_address>0x1c30a</run_address>
         <size>0x1e</size>
         <input_file_ref idref="fl-35"/>
      </object_component>
      <object_component id="oc-3c2">
         <name>.text:memccpy</name>
         <load_address>0x1c328</load_address>
         <run_address>0x1c328</run_address>
         <size>0x1c</size>
         <input_file_ref idref="fl-4f"/>
      </object_component>
      <object_component id="oc-2a8">
         <name>.text:configure_debug_apb_system</name>
         <load_address>0x1c344</load_address>
         <run_address>0x1c344</run_address>
         <size>0x18</size>
         <input_file_ref idref="fl-a"/>
      </object_component>
      <object_component id="oc-5b7">
         <name>.text:copysign</name>
         <load_address>0x1c35c</load_address>
         <run_address>0x1c35c</run_address>
         <size>0x18</size>
         <input_file_ref idref="fl-64"/>
      </object_component>
      <object_component id="oc-732">
         <name>.text:strcmp</name>
         <load_address>0x1c374</load_address>
         <run_address>0x1c374</run_address>
         <size>0x18</size>
         <input_file_ref idref="fl-68"/>
      </object_component>
      <object_component id="oc-4fd">
         <name>.text:strchr</name>
         <load_address>0x1c38c</load_address>
         <run_address>0x1c38c</run_address>
         <size>0x16</size>
         <input_file_ref idref="fl-52"/>
      </object_component>
      <object_component id="oc-12f">
         <name>.text:strlen</name>
         <load_address>0x1c3a2</load_address>
         <run_address>0x1c3a2</run_address>
         <size>0x16</size>
         <input_file_ref idref="fl-41"/>
      </object_component>
      <object_component id="oc-6ca">
         <name>.text:strcpy</name>
         <load_address>0x1c3b8</load_address>
         <run_address>0x1c3b8</run_address>
         <size>0x14</size>
         <input_file_ref idref="fl-63"/>
      </object_component>
      <object_component id="oc-3c8">
         <name>.text:wcslen</name>
         <load_address>0x1c3cc</load_address>
         <run_address>0x1c3cc</run_address>
         <size>0x12</size>
         <input_file_ref idref="fl-5b"/>
      </object_component>
      <object_component id="oc-18">
         <name>.text:decompress:none:__TI_decompress_none</name>
         <load_address>0x1c3de</load_address>
         <run_address>0x1c3de</run_address>
         <size>0xe</size>
         <input_file_ref idref="fl-3b"/>
      </object_component>
      <object_component id="oc-65">
         <name>.text:decompress:ZI:__TI_zero_init</name>
         <load_address>0x1c3ec</load_address>
         <run_address>0x1c3ec</run_address>
         <size>0xc</size>
         <input_file_ref idref="fl-3a"/>
      </object_component>
      <object_component id="oc-13b">
         <name>.text:putchar</name>
         <load_address>0x1c3f8</load_address>
         <run_address>0x1c3f8</run_address>
         <size>0xc</size>
         <input_file_ref idref="fl-3f"/>
      </object_component>
      <object_component id="oc-3ce">
         <name>.text:__aeabi_errno_addr</name>
         <load_address>0x1c404</load_address>
         <run_address>0x1c404</run_address>
         <size>0x8</size>
         <input_file_ref idref="fl-5f"/>
      </object_component>
      <object_component id="oc-28e">
         <name>.text:_outc</name>
         <load_address>0x1c40c</load_address>
         <run_address>0x1c40c</run_address>
         <size>0x4</size>
         <input_file_ref idref="fl-40"/>
      </object_component>
      <object_component id="oc-288">
         <name>.text:_outs</name>
         <load_address>0x1c410</load_address>
         <run_address>0x1c410</run_address>
         <size>0x4</size>
         <input_file_ref idref="fl-40"/>
      </object_component>
      <object_component id="oc-174">
         <name>.text:abort:abort</name>
         <load_address>0x1c414</load_address>
         <run_address>0x1c414</run_address>
         <size>0x4</size>
         <input_file_ref idref="fl-3d"/>
      </object_component>
      <object_component id="oc-33">
         <name>.text:retain</name>
         <load_address>0x1c418</load_address>
         <run_address>0x1c418</run_address>
         <size>0x4</size>
         <input_file_ref idref="fl-24"/>
      </object_component>
      <object_component id="oc-2b6">
         <name>.const:tms570_firmware</name>
         <load_address>0x1c41c</load_address>
         <run_address>0x1c41c</run_address>
         <size>0xa48</size>
         <input_file_ref idref="fl-8"/>
      </object_component>
      <object_component id="oc-2b">
         <name>.const:s_vim_init</name>
         <load_address>0x1ce64</load_address>
         <run_address>0x1ce64</run_address>
         <size>0x180</size>
         <input_file_ref idref="fl-29"/>
      </object_component>
      <object_component id="oc-4c5">
         <name>.const:.string:_ctypes_</name>
         <load_address>0x1cfe4</load_address>
         <run_address>0x1cfe4</run_address>
         <size>0x101</size>
         <input_file_ref idref="fl-48"/>
      </object_component>
      <object_component id="oc-60f">
         <name>.const:short_tms_seqs</name>
         <load_address>0x1d0e5</load_address>
         <run_address>0x1d0e5</run_address>
         <size>0x48</size>
         <input_file_ref idref="fl-6"/>
      </object_component>
      <object_component id="oc-233">
         <name>.const:$P$T0$1</name>
         <load_address>0x1d12e</load_address>
         <run_address>0x1d12e</run_address>
         <size>0x2c</size>
         <input_file_ref idref="fl-4"/>
      </object_component>
      <object_component id="oc-2b9">
         <name>.const:tms570_fw_data</name>
         <load_address>0x1d15c</load_address>
         <run_address>0x1d15c</run_address>
         <size>0x10</size>
         <input_file_ref idref="fl-8"/>
      </object_component>
      <object_component id="oc-18c">
         <name>.kernelBSS:init</name>
         <load_address>0x8003620</load_address>
         <run_address>0x8003620</run_address>
         <size>0x34</size>
         <input_file_ref idref="fl-18"/>
      </object_component>
      <object_component id="oc-30b">
         <name>.kernelBSS:uninit</name>
         <load_address>0x8003500</load_address>
         <run_address>0x8003500</run_address>
         <size>0x120</size>
         <input_file_ref idref="fl-18"/>
      </object_component>
      <object_component id="oc-589">
         <name>.kernelHEAP</name>
         <uninitialized>true</uninitialized>
         <run_address>0x800cba8</run_address>
         <size>0x2000</size>
         <input_file_ref idref="fl-12"/>
      </object_component>
      <object_component id="oc-448">
         <name>.bss:crctable</name>
         <uninitialized>true</uninitialized>
         <run_address>0x800c39e</run_address>
         <size>0x200</size>
         <input_file_ref idref="fl-2"/>
      </object_component>
      <object_component id="oc-2ca">
         <name>.bss</name>
         <uninitialized>true</uninitialized>
         <run_address>0x800cb54</run_address>
         <size>0x4</size>
         <input_file_ref idref="fl-3"/>
      </object_component>
      <object_component id="oc-2cd">
         <name>.bss:packet$1</name>
         <uninitialized>true</uninitialized>
         <run_address>0x800bf94</run_address>
         <size>0x205</size>
         <input_file_ref idref="fl-3"/>
      </object_component>
      <object_component id="oc-236">
         <name>.bss:datconfig_t</name>
         <uninitialized>true</uninitialized>
         <run_address>0x800cb58</run_address>
         <size>0x4</size>
         <input_file_ref idref="fl-4"/>
      </object_component>
      <object_component id="oc-239">
         <name>.bss:tx_data</name>
         <uninitialized>true</uninitialized>
         <run_address>0x800b76c</run_address>
         <size>0x428</size>
         <input_file_ref idref="fl-4"/>
      </object_component>
      <object_component id="oc-23c">
         <name>.bss:rx_data</name>
         <uninitialized>true</uninitialized>
         <run_address>0x800b344</run_address>
         <size>0x428</size>
         <input_file_ref idref="fl-4"/>
      </object_component>
      <object_component id="oc-6d8">
         <name>.bss</name>
         <uninitialized>true</uninitialized>
         <run_address>0x800cb00</run_address>
         <size>0x20</size>
         <input_file_ref idref="fl-5"/>
      </object_component>
      <object_component id="oc-558">
         <name>.bss</name>
         <uninitialized>true</uninitialized>
         <run_address>0x800cb5c</run_address>
         <size>0x4</size>
         <input_file_ref idref="fl-7"/>
      </object_component>
      <object_component id="oc-46e">
         <name>.bss:xStart</name>
         <uninitialized>true</uninitialized>
         <run_address>0x800cb3c</run_address>
         <size>0x8</size>
         <input_file_ref idref="fl-12"/>
      </object_component>
      <object_component id="oc-443">
         <name>.bss:g_sciTransfer_t</name>
         <uninitialized>true</uninitialized>
         <run_address>0x800cad8</run_address>
         <size>0x28</size>
         <input_file_ref idref="fl-1b"/>
      </object_component>
      <object_component id="oc-36e">
         <name>.bss:g_spiPacket_t</name>
         <uninitialized>true</uninitialized>
         <run_address>0x800ca00</run_address>
         <size>0x78</size>
         <input_file_ref idref="fl-1d"/>
      </object_component>
      <object_component id="oc-2dd">
         <name>.bss:isrstack</name>
         <uninitialized>true</uninitialized>
         <run_address>0x800cb34</run_address>
         <size>0x8</size>
         <input_file_ref idref="fl-2c"/>
      </object_component>
      <object_component id="oc-2ef">
         <name>.bss</name>
         <uninitialized>true</uninitialized>
         <run_address>0x800cb4c</run_address>
         <size>0x6</size>
         <input_file_ref idref="fl-2c"/>
      </object_component>
      <object_component id="oc-6ee">
         <name>.bss:_CIOBUF_</name>
         <uninitialized>true</uninitialized>
         <run_address>0x800c7a0</run_address>
         <size>0x120</size>
         <input_file_ref idref="fl-5a"/>
      </object_component>
      <object_component id="oc-555">
         <name>.common:bitbang_interface</name>
         <uninitialized>true</uninitialized>
         <run_address>0x800cb60</run_address>
         <size>0x4</size>
      </object_component>
      <object_component id="oc-16f">
         <name>.common:xErase</name>
         <uninitialized>true</uninitialized>
         <run_address>0x800cb98</run_address>
         <size>0x4</size>
      </object_component>
      <object_component id="oc-170">
         <name>.common:xLoad</name>
         <uninitialized>true</uninitialized>
         <run_address>0x800cba0</run_address>
         <size>0x4</size>
      </object_component>
      <object_component id="oc-171">
         <name>.common:xProgram</name>
         <uninitialized>true</uninitialized>
         <run_address>0x800cba4</run_address>
         <size>0x4</size>
      </object_component>
      <object_component id="oc-172">
         <name>.common:xGeneral</name>
         <uninitialized>true</uninitialized>
         <run_address>0x800cb9c</run_address>
         <size>0x4</size>
      </object_component>
      <object_component id="oc-15d">
         <name>.common:packet</name>
         <uninitialized>true</uninitialized>
         <run_address>0x800c199</run_address>
         <size>0x205</size>
      </object_component>
      <object_component id="oc-160">
         <name>.common:status</name>
         <uninitialized>true</uninitialized>
         <run_address>0x800c79f</run_address>
         <size>0x1</size>
      </object_component>
      <object_component id="oc-15c">
         <name>.common:first_block_address</name>
         <uninitialized>true</uninitialized>
         <run_address>0x800cb70</run_address>
         <size>0x4</size>
      </object_component>
      <object_component id="oc-15e">
         <name>.common:sd_size</name>
         <uninitialized>true</uninitialized>
         <run_address>0x800cb8c</run_address>
         <size>0x4</size>
      </object_component>
      <object_component id="oc-162">
         <name>.common:start_address</name>
         <uninitialized>true</uninitialized>
         <run_address>0x800cb94</run_address>
         <size>0x4</size>
      </object_component>
      <object_component id="oc-163">
         <name>.common:sd_data</name>
         <uninitialized>true</uninitialized>
         <run_address>0x800bb94</run_address>
         <size>0x400</size>
      </object_component>
      <object_component id="oc-16c">
         <name>.common:sd_read_data</name>
         <uninitialized>true</uninitialized>
         <run_address>0x800cb88</run_address>
         <size>0x4</size>
      </object_component>
      <object_component id="oc-159">
         <name>.common:i</name>
         <uninitialized>true</uninitialized>
         <run_address>0x800cb74</run_address>
         <size>0x4</size>
      </object_component>
      <object_component id="oc-16d">
         <name>.common:j</name>
         <uninitialized>true</uninitialized>
         <run_address>0x800cb7c</run_address>
         <size>0x4</size>
      </object_component>
      <object_component id="oc-15f">
         <name>.common:sd_status</name>
         <uninitialized>true</uninitialized>
         <run_address>0x800c79e</run_address>
         <size>0x1</size>
      </object_component>
      <object_component id="oc-169">
         <name>.common:jtag_status</name>
         <uninitialized>true</uninitialized>
         <run_address>0x800cb80</run_address>
         <size>0x4</size>
      </object_component>
      <object_component id="oc-167">
         <name>.common:sections_number</name>
         <uninitialized>true</uninitialized>
         <run_address>0x800cb90</run_address>
         <size>0x4</size>
      </object_component>
      <object_component id="oc-168">
         <name>.common:sections</name>
         <uninitialized>true</uninitialized>
         <run_address>0x800c960</run_address>
         <size>0xa0</size>
      </object_component>
      <object_component id="oc-16a">
         <name>.common:external_flash_address</name>
         <uninitialized>true</uninitialized>
         <run_address>0x800cb6c</run_address>
         <size>0x4</size>
      </object_component>
      <object_component id="oc-16b">
         <name>.common:chunk_size</name>
         <uninitialized>true</uninitialized>
         <run_address>0x800cb68</run_address>
         <size>0x4</size>
      </object_component>
      <object_component id="oc-16e">
         <name>.common:jtag_data</name>
         <uninitialized>true</uninitialized>
         <run_address>0x800c59e</run_address>
         <size>0x200</size>
      </object_component>
      <object_component id="oc-161">
         <name>.common:sha</name>
         <uninitialized>true</uninitialized>
         <run_address>0x800ca78</run_address>
         <size>0x60</size>
      </object_component>
      <object_component id="oc-166">
         <name>.common:result</name>
         <uninitialized>true</uninitialized>
         <run_address>0x800cb20</run_address>
         <size>0x14</size>
      </object_component>
      <object_component id="oc-164">
         <name>.common:buffer</name>
         <uninitialized>true</uninitialized>
         <run_address>0x800cb64</run_address>
         <size>0x4</size>
      </object_component>
      <object_component id="oc-165">
         <name>.common:n</name>
         <uninitialized>true</uninitialized>
         <run_address>0x800cb84</run_address>
         <size>0x4</size>
      </object_component>
      <object_component id="oc-2e3">
         <name>.common:init_hwtc_count</name>
         <uninitialized>true</uninitialized>
         <run_address>0x800cb78</run_address>
         <size>0x4</size>
      </object_component>
      <object_component id="oc-2e0">
         <name>.common:RecorderData</name>
         <uninitialized>true</uninitialized>
         <run_address>0x8003d00</run_address>
         <size>0x7644</size>
      </object_component>
      <object_component id="oc-6ab">
         <name>.common:__TI_tmpnams</name>
         <uninitialized>true</uninitialized>
         <run_address>0x800c8c0</run_address>
         <size>0xa0</size>
      </object_component>
      <object_component id="oc-6bc">
         <name>.common:parmbuf</name>
         <uninitialized>true</uninitialized>
         <run_address>0x800cb44</run_address>
         <size>0x8</size>
      </object_component>
      <object_component id="oc-6de">
         <name>.data:tms570gpio_bitbang</name>
         <load_address>0x800f68c</load_address>
         <run_address>0x800f68c</run_address>
         <size>0xc</size>
         <input_file_ref idref="fl-5"/>
      </object_component>
      <object_component id="oc-6db">
         <name>.data</name>
         <load_address>0x800f630</load_address>
         <run_address>0x800f630</run_address>
         <size>0x18</size>
         <input_file_ref idref="fl-5"/>
      </object_component>
      <object_component id="oc-612">
         <name>.data:tms570gpio_interface</name>
         <load_address>0x800f698</load_address>
         <run_address>0x800f698</run_address>
         <size>0xc</size>
         <input_file_ref idref="fl-5"/>
      </object_component>
      <object_component id="oc-552">
         <name>.data</name>
         <load_address>0x800f680</load_address>
         <run_address>0x800f680</run_address>
         <size>0xc</size>
         <input_file_ref idref="fl-6"/>
      </object_component>
      <object_component id="oc-565">
         <name>.data</name>
         <load_address>0x800f526</load_address>
         <run_address>0x800f526</run_address>
         <size>0x1</size>
         <input_file_ref idref="fl-9"/>
      </object_component>
      <object_component id="oc-423">
         <name>.data</name>
         <load_address>0x800f6b4</load_address>
         <run_address>0x800f6b4</run_address>
         <size>0x4</size>
         <input_file_ref idref="fl-a"/>
      </object_component>
      <object_component id="oc-46b">
         <name>.data</name>
         <load_address>0x800f648</load_address>
         <run_address>0x800f648</run_address>
         <size>0x10</size>
         <input_file_ref idref="fl-12"/>
      </object_component>
      <object_component id="oc-18f">
         <name>.data</name>
         <load_address>0x800f6ac</load_address>
         <run_address>0x800f6ac</run_address>
         <size>0x8</size>
         <input_file_ref idref="fl-15"/>
      </object_component>
      <object_component id="oc-2da">
         <name>.data</name>
         <load_address>0x800f5f0</load_address>
         <run_address>0x800f5f0</run_address>
         <size>0x40</size>
         <input_file_ref idref="fl-2c"/>
      </object_component>
      <object_component id="oc-2f0">
         <name>.data:objectHandleStacks</name>
         <load_address>0x800f498</load_address>
         <run_address>0x800f498</run_address>
         <size>0x8e</size>
         <input_file_ref idref="fl-2c"/>
      </object_component>
      <object_component id="oc-340">
         <name>.data:$O1$$</name>
         <load_address>0x800f668</load_address>
         <run_address>0x800f668</run_address>
         <size>0xc</size>
         <input_file_ref idref="fl-3d"/>
      </object_component>
      <object_component id="oc-282">
         <name>.data:$O1$$</name>
         <load_address>0x800f6a4</load_address>
         <run_address>0x800f6a4</run_address>
         <size>0x8</size>
         <input_file_ref idref="fl-3e"/>
      </object_component>
      <object_component id="oc-5fc">
         <name>.data:_device</name>
         <load_address>0x800f528</load_address>
         <run_address>0x800f528</run_address>
         <size>0x78</size>
         <input_file_ref idref="fl-43"/>
      </object_component>
      <object_component id="oc-540">
         <name>.data:_stream</name>
         <load_address>0x800f5a0</load_address>
         <run_address>0x800f5a0</run_address>
         <size>0x50</size>
         <input_file_ref idref="fl-43"/>
      </object_component>
      <object_component id="oc-285">
         <name>.data:_ftable</name>
         <load_address>0x800f3a8</load_address>
         <run_address>0x800f3a8</run_address>
         <size>0xf0</size>
         <input_file_ref idref="fl-49"/>
      </object_component>
      <object_component id="oc-65c">
         <name>.data</name>
         <load_address>0x800f658</load_address>
         <run_address>0x800f658</run_address>
         <size>0x10</size>
         <input_file_ref idref="fl-49"/>
      </object_component>
      <object_component id="oc-50d">
         <name>.data</name>
         <load_address>0x800f6b8</load_address>
         <run_address>0x800f6b8</run_address>
         <size>0x4</size>
         <input_file_ref idref="fl-5f"/>
      </object_component>
      <object_component id="oc-651">
         <name>.data:$O1$$</name>
         <load_address>0x800f674</load_address>
         <run_address>0x800f674</run_address>
         <size>0xc</size>
         <input_file_ref idref="fl-60"/>
      </object_component>
      <object_component id="oc-45">
         <name>.sysmem</name>
         <uninitialized>true</uninitialized>
         <run_address>0x800eba8</run_address>
         <size>0x8</size>
         <input_file_ref idref="fl-60"/>
      </object_component>
      <object_component id="oc-76f">
         <name>.sysmem</name>
         <uninitialized>true</uninitialized>
         <run_address>0x800eba8</run_address>
         <size>0x0</size>
      </object_component>
      <object_component id="oc-351">
         <name>.debug_info</name>
         <load_address>0x0</load_address>
         <run_address>0x0</run_address>
         <size>0x2af</size>
         <input_file_ref idref="fl-2"/>
      </object_component>
      <object_component id="oc-449">
         <name>.debug_info</name>
         <load_address>0x2af</load_address>
         <run_address>0x2af</run_address>
         <size>0x102</size>
         <input_file_ref idref="fl-2"/>
      </object_component>
      <object_component id="oc-2c5">
         <name>.debug_info</name>
         <load_address>0x3b1</load_address>
         <run_address>0x3b1</run_address>
         <size>0x364</size>
         <input_file_ref idref="fl-2"/>
      </object_component>
      <object_component id="oc-195">
         <name>.debug_info</name>
         <load_address>0x715</load_address>
         <run_address>0x715</run_address>
         <size>0x26b</size>
         <input_file_ref idref="fl-2"/>
      </object_component>
      <object_component id="oc-4e">
         <name>.debug_info</name>
         <load_address>0x980</load_address>
         <run_address>0x980</run_address>
         <size>0x84</size>
         <input_file_ref idref="fl-2"/>
      </object_component>
      <object_component id="oc-317">
         <name>.debug_info</name>
         <load_address>0xa04</load_address>
         <run_address>0xa04</run_address>
         <size>0x297</size>
         <input_file_ref idref="fl-2"/>
      </object_component>
      <object_component id="oc-187">
         <name>.debug_info</name>
         <load_address>0xc9b</load_address>
         <run_address>0xc9b</run_address>
         <size>0xbb</size>
         <input_file_ref idref="fl-2"/>
      </object_component>
      <object_component id="oc-33a">
         <name>.debug_info</name>
         <load_address>0xd56</load_address>
         <run_address>0xd56</run_address>
         <size>0xcc</size>
         <input_file_ref idref="fl-2"/>
      </object_component>
      <object_component id="oc-296">
         <name>.debug_info</name>
         <load_address>0xe22</load_address>
         <run_address>0xe22</run_address>
         <size>0x2c</size>
         <input_file_ref idref="fl-2"/>
      </object_component>
      <object_component id="oc-352">
         <name>.debug_info</name>
         <load_address>0xe4e</load_address>
         <run_address>0xe4e</run_address>
         <size>0x439</size>
         <input_file_ref idref="fl-3"/>
      </object_component>
      <object_component id="oc-2cb">
         <name>.debug_info</name>
         <load_address>0x1287</load_address>
         <run_address>0x1287</run_address>
         <size>0x106</size>
         <input_file_ref idref="fl-3"/>
      </object_component>
      <object_component id="oc-148">
         <name>.debug_info</name>
         <load_address>0x138d</load_address>
         <run_address>0x138d</run_address>
         <size>0x411</size>
         <input_file_ref idref="fl-3"/>
      </object_component>
      <object_component id="oc-92">
         <name>.debug_info</name>
         <load_address>0x179e</load_address>
         <run_address>0x179e</run_address>
         <size>0x157</size>
         <input_file_ref idref="fl-3"/>
      </object_component>
      <object_component id="oc-ac">
         <name>.debug_info</name>
         <load_address>0x18f5</load_address>
         <run_address>0x18f5</run_address>
         <size>0x8b</size>
         <input_file_ref idref="fl-3"/>
      </object_component>
      <object_component id="oc-b1">
         <name>.debug_info</name>
         <load_address>0x1980</load_address>
         <run_address>0x1980</run_address>
         <size>0x86</size>
         <input_file_ref idref="fl-3"/>
      </object_component>
      <object_component id="oc-2cf">
         <name>.debug_info</name>
         <load_address>0x1a06</load_address>
         <run_address>0x1a06</run_address>
         <size>0x268</size>
         <input_file_ref idref="fl-3"/>
      </object_component>
      <object_component id="oc-1a4">
         <name>.debug_info</name>
         <load_address>0x1c6e</load_address>
         <run_address>0x1c6e</run_address>
         <size>0x1f9</size>
         <input_file_ref idref="fl-3"/>
      </object_component>
      <object_component id="oc-326">
         <name>.debug_info</name>
         <load_address>0x1e67</load_address>
         <run_address>0x1e67</run_address>
         <size>0x243</size>
         <input_file_ref idref="fl-3"/>
      </object_component>
      <object_component id="oc-57d">
         <name>.debug_info</name>
         <load_address>0x20aa</load_address>
         <run_address>0x20aa</run_address>
         <size>0x18e</size>
         <input_file_ref idref="fl-3"/>
      </object_component>
      <object_component id="oc-245">
         <name>.debug_info</name>
         <load_address>0x2238</load_address>
         <run_address>0x2238</run_address>
         <size>0x41d</size>
         <input_file_ref idref="fl-4"/>
      </object_component>
      <object_component id="oc-237">
         <name>.debug_info</name>
         <load_address>0x2655</load_address>
         <run_address>0x2655</run_address>
         <size>0xfb</size>
         <input_file_ref idref="fl-4"/>
      </object_component>
      <object_component id="oc-23a">
         <name>.debug_info</name>
         <load_address>0x2750</load_address>
         <run_address>0x2750</run_address>
         <size>0xf3</size>
         <input_file_ref idref="fl-4"/>
      </object_component>
      <object_component id="oc-23d">
         <name>.debug_info</name>
         <load_address>0x2843</load_address>
         <run_address>0x2843</run_address>
         <size>0xf3</size>
         <input_file_ref idref="fl-4"/>
      </object_component>
      <object_component id="oc-234">
         <name>.debug_info</name>
         <load_address>0x2936</load_address>
         <run_address>0x2936</run_address>
         <size>0xf3</size>
         <input_file_ref idref="fl-4"/>
      </object_component>
      <object_component id="oc-11e">
         <name>.debug_info</name>
         <load_address>0x2a29</load_address>
         <run_address>0x2a29</run_address>
         <size>0x10ff</size>
         <input_file_ref idref="fl-4"/>
      </object_component>
      <object_component id="oc-373">
         <name>.debug_info</name>
         <load_address>0x3b28</load_address>
         <run_address>0x3b28</run_address>
         <size>0x375</size>
         <input_file_ref idref="fl-4"/>
      </object_component>
      <object_component id="oc-240">
         <name>.debug_info</name>
         <load_address>0x3e9d</load_address>
         <run_address>0x3e9d</run_address>
         <size>0x4d0</size>
         <input_file_ref idref="fl-4"/>
      </object_component>
      <object_component id="oc-72b">
         <name>.debug_info</name>
         <load_address>0x436d</load_address>
         <run_address>0x436d</run_address>
         <size>0x12a</size>
         <input_file_ref idref="fl-4"/>
      </object_component>
      <object_component id="oc-32b">
         <name>.debug_info</name>
         <load_address>0x4497</load_address>
         <run_address>0x4497</run_address>
         <size>0x26c</size>
         <input_file_ref idref="fl-4"/>
      </object_component>
      <object_component id="oc-556">
         <name>.debug_info</name>
         <load_address>0x4703</load_address>
         <run_address>0x4703</run_address>
         <size>0x360</size>
         <input_file_ref idref="fl-5"/>
      </object_component>
      <object_component id="oc-6d9">
         <name>.debug_info</name>
         <load_address>0x4a63</load_address>
         <run_address>0x4a63</run_address>
         <size>0x23f</size>
         <input_file_ref idref="fl-5"/>
      </object_component>
      <object_component id="oc-6df">
         <name>.debug_info</name>
         <load_address>0x4ca2</load_address>
         <run_address>0x4ca2</run_address>
         <size>0x12f</size>
         <input_file_ref idref="fl-5"/>
      </object_component>
      <object_component id="oc-6dc">
         <name>.debug_info</name>
         <load_address>0x4dd1</load_address>
         <run_address>0x4dd1</run_address>
         <size>0x1bf</size>
         <input_file_ref idref="fl-5"/>
      </object_component>
      <object_component id="oc-613">
         <name>.debug_info</name>
         <load_address>0x4f90</load_address>
[...]
         <object_component_ref idref="oc-2da"/>
      </symbol>
      <symbol id="sm-1163">
         <name>prvTraceStoreTaskswitch</name>
         <value>0x8c24</value>
         <object_component_ref idref="oc-14d"/>
      </symbol>
      <symbol id="sm-1164">
         <name>nISRactive</name>
         <value>0x800f610</value>
         <object_component_ref idref="oc-2da"/>
      </symbol>
      <symbol id="sm-1165">
         <name>prvMarkObjectAsUsed</name>
         <value>0x9ddc</value>
         <object_component_ref idref="oc-14d"/>
      </symbol>
      <symbol id="sm-1166">
         <name>prvTraceStoreObjectNameOnCloseEvent</name>
         <value>0x8db0</value>
         <object_component_ref idref="oc-14d"/>
      </symbol>
      <symbol id="sm-1167">
         <name>CurrentFilterGroup</name>
         <value>0x800f61a</value>
         <object_component_ref idref="oc-2da"/>
      </symbol>
      <symbol id="sm-1168">
         <name>vTraceClearError</name>
         <value>0x82e4</value>
         <object_component_ref idref="oc-14d"/>
      </symbol>
      <symbol id="sm-1169">
         <name>timestampFrequency</name>
         <value>0x800f608</value>
         <object_component_ref idref="oc-2da"/>
      </symbol>
      <symbol id="sm-116a">
         <name>prvTraceGetObjectHandle</name>
         <value>0x9b70</value>
         <object_component_ref idref="oc-14d"/>
      </symbol>
      <symbol id="sm-116b">
         <name>vTraceSetFrequency</name>
         <value>0xa218</value>
         <object_component_ref idref="oc-14d"/>
      </symbol>
      <symbol id="sm-116c">
         <name>uiIndexOfObject</name>
         <value>0x9a74</value>
         <object_component_ref idref="oc-14d"/>
      </symbol>
      <symbol id="sm-116d">
         <name>vTraceStopHookPtr</name>
         <value>0x800f614</value>
         <object_component_ref idref="oc-2da"/>
      </symbol>
      <symbol id="sm-116e">
         <name>vTraceSetFilterGroup</name>
         <value>0xa2c8</value>
         <object_component_ref idref="oc-14d"/>
      </symbol>
      <symbol id="sm-116f">
         <name>recorder_busy</name>
         <value>0x800f604</value>
         <object_component_ref idref="oc-2da"/>
      </symbol>
      <symbol id="sm-1170">
         <name>vTraceClear</name>
         <value>0x808c</value>
         <object_component_ref idref="oc-14d"/>
      </symbol>
      <symbol id="sm-1171">
         <name>vTraceInstanceFinishedNext</name>
         <value>0x83d8</value>
         <object_component_ref idref="oc-14d"/>
      </symbol>
      <symbol id="sm-1172">
         <name>vTraceStoreISRBegin</name>
         <value>0x8574</value>
         <object_component_ref idref="oc-14d"/>
      </symbol>
      <symbol id="sm-1173">
         <name>isPendingContextSwitch</name>
         <value>0x800f5f0</value>
         <object_component_ref idref="oc-2da"/>
      </symbol>
      <symbol id="sm-1174">
         <name>xTraceGetTraceBuffer</name>
         <value>0x8314</value>
         <object_component_ref idref="oc-14d"/>
      </symbol>
      <symbol id="sm-1175">
         <name>prvTraceFreeObjectHandle</name>
         <value>0x9d08</value>
         <object_component_ref idref="oc-14d"/>
      </symbol>
      <symbol id="sm-1176">
         <name>handle_of_last_logged_task</name>
         <value>0x800f611</value>
         <object_component_ref idref="oc-2da"/>
      </symbol>
      <symbol id="sm-1177">
         <name>trace_disable_timestamp</name>
         <value>0x800f5fc</value>
         <object_component_ref idref="oc-2da"/>
      </symbol>
      <symbol id="sm-1178">
         <name>xTraceGetLastError</name>
         <value>0x82d8</value>
         <object_component_ref idref="oc-14d"/>
      </symbol>
      <symbol id="sm-1179">
         <name>uiTraceGetTraceBufferSize</name>
         <value>0x8320</value>
         <object_component_ref idref="oc-14d"/>
      </symbol>
      <symbol id="sm-117a">
         <name>prvTraceSetTaskInstanceFinished</name>
         <value>0x93e8</value>
         <object_component_ref idref="oc-14d"/>
      </symbol>
      <symbol id="sm-117b">
         <name>prvTraceStoreTaskReady</name>
         <value>0x89fc</value>
         <object_component_ref idref="oc-14d"/>
      </symbol>
      <symbol id="sm-11a2">
         <name>floorl</name>
         <value>0x1b089</value>
         <object_component_ref idref="oc-43d"/>
      </symbol>
      <symbol id="sm-11a3">
         <name>floor</name>
         <value>0x1b089</value>
         <object_component_ref idref="oc-43d"/>
      </symbol>
      <symbol id="sm-11af">
         <name>__aeabi_uidivmod</name>
         <value>0x1be00</value>
         <object_component_ref idref="oc-2e4"/>
      </symbol>
      <symbol id="sm-11b0">
         <name>__aeabi_uidiv</name>
         <value>0x1be00</value>
         <object_component_ref idref="oc-2e4"/>
      </symbol>
      <symbol id="sm-11b9">
         <name>__aeabi_llsl</name>
         <value>0x1c2ed</value>
         <object_component_ref idref="oc-54d"/>
      </symbol>
      <symbol id="sm-11c2">
         <name>__aeabi_llsr</name>
         <value>0x1c30b</value>
         <object_component_ref idref="oc-246"/>
      </symbol>
      <symbol id="sm-11dd">
         <name>memcpy</name>
         <value>0x1b563</value>
         <object_component_ref idref="oc-53"/>
      </symbol>
      <symbol id="sm-11de">
         <name>__aeabi_memcpy</name>
         <value>0x1b563</value>
         <object_component_ref idref="oc-53"/>
      </symbol>
      <symbol id="sm-11df">
         <name>__aeabi_memcpy8</name>
         <value>0x1b563</value>
         <object_component_ref idref="oc-53"/>
      </symbol>
      <symbol id="sm-11e0">
         <name>__aeabi_memcpy4</name>
         <value>0x1b563</value>
         <object_component_ref idref="oc-53"/>
      </symbol>
      <symbol id="sm-11ef">
         <name>__aeabi_memset</name>
         <value>0x1b70d</value>
         <object_component_ref idref="oc-d0"/>
      </symbol>
      <symbol id="sm-11f0">
         <name>memset</name>
         <value>0x1b713</value>
         <object_component_ref idref="oc-d0"/>
      </symbol>
      <symbol id="sm-11f1">
         <name>__aeabi_memset8</name>
         <value>0x1b70d</value>
         <object_component_ref idref="oc-d0"/>
      </symbol>
      <symbol id="sm-11f2">
         <name>__aeabi_memset4</name>
         <value>0x1b70d</value>
         <object_component_ref idref="oc-d0"/>
      </symbol>
      <symbol id="sm-11f3">
         <name>__aeabi_memclr8</name>
         <value>0x1b70b</value>
         <object_component_ref idref="oc-d0"/>
      </symbol>
      <symbol id="sm-11f4">
         <name>__aeabi_memclr4</name>
         <value>0x1b70b</value>
         <object_component_ref idref="oc-d0"/>
      </symbol>
      <symbol id="sm-11f5">
         <name>__aeabi_memclr</name>
         <value>0x1b70b</value>
         <object_component_ref idref="oc-d0"/>
      </symbol>
      <symbol id="sm-121d">
         <name>__TI_auto_init_nobinit_nopinit</name>
         <value>0x1bf6d</value>
         <object_component_ref idref="oc-ed"/>
      </symbol>
      <symbol id="sm-1230">
         <name>__TI_zero_init</name>
         <value>0x1c3ed</value>
         <object_component_ref idref="oc-65"/>
      </symbol>
      <symbol id="sm-1247">
         <name>__TI_decompress_none</name>
         <value>0x1c3df</value>
         <object_component_ref idref="oc-18"/>
      </symbol>
      <symbol id="sm-126a">
         <name>__TI_decompress_lzss</name>
         <value>0x1b8e5</value>
         <object_component_ref idref="oc-12"/>
      </symbol>
      <symbol id="sm-1290">
         <name>C$$EXIT</name>
         <value>0x1c415</value>
         <object_component_ref idref="oc-174"/>
      </symbol>
      <symbol id="sm-1291">
         <name>abort</name>
         <value>0x1c415</value>
         <object_component_ref idref="oc-174"/>
      </symbol>
      <symbol id="sm-1292">
         <name>__TI_dtors_ptr</name>
         <value>0x800f66c</value>
         <object_component_ref idref="oc-340"/>
      </symbol>
      <symbol id="sm-1293">
         <name>__TI_cleanup_ptr</name>
         <value>0x800f668</value>
         <object_component_ref idref="oc-340"/>
      </symbol>
      <symbol id="sm-1294">
         <name>__TI_enable_exit_profile_output</name>
         <value>0x800f670</value>
         <object_component_ref idref="oc-340"/>
      </symbol>
      <symbol id="sm-1295">
         <name>exit</name>
         <value>0x1bfb1</value>
         <object_component_ref idref="oc-17a"/>
      </symbol>
      <symbol id="sm-12aa">
         <name>_nop</name>
         <value>0x14a07</value>
         <object_component_ref idref="oc-3e0"/>
      </symbol>
      <symbol id="sm-12ab">
         <name>_lock</name>
         <value>0x800f6a4</value>
         <object_component_ref idref="oc-282"/>
      </symbol>
      <symbol id="sm-12ac">
         <name>_unlock</name>
         <value>0x800f6a8</value>
         <object_component_ref idref="oc-282"/>
      </symbol>
      <symbol id="sm-12d0">
         <name>putc</name>
         <value>0x1b601</value>
         <object_component_ref idref="oc-29b"/>
      </symbol>
      <symbol id="sm-12d1">
         <name>fputc</name>
         <value>0x1b601</value>
         <object_component_ref idref="oc-29b"/>
      </symbol>
      <symbol id="sm-12d2">
         <name>putchar</name>
         <value>0x1c3f9</value>
         <object_component_ref idref="oc-13b"/>
      </symbol>
      <symbol id="sm-12f9">
         <name>printf</name>
         <value>0x1ba21</value>
         <object_component_ref idref="oc-135"/>
      </symbol>
      <symbol id="sm-1307">
         <name>strlen</name>
         <value>0x1c3a3</value>
         <object_component_ref idref="oc-12f"/>
      </symbol>
      <symbol id="sm-1317">
         <name>strncmp</name>
         <value>0x1c229</value>
         <object_component_ref idref="oc-2e9"/>
      </symbol>
      <symbol id="sm-133d">
         <name>_stream</name>
         <value>0x800f5a0</value>
         <object_component_ref idref="oc-540"/>
      </symbol>
      <symbol id="sm-133e">
         <name>_device</name>
         <value>0x800f528</value>
         <object_component_ref idref="oc-5fc"/>
      </symbol>
      <symbol id="sm-133f">
         <name>write</name>
         <value>0x1c2a5</value>
         <object_component_ref idref="oc-409"/>
      </symbol>
      <symbol id="sm-1349">
         <name>__aeabi_idiv0</name>
         <value>0x1b5ff</value>
         <object_component_ref idref="oc-45b"/>
      </symbol>
      <symbol id="sm-134a">
         <name>__aeabi_ldiv0</name>
         <value>0x1b5ff</value>
         <object_component_ref idref="oc-45b"/>
      </symbol>
      <symbol id="sm-1362">
         <name>__TI_wrt_ok</name>
         <value>0x1ba89</value>
         <object_component_ref idref="oc-3fd"/>
      </symbol>
      <symbol id="sm-14c0">
         <name>__TI_printfi</name>
         <value>0x13fd5</value>
         <object_component_ref idref="oc-27c"/>
      </symbol>
      <symbol id="sm-14d5">
         <name>atoi</name>
         <value>0x1bdb1</value>
         <object_component_ref idref="oc-39e"/>
      </symbol>
      <symbol id="sm-14e0">
         <name>_ctypes_</name>
         <value>0x1cfe4</value>
         <object_component_ref idref="oc-4c5"/>
      </symbol>
      <symbol id="sm-14f5">
         <name>__TI_tmpnams</name>
         <value>0x800c8c0</value>
      </symbol>
      <symbol id="sm-14f6">
         <name>__aeabi_stdout</name>
         <value>0x800f660</value>
         <object_component_ref idref="oc-65c"/>
      </symbol>
      <symbol id="sm-14f7">
         <name>__aeabi_stderr</name>
         <value>0x800f664</value>
         <object_component_ref idref="oc-65c"/>
      </symbol>
      <symbol id="sm-14f8">
         <name>__aeabi_stdin</name>
         <value>0x800f65c</value>
         <object_component_ref idref="oc-65c"/>
      </symbol>
      <symbol id="sm-14f9">
         <name>_ftable</name>
         <value>0x800f3a8</value>
         <object_component_ref idref="oc-285"/>
      </symbol>
      <symbol id="sm-14fa">
         <name>__TI_ft_end</name>
         <value>0x800f658</value>
         <object_component_ref idref="oc-65c"/>
      </symbol>
      <symbol id="sm-150a">
         <name>__TI_doflush</name>
         <value>0x1be51</value>
         <object_component_ref idref="oc-403"/>
      </symbol>
      <symbol id="sm-1528">
         <name>fputs</name>
         <value>0x1aa85</value>
         <object_component_ref idref="oc-3ee"/>
      </symbol>
      <symbol id="sm-153a">
         <name>fseek</name>
         <value>0x1baed</value>
         <object_component_ref idref="oc-530"/>
      </symbol>
      <symbol id="sm-154a">
         <name>lseek</name>
         <value>0x1c255</value>
         <object_component_ref idref="oc-5d7"/>
      </symbol>
      <symbol id="sm-1559">
         <name>ltoa</name>
         <value>0x1bd0d</value>
         <object_component_ref idref="oc-4d0"/>
      </symbol>
      <symbol id="sm-1569">
         <name>memccpy</name>
         <value>0x1c329</value>
         <object_component_ref idref="oc-3c2"/>
      </symbol>
      <symbol id="sm-1579">
         <name>memchr</name>
         <value>0x1c2cd</value>
         <object_component_ref idref="oc-528"/>
      </symbol>
      <symbol id="sm-1595">
         <name>setvbuf</name>
         <value>0x1b249</value>
         <object_component_ref idref="oc-536"/>
      </symbol>
      <symbol id="sm-15a5">
         <name>strchr</name>
         <value>0x1c38d</value>
         <object_component_ref idref="oc-4fd"/>
      </symbol>
      <symbol id="sm-15b6">
         <name>HOSTclose</name>
         <value>0x1bee5</value>
         <object_component_ref idref="oc-668"/>
      </symbol>
      <symbol id="sm-15c7">
         <name>HOSTlseek</name>
         <value>0x1b951</value>
         <object_component_ref idref="oc-67a"/>
      </symbol>
      <symbol id="sm-15d9">
         <name>parmbuf</name>
         <value>0x800cb44</value>
      </symbol>
      <symbol id="sm-15da">
         <name>HOSTopen</name>
         <value>0x1bb51</value>
         <object_component_ref idref="oc-662"/>
      </symbol>
      <symbol id="sm-15eb">
         <name>HOSTread</name>
         <value>0x1bbad</value>
         <object_component_ref idref="oc-66e"/>
      </symbol>
      <symbol id="sm-15fc">
         <name>HOSTrename</name>
         <value>0x1b9b9</value>
         <object_component_ref idref="oc-686"/>
      </symbol>
      <symbol id="sm-160d">
         <name>HOSTunlink</name>
         <value>0x1bf29</value>
         <object_component_ref idref="oc-680"/>
      </symbol>
      <symbol id="sm-161e">
         <name>HOSTwrite</name>
         <value>0x1bc09</value>
         <object_component_ref idref="oc-674"/>
      </symbol>
      <symbol id="sm-1642">
         <name>__TI_readmsg</name>
         <value>0x1c195</value>
         <object_component_ref idref="oc-6b6"/>
      </symbol>
      <symbol id="sm-1643">
         <name>C$$IO$$</name>
         <value>0x1c0ab</value>
         <object_component_ref idref="oc-6b0"/>
      </symbol>
      <symbol id="sm-1644">
         <name>__CIOBUF_</name>
         <value>0x800c7a0</value>
         <object_component_ref idref="oc-6ee"/>
      </symbol>
      <symbol id="sm-1645">
         <name>__TI_writemsg</name>
         <value>0x1c079</value>
         <object_component_ref idref="oc-6b0"/>
      </symbol>
      <symbol id="sm-165e">
         <name>wcslen</name>
         <value>0x1c3cd</value>
         <object_component_ref idref="oc-3c8"/>
      </symbol>
      <symbol id="sm-167c">
         <name>frexpl</name>
         <value>0x1b871</value>
         <object_component_ref idref="oc-4f1"/>
      </symbol>
      <symbol id="sm-167d">
         <name>frexp</name>
         <value>0x1b871</value>
         <object_component_ref idref="oc-4f1"/>
      </symbol>
      <symbol id="sm-169a">
         <name>scalbn</name>
         <value>0x1aeb1</value>
         <object_component_ref idref="oc-4f7"/>
      </symbol>
      <symbol id="sm-169b">
         <name>scalbnl</name>
         <value>0x1aeb1</value>
         <object_component_ref idref="oc-4f7"/>
      </symbol>
      <symbol id="sm-169c">
         <name>ldexpl</name>
         <value>0x1aeb1</value>
         <object_component_ref idref="oc-4f7"/>
      </symbol>
      <symbol id="sm-169d">
         <name>ldexp</name>
         <value>0x1aeb1</value>
         <object_component_ref idref="oc-4f7"/>
      </symbol>
      <symbol id="sm-16b9">
         <name>__aeabi_uldivmod</name>
         <value>0x190e8</value>
         <object_component_ref idref="oc-4ca"/>
      </symbol>
      <symbol id="sm-16cf">
         <name>__aeabi_errno_addr</name>
         <value>0x1c405</value>
         <object_component_ref idref="oc-3ce"/>
      </symbol>
      <symbol id="sm-16d0">
         <name>errno</name>
         <value>0x800f6b8</value>
         <object_component_ref idref="oc-50d"/>
      </symbol>
      <symbol id="sm-1749">
         <name>_sys_memory</name>
         <value>0x800eba8</value>
         <object_component_ref idref="oc-45"/>
      </symbol>
      <symbol id="sm-174a">
         <name>free</name>
         <value>0x1b325</value>
         <object_component_ref idref="oc-5df"/>
      </symbol>
      <symbol id="sm-174b">
         <name>malloc</name>
         <value>0x1b785</value>
         <object_component_ref idref="oc-5e5"/>
      </symbol>
      <symbol id="sm-174c">
         <name>minit</name>
         <value>0x1c0f1</value>
         <object_component_ref idref="oc-63f"/>
      </symbol>
      <symbol id="sm-175c">
         <name>__TI_cleanup</name>
         <value>0x1c161</value>
         <object_component_ref idref="oc-5eb"/>
      </symbol>
      <symbol id="sm-176b">
         <name>strcpy</name>
         <value>0x1c3b9</value>
         <object_component_ref idref="oc-6ca"/>
      </symbol>
      <symbol id="sm-1775">
         <name>copysign</name>
         <value>0x1c35d</value>
         <object_component_ref idref="oc-5b7"/>
      </symbol>
      <symbol id="sm-1776">
         <name>copysignl</name>
         <value>0x1c35d</value>
         <object_component_ref idref="oc-5b7"/>
      </symbol>
      <symbol id="sm-178b">
         <name>__TI_closefile</name>
         <value>0x1b7fd</value>
         <object_component_ref idref="oc-656"/>
      </symbol>
      <symbol id="sm-17ae">
         <name>finddevice</name>
         <value>0x1c1c9</value>
         <object_component_ref idref="oc-714"/>
      </symbol>
      <symbol id="sm-17af">
         <name>getdevice</name>
         <value>0x1bff5</value>
         <object_component_ref idref="oc-6e4"/>
      </symbol>
      <symbol id="sm-17bf">
         <name>strcmp</name>
         <value>0x1c375</value>
         <object_component_ref idref="oc-732"/>
      </symbol>
      <symbol id="sm-17cf">
         <name>strncpy</name>
         <value>0x1c129</value>
         <object_component_ref idref="oc-70e"/>
      </symbol>
      <symbol id="sm-17df">
         <name>unlink</name>
         <value>0x1c1fd</value>
         <object_component_ref idref="oc-6a5"/>
      </symbol>
      <symbol id="sm-17f3">
         <name>close</name>
         <value>0x1bc61</value>
         <object_component_ref idref="oc-69f"/>
      </symbol>
      <symbol id="sm-17f4">
         <name>__TI_static_base__</name>
         <value>0x0</value>
      </symbol>
      <symbol id="sm-17f8">
         <name>SHT$$INIT_ARRAY$$Base</name>
         <value>0x0</value>
      </symbol>
      <symbol id="sm-17f9">
         <name>SHT$$INIT_ARRAY$$Limit</name>
         <value>0x0</value>
      </symbol>
      <symbol id="sm-17fa">
         <name>_system_post_cinit</name>
         <value>0x0</value>
      </symbol>
      <symbol id="sm-17fb">
         <name>remove</name>
         <value>0x1c1fd</value>
      </symbol>
   </symbol_table>
   <title>Link successful</title>
</link_info>
