******************************************************************************
                  TI ARM Linker Unix v18.1.4                   
******************************************************************************
>> Linked Fri Mar 29 06:37:44 2019

OUTPUT FILE NAME:   <OBC_Programming_System.out>
ENTRY POINT SYMBOL: "_c_int00"  address: 000193a0


MEMORY CONFIGURATION

         name            origin    length      used     unused   attr    fill
----------------------  --------  ---------  --------  --------  ----  --------
  VECTORS               00000000   00000020  00000020  00000000     X
  KERNEL                00000020   00008000  00005b80  00002480  R  X
  FLASH0                00008020   00177fe0  0001514c  00162e94  R  X
  FLASH1                00180000   00180000  00000000  00180000  R  X
  STACKS                08000000   00003500  00000000  00003500  RW  
  KRAM                  08003500   00000800  00000154  000006ac  RW  
  RAM                   08003d00   0003f000  0000b9bc  00033644  RW  


SEGMENT ALLOCATION MAP

run origin  load origin   length   init length attrs members
----------  ----------- ---------- ----------- ----- -------
00000000    00000000    00005ba0   00005ba0    r-x
  00000000    00000000    00000020   00000020    r-x .intvecs
  00000020    00000020    00005a80   00005a80    r-x .kernelTEXT
  00005aa0    00005aa0    00000100   00000100    r-- .cinit
00008020    00008020    0001514c   0001514c    r-x
  00008020    00008020    000143fc   000143fc    r-x .text
  0001c41c    0001c41c    00000d50   00000d50    r-- .const
08003500    08003500    00000154   00000000    rw-
  08003500    08003500    00000154   00000000    rw- .kernelBSS
08003d00    08003d00    0000b9bc   00000000    rw-
  08003d00    08003d00    00008ea8   00000000    rw- .bss
  0800cba8    0800cba8    00002000   00000000    rw- .kernelHEAP
  0800eba8    0800eba8    00000800   00000000    rw- .sysmem
  0800f3a8    0800f3a8    00000314   00000000    rw- .data


SECTION ALLOCATION MAP

 output                                  attributes/
section   page    origin      length       input sections
--------  ----  ----------  ----------   ----------------
.intvecs   0    00000000    00000020     
                  00000000    00000020     sys_intvecs.obj (.intvecs)

.kernelTEXT 
*          0    00000020    00005a80     
                  00000020    000033dc     os_tasks.obj (.kernelTEXT)
                  000033fc    00001238     os_queue.obj (.kernelTEXT)
                  00004634    0000085c     os_event_groups.obj (.kernelTEXT)
                  00004e90    000004b0     os_portasm.obj (.kernelTEXT)
                  00005340    000003e0     os_port.obj (.kernelTEXT)
                  00005720    00000380     os_heap.obj (.kernelTEXT)

.cinit     0    00005aa0    00000100     
                  00005aa0    000000b6     (.cinit..data.load) [load image, compression = lzss]
                  00005b56    00000002     --HOLE-- [fill = 0]
                  00005b58    0000000c     (__TI_handler_table)
                  00005b64    00000009     (.cinit..kernelBSS.load) [load image, compression = lzss]
                  00005b6d    00000003     --HOLE-- [fill = 0]
                  00005b70    00000008     (.cinit..bss.load) [load image, compression = zero_init]
                  00005b78    00000008     (.cinit..kernelHEAP.load) [load image, compression = zero_init]
                  00005b80    00000020     (__TI_cinit_table)

.text      0    00008020    000143fc     
                  00008020    00002e84     trcSnapshotRecorder.obj (.text)
                  0000aea4    00002cdc     sys_selftest.obj (.text)
                  0000db80    00002aa8     sha1.obj (.text)
                  00010628    00000cfc     sd.obj (.text)
                  00011324    00000bd8     spi.obj (.text)
                  00011efc    00000b4c     tms570_jtag_driver.obj (.text)
                  00012a48    00000b28     system.obj (.text)
                  00013570    00000a64     os_mpu_wrappers.obj (.text)
                  00013fd4    00000a32     rtsv7R4_T_be_v3D16_eabi.lib : _printfi.c.obj (.text:__TI_printfi)
                  00014a06    00000002                                 : _lock.c.obj (.text:_nop)
                  00014a08    00000908     trcKernelPort.obj (.text)
                  00015310    0000089c     sys_vim.obj (.text)
                  00015bac    00000888     sys_main.obj (.text)
                  00016434    000007a8     sci.obj (.text)
                  00016bdc    00000660     debugger.obj (.text)
                  0001723c    00000638     pinmux.obj (.text)
                  00017874    000005bc     esm.obj (.text)
                  00017e30    00000484     gio.obj (.text)
                  000182b4    000003f4     jtag.obj (.text)
                  000186a8    00000390     interface.obj (.text)
                  00018a38    00000364     programmer_operations.obj (.text)
                  00018d9c    0000034c     sys_core.obj (.text)
                  000190e8    000002b8     rtsv7R4_T_be_v3D16_eabi.lib : ull_div32.asm.obj (.text)
                  000193a0    00000298     sys_startup.obj (.text:retain)
                  00019638    00000290     sys_vim.obj (.text:retain)
                  000198c8    00000278     os_heap.obj (.text)
                  00019b40    00000248     rtsv7R4_T_be_v3D16_eabi.lib : _printfi.c.obj (.text:_pconv_a)
                  00019d88    00000238     os_list.obj (.text)
                  00019fc0    000001cc     debug_port.obj (.text)
                  0001a18c    000001b4     os_port.obj (.text)
                  0001a340    000001a0     rtsv7R4_T_be_v3D16_eabi.lib : _printfi.c.obj (.text:_pconv_g)
                  0001a4e0    00000180     communication.obj (.text)
                  0001a660    00000174     icepick.obj (.text)
                  0001a7d4    00000164     os_tasks.obj (.text)
                  0001a938    0000014c     crc16.obj (.text)
                  0001aa84    00000118     rtsv7R4_T_be_v3D16_eabi.lib : fputs.c.obj (.text:fputs)
                  0001ab9c    00000114     esm.obj (.text:retain)
                  0001acb0    00000104     rtsv7R4_T_be_v3D16_eabi.lib : _printfi.c.obj (.text:_pconv_e)
                  0001adb4    000000fc                                 : _printfi.c.obj (.text:fcvt)
                  0001aeb0    000000f0                                 : s_scalbn.c.obj (.text:scalbn)
                  0001afa0    000000e8     dabort.obj (.text)
                  0001b088    000000e0     rtsv7R4_T_be_v3D16_eabi.lib : s_floor.c.obj (.text:floor)
                  0001b168    000000e0     sys_pmu.obj (.text)
                  0001b248    000000dc     rtsv7R4_T_be_v3D16_eabi.lib : setvbuf.c.obj (.text:setvbuf)
                  0001b324    000000d8                                 : memory.c.obj (.text:free)
                  0001b3fc    000000b8     notification.obj (.text)
                  0001b4b4    000000ad     rtsv7R4_T_be_v3D16_eabi.lib : _printfi.c.obj (.text:_ltostr)
                  0001b561    00000001     --HOLE-- [fill = 0]
                  0001b562    0000009c                                 : memcpy_t2.asm.obj (.text)
                  0001b5fe    00000002                                 : div0.asm.obj (.text)
                  0001b600    00000090                                 : fputc.c.obj (.text:fputc)
                  0001b690    0000007a                                 : _printfi.c.obj (.text:_mcpy)
                  0001b70a    0000007a                                 : memset_t2.asm.obj (.text)
                  0001b784    00000078                                 : memory.c.obj (.text:malloc)
                  0001b7fc    00000074                                 : fclose.c.obj (.text:__TI_closefile)
                  0001b870    00000074                                 : s_frexp.c.obj (.text:frexp)
                  0001b8e4    0000006c                                 : copy_decompress_lzss.c.obj (.text:decompress:lzss:__TI_decompress_lzss)
                  0001b950    00000068                                 : hostlseek.c.obj (.text:HOSTlseek)
                  0001b9b8    00000068                                 : hostrename.c.obj (.text:HOSTrename)
                  0001ba20    00000068                                 : printf.c.obj (.text:printf)
                  0001ba88    00000064                                 : _io_perm.c.obj (.text:__TI_wrt_ok)
                  0001baec    00000064                                 : fseek.c.obj (.text:fseek)
                  0001bb50    0000005c                                 : hostopen.c.obj (.text:HOSTopen)
                  0001bbac    0000005c                                 : hostread.c.obj (.text:HOSTread)
                  0001bc08    00000058                                 : hostwrite.c.obj (.text:HOSTwrite)
                  0001bc60    00000058                                 : close.c.obj (.text:close)
                  0001bcb8    00000054                                 : _printfi.c.obj (.text:_ecpy)
                  0001bd0c    00000054                                 : ltoa.c.obj (.text:ltoa)
                  0001bd60    00000050                                 : _printfi.c.obj (.text:_pconv_f)
                  0001bdb0    00000050                                 : atoi.c.obj (.text:atoi)
                  0001be00    00000050                                 : u_div32.asm.obj (.text)
                  0001be50    0000004c                                 : fflush.c.obj (.text:__TI_doflush)
                  0001be9c    00000048     debugger.obj (.text:poll_debug_register)
                  0001bee4    00000044     rtsv7R4_T_be_v3D16_eabi.lib : hostclose.c.obj (.text:HOSTclose)
                  0001bf28    00000044                                 : hostunlink.c.obj (.text:HOSTunlink)
                  0001bf6c    00000044                                 : autoinit.c.obj (.text:__TI_auto_init_nobinit_nopinit:__TI_auto_init_nobinit_nopinit)
                  0001bfb0    00000044                                 : exit.c.obj (.text:exit)
                  0001bff4    00000044                                 : getdevice.c.obj (.text:getdevice)
                  0001c038    00000040                                 : _printfi.c.obj (.text:_fcpy)
                  0001c078    0000003c                                 : trgmsg.c.obj (.text:__TI_writemsg)
                  0001c0b4    0000003c                                 : memory.c.obj (.text:minsert)
                  0001c0f0    00000038                                 : memory.c.obj (.text:minit)
                  0001c128    00000036                                 : strncpy.c.obj (.text:strncpy)
                  0001c15e    00000002     --HOLE-- [fill = 0]
                  0001c160    00000034                                 : fopen.c.obj (.text:__TI_cleanup)
                  0001c194    00000034                                 : trgmsg.c.obj (.text:__TI_readmsg)
                  0001c1c8    00000034                                 : getdevice.c.obj (.text:finddevice)
                  0001c1fc    0000002c                                 : unlink.c.obj (.text:unlink)
                  0001c228    0000002a                                 : strncmp.c.obj (.text:strncmp)
                  0001c252    00000002     --HOLE-- [fill = 0]
                  0001c254    00000028                                 : lseek.c.obj (.text:lseek)
                  0001c27c    00000028                                 : memory.c.obj (.text:mremove)
                  0001c2a4    00000028                                 : write.c.obj (.text:write)
                  0001c2cc    00000020                                 : memchr.c.obj (.text:memchr)
                  0001c2ec    0000001e                                 : ll_lsl_t2.asm.obj (.text)
                  0001c30a    0000001e                                 : ll_lsr_t2.asm.obj (.text)
                  0001c328    0000001c                                 : memccpy.c.obj (.text:memccpy)
                  0001c344    00000018     debugger.obj (.text:configure_debug_apb_system)
                  0001c35c    00000018     rtsv7R4_T_be_v3D16_eabi.lib : s_copysign.c.obj (.text:copysign)
                  0001c374    00000018                                 : strcmp.c.obj (.text:strcmp)
                  0001c38c    00000016                                 : strchr.c.obj (.text:strchr)
                  0001c3a2    00000016                                 : strlen.c.obj (.text:strlen)
                  0001c3b8    00000014                                 : strcpy.c.obj (.text:strcpy)
                  0001c3cc    00000012                                 : wcslen.c.obj (.text:wcslen)
                  0001c3de    0000000e                                 : copy_decompress_none.c.obj (.text:decompress:none:__TI_decompress_none)
                  0001c3ec    0000000c                                 : copy_zero_init.c.obj (.text:decompress:ZI:__TI_zero_init)
                  0001c3f8    0000000c                                 : fputc.c.obj (.text:putchar)
                  0001c404    00000008                                 : errno.c.obj (.text:__aeabi_errno_addr)
                  0001c40c    00000004                                 : printf.c.obj (.text:_outc)
                  0001c410    00000004                                 : printf.c.obj (.text:_outs)
                  0001c414    00000004                                 : exit.c.obj (.text:abort:abort)
                  0001c418    00000004     sys_phantom.obj (.text:retain)

.const     0    0001c41c    00000d50     
                  0001c41c    00000a48     programmer_operations.obj (.const:tms570_firmware)
                  0001ce64    00000180     sys_vim.obj (.const:s_vim_init)
                  0001cfe4    00000101     rtsv7R4_T_be_v3D16_eabi.lib : ctype.c.obj (.const:.string:_ctypes_)
                  0001d0e5    00000048     interface.obj (.const:short_tms_seqs)
                  0001d12d    00000001     --HOLE-- [fill = 0]
                  0001d12e    0000002c     sd.obj (.const:$P$T0$1)
                  0001d15a    00000002     --HOLE-- [fill = 0]
                  0001d15c    00000010     programmer_operations.obj (.const:tms570_fw_data)

.kernelBSS 
*          0    08003500    00000154     UNINITIALIZED
                  08003500    00000120     os_tasks.obj (.kernelBSS:uninit)
                  08003620    00000034     os_tasks.obj (.kernelBSS:init)

.bss       0    08003d00    00008ea8     UNINITIALIZED
                  08003d00    00007644     (.common:RecorderData)
                  0800b344    00000428     sd.obj (.bss:rx_data)
                  0800b76c    00000428     sd.obj (.bss:tx_data)
                  0800bb94    00000400     (.common:sd_data)
                  0800bf94    00000205     communication.obj (.bss:packet$1)
                  0800c199    00000205     (.common:packet)
                  0800c39e    00000200     crc16.obj (.bss:crctable)
                  0800c59e    00000200     (.common:jtag_data)
                  0800c79e    00000001     (.common:sd_status)
                  0800c79f    00000001     (.common:status)
                  0800c7a0    00000120     rtsv7R4_T_be_v3D16_eabi.lib : trgmsg.c.obj (.bss:_CIOBUF_)
                  0800c8c0    000000a0     (.common:__TI_tmpnams)
                  0800c960    000000a0     (.common:sections)
                  0800ca00    00000078     spi.obj (.bss:g_spiPacket_t)
                  0800ca78    00000060     (.common:sha)
                  0800cad8    00000028     sci.obj (.bss:g_sciTransfer_t)
                  0800cb00    00000020     tms570_jtag_driver.obj (.bss)
                  0800cb20    00000014     (.common:result)
                  0800cb34    00000008     trcSnapshotRecorder.obj (.bss:isrstack)
                  0800cb3c    00000008     os_heap.obj (.bss:xStart)
                  0800cb44    00000008     (.common:parmbuf)
                  0800cb4c    00000006     trcSnapshotRecorder.obj (.bss)
                  0800cb52    00000002     --HOLE--
                  0800cb54    00000004     communication.obj (.bss)
                  0800cb58    00000004     sd.obj (.bss:datconfig_t)
                  0800cb5c    00000004     jtag.obj (.bss)
                  0800cb60    00000004     (.common:bitbang_interface)
                  0800cb64    00000004     (.common:buffer)
                  0800cb68    00000004     (.common:chunk_size)
                  0800cb6c    00000004     (.common:external_flash_address)
                  0800cb70    00000004     (.common:first_block_address)
                  0800cb74    00000004     (.common:i)
                  0800cb78    00000004     (.common:init_hwtc_count)
                  0800cb7c    00000004     (.common:j)
                  0800cb80    00000004     (.common:jtag_status)
                  0800cb84    00000004     (.common:n)
                  0800cb88    00000004     (.common:sd_read_data)
                  0800cb8c    00000004     (.common:sd_size)
                  0800cb90    00000004     (.common:sections_number)
                  0800cb94    00000004     (.common:start_address)
                  0800cb98    00000004     (.common:xErase)
                  0800cb9c    00000004     (.common:xGeneral)
                  0800cba0    00000004     (.common:xLoad)
                  0800cba4    00000004     (.common:xProgram)

.kernelHEAP 
*          0    0800cba8    00002000     UNINITIALIZED
                  0800cba8    00002000     os_heap.obj (.kernelHEAP)

.sysmem    0    0800eba8    00000800     UNINITIALIZED
                  0800eba8    00000008     rtsv7R4_T_be_v3D16_eabi.lib : memory.c.obj (.sysmem)
                  0800ebb0    000007f8     --HOLE--

.data      0    0800f3a8    00000314     UNINITIALIZED
                  0800f3a8    000000f0     rtsv7R4_T_be_v3D16_eabi.lib : defs.c.obj (.data:_ftable)
                  0800f498    0000008e     trcSnapshotRecorder.obj (.data:objectHandleStacks)
                  0800f526    00000001     debug_port.obj (.data)
                  0800f527    00000001     --HOLE--
                  0800f528    00000078     rtsv7R4_T_be_v3D16_eabi.lib : write.c.obj (.data:_device)
                  0800f5a0    00000050                                 : write.c.obj (.data:_stream)
                  0800f5f0    00000040     trcSnapshotRecorder.obj (.data)
                  0800f630    00000018     tms570_jtag_driver.obj (.data)
                  0800f648    00000010     os_heap.obj (.data)
                  0800f658    00000010     rtsv7R4_T_be_v3D16_eabi.lib : defs.c.obj (.data)
                  0800f668    0000000c                                 : exit.c.obj (.data:$O1$$)
                  0800f674    0000000c                                 : memory.c.obj (.data:$O1$$)
                  0800f680    0000000c     interface.obj (.data)
                  0800f68c    0000000c     tms570_jtag_driver.obj (.data:tms570gpio_bitbang)
                  0800f698    0000000c     tms570_jtag_driver.obj (.data:tms570gpio_interface)
                  0800f6a4    00000008     rtsv7R4_T_be_v3D16_eabi.lib : _lock.c.obj (.data:$O1$$)
                  0800f6ac    00000008     os_port.obj (.data)
                  0800f6b4    00000004     debugger.obj (.data)
                  0800f6b8    00000004     rtsv7R4_T_be_v3D16_eabi.lib : errno.c.obj (.data)

MODULE SUMMARY

       Module                       code     ro data   rw data
       ------                       ----     -------   -------
    ./my_include/External_Communication/
       communication.obj            384      0         521    
    +--+----------------------------+--------+---------+---------+
       Total:                       384      0         521    
                                                              
    ./my_include/External_Communication/CRC/
       crc16.obj                    332      0         512    
    +--+----------------------------+--------+---------+---------+
       Total:                       332      0         512    
                                                              
    ./my_include/External_Storage/
       sd.obj                       3324     44        2132   
    +--+----------------------------+--------+---------+---------+
       Total:                       3324     44        2132   
                                                              
    ./my_include/JTAG_Programmer/
       programmer_operations.obj    868      2648      0      
    +--+----------------------------+--------+---------+---------+
       Total:                       868      2648      0      
                                                              
    ./my_include/JTAG_Programmer/jtag_interface/
       jtag.obj                     1012     0         4      
       interface.obj                912      72        12     
    +--+----------------------------+--------+---------+---------+
       Total:                       1924     72        16     
                                                              
    ./my_include/JTAG_Programmer/jtag_interface/drivers/
       tms570_jtag_driver.obj       2892     0         84     
    +--+----------------------------+--------+---------+---------+
       Total:                       2892     0         84     
                                                              
    ./my_include/JTAG_Programmer/test_access_port/
       debugger.obj                 1728     0         4      
       debug_port.obj               460      0         1      
       icepick.obj                  372      0         0      
    +--+----------------------------+--------+---------+---------+
       Total:                       2560     0         5      
                                                              
    ./source/
       trcSnapshotRecorder.obj      11908    0         30500  
       os_tasks.obj                 13632    0         340    
       sys_selftest.obj             11484    0         0      
       sha1.obj                     10920    0         0      
       os_heap.obj                  1528     0         8216   
       os_queue.obj                 4664     0         0      
       sys_main.obj                 2184     0         2395   
       sys_vim.obj                  2860     384       0      
       spi.obj                      3032     0         120    
       system.obj                   2856     0         0      
       os_mpu_wrappers.obj          2660     0         0      
       trcKernelPort.obj            2312     0         0      
       os_event_groups.obj          2140     0         0      
       sci.obj                      1960     0         40     
       esm.obj                      1744     0         0      
       pinmux.obj                   1592     0         0      
       os_port.obj                  1428     0         8      
       os_portasm.obj               1200     0         0      
       gio.obj                      1156     0         0      
       sys_core.obj                 844      0         0      
       sys_startup.obj              664      0         0      
       os_list.obj                  568      0         0      
       dabort.obj                   232      0         0      
       sys_pmu.obj                  224      0         0      
       notification.obj             184      0         0      
       sys_intvecs.obj              32       0         0      
       sys_phantom.obj              4        0         0      
    +--+----------------------------+--------+---------+---------+
       Total:                       84012    384       41619  
                                                              
    /opt/ti/ccsv8/tools/compiler/ti-cgt-arm_18.1.4.LTS/lib/rtsv7R4_T_be_v3D16_eabi.lib
       _printfi.c.obj               4645     0         0      
       ull_div32.asm.obj            696      0         0      
       memory.c.obj                 492      0         12     
       defs.c.obj                   0        0         416    
       trgmsg.c.obj                 112      0         288    
       fputs.c.obj                  280      0         0      
       ctype.c.obj                  0        257       0      
       s_scalbn.c.obj               240      0         0      
       write.c.obj                  40       0         200    
       s_floor.c.obj                224      0         0      
       setvbuf.c.obj                220      0         0      
       fputc.c.obj                  156      0         0      
       memcpy_t2.asm.obj            156      0         0      
       memset_t2.asm.obj            122      0         0      
       getdevice.c.obj              120      0         0      
       fclose.c.obj                 116      0         0      
       s_frexp.c.obj                116      0         0      
       printf.c.obj                 112      0         0      
       copy_decompress_lzss.c.obj   108      0         0      
       hostlseek.c.obj              104      0         0      
       hostrename.c.obj             104      0         0      
       _io_perm.c.obj               100      0         0      
       fseek.c.obj                  100      0         0      
       hostopen.c.obj               92       0         8      
       hostread.c.obj               92       0         0      
       close.c.obj                  88       0         0      
       hostwrite.c.obj              88       0         0      
       exit.c.obj                   72       0         12     
       ltoa.c.obj                   84       0         0      
       atoi.c.obj                   80       0         0      
       u_div32.asm.obj              80       0         0      
       fflush.c.obj                 76       0         0      
       autoinit.c.obj               68       0         0      
       hostclose.c.obj              68       0         0      
       hostunlink.c.obj             68       0         0      
       strncpy.c.obj                54       0         0      
       fopen.c.obj                  52       0         0      
       unlink.c.obj                 44       0         0      
       strncmp.c.obj                42       0         0      
       lseek.c.obj                  40       0         0      
       memchr.c.obj                 32       0         0      
       ll_lsl_t2.asm.obj            30       0         0      
       ll_lsr_t2.asm.obj            30       0         0      
       memccpy.c.obj                28       0         0      
       s_copysign.c.obj             24       0         0      
       strcmp.c.obj                 24       0         0      
       strchr.c.obj                 22       0         0      
       strlen.c.obj                 22       0         0      
       strcpy.c.obj                 20       0         0      
       wcslen.c.obj                 18       0         0      
       copy_decompress_none.c.obj   14       0         0      
       copy_zero_init.c.obj         12       0         0      
       errno.c.obj                  8        0         4      
       _lock.c.obj                  2        0         8      
       div0.asm.obj                 2        0         0      
    +--+----------------------------+--------+---------+---------+
       Total:                       9839     257       948    
                                                              
       Heap:                        0        0         2048   
       Linker Generated:            0        251       0      
    +--+----------------------------+--------+---------+---------+
       Grand Total:                 106135   3656      47885  


LINKER GENERATED COPY TABLES

__TI_cinit_table @ 00005b80 records: 4, size/record: 8, table size: 32
	.data: load addr=00005aa0, load size=000000b6 bytes, run addr=0800f3a8, run size=00000314 bytes, compression=lzss
	.kernelBSS: load addr=00005b64, load size=00000009 bytes, run addr=08003500, run size=00000154 bytes, compression=lzss
	.bss: load addr=00005b70, load size=00000008 bytes, run addr=08003d00, run size=00008ea8 bytes, compression=zero_init
	.kernelHEAP: load addr=00005b78, load size=00000008 bytes, run addr=0800cba8, run size=00002000 bytes, compression=zero_init


LINKER GENERATED HANDLER TABLE

__TI_handler_table @ 00005b58 records: 3, size/record: 4, table size: 12
	index: 0, handler: __TI_decompress_lzss
	index: 1, handler: __TI_decompress_none
	index: 2, handler: __TI_zero_init


GLOBAL SYMBOLS: SORTED ALPHABETICALLY BY Name 

address   name                                     
-------   ----                                     
0001c415  C$$EXIT                                  
0001c0ab  C$$IO$$                                  
0001a938  CalculateTable_CRC16                     
0001a9fc  Compute_CRC16                            
0800f61a  CurrentFilterGroup                       
0800f618  CurrentFilterMask                        
0001bee5  HOSTclose                                
0001b951  HOSTlseek                                
0001bb51  HOSTopen                                 
0001bbad  HOSTread                                 
0001b9b9  HOSTrename                               
0001bf29  HOSTunlink                               
0001bc09  HOSTwrite                                
00013740  MPU_eTaskGetState                        
000138f4  MPU_pcTaskGetName                        
000139d4  MPU_pvTaskGetThreadLocalStoragePointer   
00013b38  MPU_ulTaskNotifyTake                     
00013d20  MPU_uxQueueMessagesWaiting               
00013d54  MPU_uxQueueSpacesAvailable               
000138c8  MPU_uxTaskGetNumberOfTasks               
0001395c  MPU_uxTaskGetStackHighWaterMark          
00013a44  MPU_uxTaskGetSystemState                 
0001370c  MPU_uxTaskPriorityGet                    
00013fa8  MPU_vEventGroupDelete                    
00013d88  MPU_vQueueDelete                         
00013618  MPU_vTaskAllocateMPURegions              
00013678  MPU_vTaskDelay                           
000136a4  MPU_vTaskDelayUntil                      
0001364c  MPU_vTaskDelete                          
00013774  MPU_vTaskGetInfo                         
000137c0  MPU_vTaskPrioritySet                     
00013820  MPU_vTaskResume                          
00013990  MPU_vTaskSetThreadLocalStoragePointer    
00013bdc  MPU_vTaskSetTimeOutState                 
000137f4  MPU_vTaskSuspend                         
0001384c  MPU_vTaskSuspendAll                      
00013ecc  MPU_xEventGroupClearBits                 
00013e44  MPU_xEventGroupCreate                    
00013f10  MPU_xEventGroupSetBits                   
00013f54  MPU_xEventGroupSync                      
00013e70  MPU_xEventGroupWaitBits                  
00013db4  MPU_xQueueGenericCreate                  
00013ccc  MPU_xQueueGenericReceive                 
00013e00  MPU_xQueueGenericReset                   
00013c78  MPU_xQueueGenericSend                    
000136d8  MPU_xTaskAbortDelay                      
00013c08  MPU_xTaskCheckForTimeOut                 
00013570  MPU_xTaskCreate                          
000135d4  MPU_xTaskCreateRestricted                
00013a90  MPU_xTaskGenericNotify                   
00013bb0  MPU_xTaskGetCurrentTaskHandle            
00013928  MPU_xTaskGetHandle                       
00013a18  MPU_xTaskGetIdleTaskHandle               
00013c4c  MPU_xTaskGetSchedulerState               
0001389c  MPU_xTaskGetTickCount                    
00013b7c  MPU_xTaskNotifyStateClear                
00013ae4  MPU_xTaskNotifyWait                      
00013870  MPU_xTaskResumeAll                       
08003d00  RecorderData                             
0800f61c  RecorderDataPtr                          
00010628  SDInit                                   
00010574  SHA1Final                                
00010320  SHA1Init                                 
000104a0  SHA1Pad                                  
0000db8c  SHA1Transform                            
00010380  SHA1Update                               
UNDEFED   SHT$$INIT_ARRAY$$Base                    
UNDEFED   SHT$$INIT_ARRAY$$Limit                   
00011bb4  SpiRxStatus                              
00011b28  SpiTxStatus                              
0800c7a0  __CIOBUF_                                
00000800  __SYSMEM_SIZE                            
00005b80  __TI_CINIT_Base                          
00005ba0  __TI_CINIT_Limit                         
00005b58  __TI_Handler_Table_Base                  
00005b64  __TI_Handler_Table_Limit                 
000190e0  __TI_PINIT_Base                          
000190e4  __TI_PINIT_Limit                         
0001bf6d  __TI_auto_init_nobinit_nopinit           
0001c161  __TI_cleanup                             
0800f668  __TI_cleanup_ptr                         
0001b7fd  __TI_closefile                           
0001b8e5  __TI_decompress_lzss                     
0001c3df  __TI_decompress_none                     
0001be51  __TI_doflush                             
0800f66c  __TI_dtors_ptr                           
0800f670  __TI_enable_exit_profile_output          
0800f658  __TI_ft_end                              
ffffffff  __TI_pprof_out_hndl                      
00013fd5  __TI_printfi                             
ffffffff  __TI_prof_data_size                      
ffffffff  __TI_prof_data_start                     
0001c195  __TI_readmsg                             
00000000  __TI_static_base__                       
0800c8c0  __TI_tmpnams                             
0001c079  __TI_writemsg                            
0001ba89  __TI_wrt_ok                              
0001c3ed  __TI_zero_init                           
0001c405  __aeabi_errno_addr                       
0001b5ff  __aeabi_idiv0                            
0001b5ff  __aeabi_ldiv0                            
0001c2ed  __aeabi_llsl                             
0001c30b  __aeabi_llsr                             
0001b70b  __aeabi_memclr                           
0001b70b  __aeabi_memclr4                          
0001b70b  __aeabi_memclr8                          
0001b563  __aeabi_memcpy                           
0001b563  __aeabi_memcpy4                          
0001b563  __aeabi_memcpy8                          
0001b70d  __aeabi_memset                           
0001b70d  __aeabi_memset4                          
0001b70d  __aeabi_memset8                          
0800f664  __aeabi_stderr                           
0800f65c  __aeabi_stdin                            
0800f660  __aeabi_stdout                           
0001be00  __aeabi_uidiv                            
0001be00  __aeabi_uidivmod                         
000190e8  __aeabi_uldivmod                         
ffffffff  __binit__                                
ffffffff  __c_args__                               
000193a0  _c_int00                                 
00018ff8  _coreClearAuxiliaryDataFault_            
0001900c  _coreClearAuxiliaryInstructionFault_     
00018fd0  _coreClearDataFaultAddress_              
00018fa8  _coreClearDataFault_                     
00018fe4  _coreClearInstructionFaultAddress_       
00018fbc  _coreClearInstructionFault_              
00018f3c  _coreDisableEventBusExport_              
00018f80  _coreDisableFlashEcc_                    
00018f5c  _coreDisableRamEcc_                      
00018f2c  _coreEnableEventBusExport_               
00018f6c  _coreEnableFlashEcc_                     
00018f90  _coreEnableIrqVicOffset_                 
00018f4c  _coreEnableRamEcc_                       
00018f14  _coreEnableVfp_                          
00018ff0  _coreGetAuxiliaryDataFault_              
00019004  _coreGetAuxiliaryInstructionFault_       
00018fc8  _coreGetDataFaultAddress_                
00018fa0  _coreGetDataFault_                       
00018fdc  _coreGetInstructionFaultAddress_         
00018fb4  _coreGetInstructionFault_                
00018d9c  _coreInitRegisters_                      
00018ea8  _coreInitStackPointer_                   
0001cfe4  _ctypes_                                 
0001afa0  _dabort                                  
0800f528  _device                                  
00019020  _disable_FIQ_interrupt_                  
00019028  _disable_IRQ_interrupt_                  
00019018  _disable_interrupt_                      
00019030  _enable_interrupt_                       
000190c0  _errata_CORTEXR4_57_                     
000190d0  _errata_CORTEXR4_66_                     
00019038  _esmCcmErrorsClear_                      
0800f3a8  _ftable                                  
00018ef4  _getCPSRValue_                           
00018efc  _gotoCPUIdle_                            
0800f6a4  _lock                                    
00014a07  _nop                                     
0001b1c4  _pmuDisableCountersGlobal_               
0001b1b4  _pmuEnableCountersGlobal_                
0001b220  _pmuGetCycleCount_                       
0001b228  _pmuGetEventCount_                       
0001b234  _pmuGetOverflow_                         
0001b168  _pmuInit_                                
0001b1f4  _pmuResetCounters_                       
0001b1d4  _pmuResetCycleCounter_                   
0001b1e4  _pmuResetEventCounters_                  
0001b214  _pmuSetCountEvent_                       
0001b204  _pmuStartCounters_                       
0001b20c  _pmuStopCounters_                        
0800f5a0  _stream                                  
0800eba8  _sys_memory                              
UNDEFED   _system_post_cinit                       
0800f6a8  _unlock                                  
0001c415  abort                                    
00019fc0  access_access_port_register              
0001a098  access_debug_port_register               
0000c0f0  adc1ParityCheck                          
0000c1dc  adc2ParityCheck                          
0001bdb1  atoi                                     
ffffffff  binit                                    
0800cb60  bitbang_interface                        
0800cb64  buffer                                   
0000c294  can1ParityCheck                          
0000c36c  can2ParityCheck                          
0000c434  can3ParityCheck                          
0000aeb4  ccmSelfCheck                             
0000d580  ccmr4GetConfigValue                      
0000b7bc  checkB0RAMECC                            
0000b9ac  checkB1RAMECC                            
0000ca9c  checkClockMonitor                        
0000bb9c  checkFlashECC                            
0000cb78  checkFlashEEPROMECC                      
0000cd10  checkPLL1Slip                            
0000ce10  checkPLL2Slip                            
0000ced4  checkRAMAddrParity                       
0000c854  checkRAMECC                              
0000cfe0  checkRAMUERRTest                         
0000b640  checkefcSelfTest                         
0800cb68  chunk_size                               
0001bc61  close                                    
0001a4e0  commInit                                 
0001c344  configure_debug_apb_system               
0001c35d  copysign                                 
0001c35d  copysignl                                
0000b0b8  cpuSelfTest                              
0000bc80  cpuSelfTestFail                          
0000bc78  custom_dabort                            
00016bdc  debugger_init                            
00016c0c  debugger_reset                           
0000d9dc  disableParity                            
0001b4a0  dmaGroupANotification                    
0000bd30  dmaParityCheck                           
0000242c  eTaskConfirmSleepModeStatus              
000009f8  eTaskGetState                            
0000b4e4  efcCheck                                 
0000d4e4  efcGetConfigValue                        
0000b618  efcSelfTest                              
0000b56c  efcStuckZeroTest                         
0000d954  enableParity                             
000108b8  eraseBlocks                              
0000d5f0  errata_PBIST_4                           
0800f6b8  errno                                    
000179f8  esmActivateNormalOperation               
00017acc  esmClearStatus                           
00017b0c  esmClearStatusBuffer                     
000179c0  esmDisableError                          
00017a30  esmDisableInterrupt                      
00017998  esmEnableError                           
00017a08  esmEnableInterrupt                       
00017c04  esmEnterSelfTest                         
0001797c  esmError                                 
00017cdc  esmGetConfigValue                        
00017b48  esmGetStatus                             
00017bcc  esmGetStatusBuffer                       
0001b3fc  esmGroup1Notification                    
0001b40c  esmGroup2Notification                    
0001ab9c  esmHighInterrupt                         
00017874  esmInit                                  
00017c8c  esmSelfTestStatus                        
00017b28  esmSetCounterPreloadValue                
00017a58  esmSetInterruptLevel                     
000179e8  esmTriggerErrorPinReset                  
00016e3c  execute_arm_instruction                  
0001bfb1  exit                                     
0800cb6c  external_flash_address                   
0001c1c9  finddevice                               
0800cb70  first_block_address                      
00018cc4  flashProgramming                         
0001b089  floor                                    
0001b089  floorl                                   
0000d148  fmcBus1ParityCheck                       
0000b6e0  fmcBus2Check                             
0000b71c  fmcECCcheck                              
0001b601  fputc                                    
0001aa85  fputs                                    
0001b325  free                                     
0001b871  frexp                                    
0001b871  frexpl                                   
0001baed  fseek                                    
0001bff5  getdevice                                
00018090  gioDisableNotification                   
00018028  gioEnableNotification                    
00017f90  gioGetBit                                
000180f8  gioGetConfigValue                        
00017fb8  gioGetPort                               
00017e30  gioInit                                  
0001b454  gioNotification                          
00017f20  gioSetBit                                
00017f00  gioSetDirection                          
00017f70  gioSetPort                               
00017fd0  gioToggleBit                             
00016c18  halt_processor                           
0800f611  handle_of_last_logged_task               
0000bddc  het1ParityCheck                          
0000bf44  het2ParityCheck                          
0000be88  htu1ParityCheck                          
0000c040  htu2ParityCheck                          
0800cb74  i                                        
0001a660  icepick_IDcode                           
0001a69c  icepick_icepickcode                      
00018344  idle_clock_cycles                        
00018658  idle_time                                
00018a38  initProgramming                          
0800cb78  init_hwtc_count                          
0800f5f0  isPendingContextSwitch                   
0800cb7c  j                                        
0800c59e  jtag_data                                
0800f688  jtag_interface                           
000182c8  jtag_interface_init                      
00018304  jtag_interface_reset                     
0800cb80  jtag_status                              
0001aeb1  ldexp                                    
0001aeb1  ldexpl                                   
0001c255  lseek                                    
0001bd0d  ltoa                                     
000162f0  main                                     
0001b785  malloc                                   
00012b84  mapClocks                                
0001c329  memccpy                                  
0001c2cd  memchr                                   
0001b563  memcpy                                   
0000aff8  memoryInit                               
0001b41c  memoryPort0TestFailNotification          
0001b438  memoryPort1TestFailNotification          
0001b713  memset                                   
0000c508  mibspi1ParityCheck                       
0000c610  mibspi3ParityCheck                       
0000c734  mibspi5ParityCheck                       
0001c0f1  minit                                    
000183d8  move_to_state                            
0001723c  muxInit                                  
0800cb84  n                                        
0800f610  nISRactive                               
0800f498  objectHandleStacks                       
0800c199  packet                                   
0800cb44  parmbuf                                  
0000d270  pbistFail                                
0000d2f4  pbistGetConfigValue                      
0000b42c  pbistIsTestCompleted                     
0000b458  pbistIsTestPassed                        
0000b48c  pbistPortTestStatus                      
0000b330  pbistRun                                 
0000b150  pbistSelfCheck                           
0000b3fc  pbistStop                                
0000157c  pcTaskGetName                            
00012b30  periphInit                               
0001c418  phantomInterrupt                         
000175c0  pinmuxGetConfigValue                     
0001be9c  poll_debug_register                      
0001ba21  printf                                   
00009ddc  prvMarkObjectAsUsed                      
00005318  prvMpuDisable                            
00005300  prvMpuEnable                             
000052e8  prvMpuSetRegion                          
0000a234  prvTraceError                            
00009d08  prvTraceFreeObjectHandle                 
00014b50  prvTraceGetCurrentTaskHandle             
00009b70  prvTraceGetObjectHandle                  
000090dc  prvTraceGetPriorityProperty              
00014a08  prvTraceGetQueueNumber                   
00014adc  prvTraceGetQueueNumberHigh16             
00014ac0  prvTraceGetQueueNumberLow16              
00014a1c  prvTraceGetQueueType                     
00014a4c  prvTraceGetTaskNumberHigh16              
00014a30  prvTraceGetTaskNumberLow16               
00014f80  prvTraceIsSchedulerSuspended             
0000acf0  prvTracePortGetTimeStamp                 
00009fbc  prvTraceSetObjectName                    
00009214  prvTraceSetObjectState                   
00009048  prvTraceSetPriorityProperty              
00014b24  prvTraceSetQueueNumberHigh16             
00014af4  prvTraceSetQueueNumberLow16              
0000890c  prvTraceSetReadyEventsEnabled            
000093e8  prvTraceSetTaskInstanceFinished          
00014a94  prvTraceSetTaskNumberHigh16              
00014a64  prvTraceSetTaskNumberLow16               
00008ae4  prvTraceStoreLowPower                    
00008db0  prvTraceStoreObjectNameOnCloseEvent      
00008ee4  prvTraceStoreObjectPropertiesOnCloseEvent
000089fc  prvTraceStoreTaskReady                   
00008c24  prvTraceStoreTaskswitch                  
00014ee4  pszTraceGetErrorNotEnoughHandles         
0001b601  putc                                     
0001c3f9  putchar                                  
00005720  pvPortMalloc                             
00002500  pvTaskGetThreadLocalStoragePointer       
08003620  pxCurrentTCB                             
00005340  pxPortInitialiseStack                    
00010c1c  readOCR                                  
00010a0c  readSingleDataBlock                      
00016e08  read_arm_register                        
0001a4fc  receivePacket                            
0800f604  recorder_busy                            
0001c1fd  remove                                   
00018d58  resetController                          
00000000  resetEntry                               
00016c3c  reset_processor                          
0800cb20  result                                   
0001aeb1  scalbn                                   
0001aeb1  scalbnl                                  
000168fc  sciDisableLoopback                       
00016988  sciDisableNotification                   
000168c8  sciEnableLoopback                        
00016920  sciEnableNotification                    
000169f0  sciEnterResetState                       
00016a10  sciExitResetState                        
00016a30  sciGetConfigValue                        
00016434  sciInit                                  
00016778  sciIsIdleDetected                        
0001675c  sciIsRxReady                             
000165dc  sciIsTxReady                             
0001b468  sciNotification                          
000167f0  sciReceive                               
000167c4  sciReceiveByte                           
00016794  sciRxError                               
00016628  sciSend                                  
000165f8  sciSendByte                              
00016540  sciSetBaudrate                           
00016520  sciSetFunctional                         
0800bb94  sd_data                                  
0800cb88  sd_read_data                             
0800cb8c  sd_size                                  
0800c79e  sd_status                                
0800c960  sections                                 
0800cb90  sections_number                          
0001a6d8  select_tap                               
0000aea4  selftestFailNotification                 
0001a62c  sendMessage                              
00010b7c  setBlockLength                           
00016c60  set_hardware_breakpoint                  
00012af0  setupFlash                               
00012a48  setupPLL                                 
0001b249  setvbuf                                  
0800ca78  sha                                      
000184b8  shift_bits_in                            
00011cec  spi2GetConfigValue                       
00011c74  spiDisableLoopback                       
00011cc0  spiDisableNotification                   
00011c40  spiEnableLoopback                        
00011c90  spiEnableNotification                    
0001b490  spiEndNotification                       
00011590  spiGetData                               
00011324  spiInit                                  
0001b47c  spiNotification                          
00011474  spiReceiveData                           
000119e8  spiSendAndGetData                        
000117b4  spiSendData                              
00011454  spiSetFunctional                         
000118ac  spiTransmitAndReceiveData                
00011688  spiTransmitData                          
00013368  sramGetConfigValue                       
0800cb94  start_address                            
0800c79f  status                                   
0000d440  stcGetConfigValue                        
0000b03c  stcSelfCheck                             
0000bc7c  stcSelfCheckFail                         
0001c38d  strchr                                   
0001c375  strcmp                                   
0001c3b9  strcpy                                   
0001c3a3  strlen                                   
0001c229  strncmp                                  
0001c129  strncpy                                  
00012da8  systemGetConfigValue                     
00012cac  systemInit                               
00012d78  systemPowerDown                          
000186ec  tap_get_end_state                        
000186c4  tap_get_state                            
00018798  tap_get_tms_path                         
000187d4  tap_get_tms_path_len                     
00018814  tap_is_state_stable                      
000186f8  tap_move_ndx                             
000186d0  tap_set_end_state                        
000186a8  tap_set_state_impl                       
0001887c  tap_state_transition                     
000131bc  tcmflashGetConfigValue                   
0800f608  timestampFrequency                       
0800f698  tms570gpio_interface                     
0800f60c  traceErrorMessage                        
0800f5fc  trace_disable_timestamp                  
00012aa8  trimLPO                                  
00004238  ucQueueGetQueueType                      
00009a74  uiIndexOfObject                          
00008320  uiTraceGetTraceBufferSize                
0000815c  uiTraceStart                             
0800f5f8  uiTraceTickCount                         
0800f6ac  ulCriticalNesting                        
00005210  ulPortCountLeadingZeros                  
0800f6b0  ulTaskHasFPUContext                      
00002b00  ulTaskNotifyTake                         
0001c1fd  unlink                                   
00004e50  uxEventGroupGetNumber                    
00019f34  uxListRemove                             
00004200  uxQueueGetQueueNumber                    
0000411c  uxQueueMessagesWaiting                   
000041a0  uxQueueMessagesWaitingFromISR            
00004154  uxQueueSpacesAvailable                   
0000156c  uxTaskGetNumberOfTasks                   
0000298c  uxTaskGetStackHighWaterMark              
00001848  uxTaskGetSystemState                     
000023b0  uxTaskGetTaskNumber                      
00000afc  uxTaskPriorityGet                        
00000b40  uxTaskPriorityGetFromISR                 
00002ac0  uxTaskResetEventItemValue                
00004dc8  vEventGroupClearBitsCallback             
00004d28  vEventGroupDelete                        
00004dac  vEventGroupSetBitsCallback               
00019d88  vListInitialise                          
00019de0  vListInitialiseItem                      
00019e70  vListInsert                              
00019dfc  vListInsertEnd                           
000056ec  vPortEndScheduler                        
00005978  vPortFree                                
00005a88  vPortInitialiseBlocks                    
00005204  vPortInitialiseFPSCR                     
00005104  vPortPreemptiveTick                      
00005218  vPortSWI                                 
00004e94  vPortStartFirstTask                      
00005454  vPortStoreTaskMPUSettings                
00005010  vPortYeildWithinAPI                      
00004f24  vPortYieldProcessor                      
000041d0  vQueueDelete                             
00004218  vQueueSetQueueNumber                     
00016220  vTask1                                   
00015bac  vTask2                                   
00015cb0  vTask3                                   
00015e0c  vTask4                                   
0000256c  vTaskAllocateMPURegions                  
00000974  vTaskDelay                               
00000808  vTaskDelayUntil                          
000005fc  vTaskDelete                              
00001264  vTaskEndScheduler                        
000026e4  vTaskGetInfo                             
0000239c  vTaskMissedYield                         
00003114  vTaskNotifyGiveFromISR                   
00001f08  vTaskPlaceOnEventList                    
00001f50  vTaskPlaceOnUnorderedEventList           
00000b88  vTaskPrioritySet                         
00000fb0  vTaskResume                              
000023f0  vTaskSetTaskNumber                       
000024a8  vTaskSetThreadLocalStoragePointer        
00002224  vTaskSetTimeOutState                     
000011cc  vTaskStartScheduler                      
000019f0  vTaskStepTick                            
00000da8  vTaskSuspend                             
00001280  vTaskSuspendAll                          
00001e00  vTaskSwitchContext                       
0000808c  vTraceClear                              
000082e4  vTraceClearError                         
00008020  vTraceEnable                             
00014dc0  vTraceInitObjectHandleStack              
00014b5c  vTraceInitObjectPropertyTable            
000083d8  vTraceInstanceFinishedNext               
000083e8  vTraceInstanceFinishedNow                
0000a2c8  vTraceSetFilterGroup                     
0000a2ac  vTraceSetFilterMask                      
0000a218  vTraceSetFrequency                       
00008070  vTraceSetStopHook                        
00008260  vTraceStart                              
0000826c  vTraceStop                               
0800f614  vTraceStopHookPtr                        
00008574  vTraceStoreISRBegin                      
00008788  vTraceStoreISREnd                        
000153e4  vimChannelMap                            
000155e0  vimDisableInterrupt                      
00015488  vimEnableInterrupt                       
00015664  vimGetConfigValue                        
00015310  vimInit                                  
0000bc84  vimParityCheck                           
00019638  vimParityErrorHandler                    
0001c3cd  wcslen                                   
0001c2a5  write                                    
00010aa8  writeSingleDataBlock                     
00016da0  write_arm_register                       
00016e64  write_sram_memory                        
0800cb98  xErase                                   
00004ac4  xEventGroupClearBits                     
00004634  xEventGroupCreate                        
00004b48  xEventGroupGetBitsFromISR                
00004b78  xEventGroupSetBits                       
00004670  xEventGroupSync                          
00004870  xEventGroupWaitBits                      
0800cb9c  xGeneral                                 
0800cba0  xLoad                                    
00005a70  xPortGetFreeHeapSize                     
00005a7c  xPortGetMinimumEverFreeHeapSize          
000056c8  xPortStartScheduler                      
0800cba4  xProgram                                 
00003524  xQueueGenericCreate                      
00003c08  xQueueGenericReceive                     
000033fc  xQueueGenericReset                       
0000364c  xQueueGenericSend                        
0000390c  xQueueGenericSendFromISR                 
00003a9c  xQueueGiveFromISR                        
00004558  xQueueIsQueueEmptyFromISR                
000045e4  xQueueIsQueueFullFromISR                 
00004028  xQueuePeekFromISR                        
00003ee0  xQueueReceiveFromISR                     
00001a54  xTaskAbortDelay                          
00002264  xTaskCheckForTimeOut                     
000000fc  xTaskCreate                              
00000020  xTaskCreateRestricted                    
00002cf4  xTaskGenericNotify                       
00002eec  xTaskGenericNotifyFromISR                
00002a54  xTaskGetCurrentTaskHandle                
00001740  xTaskGetHandle                           
000019b8  xTaskGetIdleTaskHandle                   
00002a70  xTaskGetSchedulerState                   
00001528  xTaskGetTickCount                        
00001548  xTaskGetTickCountFromISR                 
00001b70  xTaskIncrementTick                       
0001a8bc  xTaskNotifyStateClear                    
00002bdc  xTaskNotifyWait                          
00001fd4  xTaskRemoveFromEventList                 
000020f8  xTaskRemoveFromUnorderedEventList        
00001350  xTaskResumeAll                           
000010bc  xTaskResumeFromISR                       
000082d8  xTraceGetLastError                       
00008314  xTraceGetTraceBuffer                     
000082b0  xTraceIsRecordingEnabled                 
0000846c  xTraceSetISRProperties                   


GLOBAL SYMBOLS: SORTED BY Symbol Address 

address   name                                     
-------   ----                                     
00000000  __TI_static_base__                       
00000000  resetEntry                               
00000020  xTaskCreateRestricted                    
000000fc  xTaskCreate                              
000005fc  vTaskDelete                              
00000800  __SYSMEM_SIZE                            
00000808  vTaskDelayUntil                          
00000974  vTaskDelay                               
000009f8  eTaskGetState                            
00000afc  uxTaskPriorityGet                        
00000b40  uxTaskPriorityGetFromISR                 
00000b88  vTaskPrioritySet                         
00000da8  vTaskSuspend                             
00000fb0  vTaskResume                              
000010bc  xTaskResumeFromISR                       
000011cc  vTaskStartScheduler                      
00001264  vTaskEndScheduler                        
00001280  vTaskSuspendAll                          
00001350  xTaskResumeAll                           
00001528  xTaskGetTickCount                        
00001548  xTaskGetTickCountFromISR                 
0000156c  uxTaskGetNumberOfTasks                   
0000157c  pcTaskGetName                            
00001740  xTaskGetHandle                           
00001848  uxTaskGetSystemState                     
000019b8  xTaskGetIdleTaskHandle                   
000019f0  vTaskStepTick                            
00001a54  xTaskAbortDelay                          
00001b70  xTaskIncrementTick                       
00001e00  vTaskSwitchContext                       
00001f08  vTaskPlaceOnEventList                    
00001f50  vTaskPlaceOnUnorderedEventList           
00001fd4  xTaskRemoveFromEventList                 
000020f8  xTaskRemoveFromUnorderedEventList        
00002224  vTaskSetTimeOutState                     
00002264  xTaskCheckForTimeOut                     
0000239c  vTaskMissedYield                         
000023b0  uxTaskGetTaskNumber                      
000023f0  vTaskSetTaskNumber                       
0000242c  eTaskConfirmSleepModeStatus              
000024a8  vTaskSetThreadLocalStoragePointer        
00002500  pvTaskGetThreadLocalStoragePointer       
0000256c  vTaskAllocateMPURegions                  
000026e4  vTaskGetInfo                             
0000298c  uxTaskGetStackHighWaterMark              
00002a54  xTaskGetCurrentTaskHandle                
00002a70  xTaskGetSchedulerState                   
00002ac0  uxTaskResetEventItemValue                
00002b00  ulTaskNotifyTake                         
00002bdc  xTaskNotifyWait                          
00002cf4  xTaskGenericNotify                       
00002eec  xTaskGenericNotifyFromISR                
00003114  vTaskNotifyGiveFromISR                   
000033fc  xQueueGenericReset                       
00003524  xQueueGenericCreate                      
0000364c  xQueueGenericSend                        
0000390c  xQueueGenericSendFromISR                 
00003a9c  xQueueGiveFromISR                        
00003c08  xQueueGenericReceive                     
00003ee0  xQueueReceiveFromISR                     
00004028  xQueuePeekFromISR                        
0000411c  uxQueueMessagesWaiting                   
00004154  uxQueueSpacesAvailable                   
000041a0  uxQueueMessagesWaitingFromISR            
000041d0  vQueueDelete                             
00004200  uxQueueGetQueueNumber                    
00004218  vQueueSetQueueNumber                     
00004238  ucQueueGetQueueType                      
00004558  xQueueIsQueueEmptyFromISR                
000045e4  xQueueIsQueueFullFromISR                 
00004634  xEventGroupCreate                        
00004670  xEventGroupSync                          
00004870  xEventGroupWaitBits                      
00004ac4  xEventGroupClearBits                     
00004b48  xEventGroupGetBitsFromISR                
00004b78  xEventGroupSetBits                       
00004d28  vEventGroupDelete                        
00004dac  vEventGroupSetBitsCallback               
00004dc8  vEventGroupClearBitsCallback             
00004e50  uxEventGroupGetNumber                    
00004e94  vPortStartFirstTask                      
00004f24  vPortYieldProcessor                      
00005010  vPortYeildWithinAPI                      
00005104  vPortPreemptiveTick                      
00005204  vPortInitialiseFPSCR                     
00005210  ulPortCountLeadingZeros                  
00005218  vPortSWI                                 
000052e8  prvMpuSetRegion                          
00005300  prvMpuEnable                             
00005318  prvMpuDisable                            
00005340  pxPortInitialiseStack                    
00005454  vPortStoreTaskMPUSettings                
000056c8  xPortStartScheduler                      
000056ec  vPortEndScheduler                        
00005720  pvPortMalloc                             
00005978  vPortFree                                
00005a70  xPortGetFreeHeapSize                     
00005a7c  xPortGetMinimumEverFreeHeapSize          
00005a88  vPortInitialiseBlocks                    
00005b58  __TI_Handler_Table_Base                  
00005b64  __TI_Handler_Table_Limit                 
00005b80  __TI_CINIT_Base                          
00005ba0  __TI_CINIT_Limit                         
00008020  vTraceEnable                             
00008070  vTraceSetStopHook                        
0000808c  vTraceClear                              
0000815c  uiTraceStart                             
00008260  vTraceStart                              
0000826c  vTraceStop                               
000082b0  xTraceIsRecordingEnabled                 
000082d8  xTraceGetLastError                       
000082e4  vTraceClearError                         
00008314  xTraceGetTraceBuffer                     
00008320  uiTraceGetTraceBufferSize                
000083d8  vTraceInstanceFinishedNext               
000083e8  vTraceInstanceFinishedNow                
0000846c  xTraceSetISRProperties                   
00008574  vTraceStoreISRBegin                      
00008788  vTraceStoreISREnd                        
0000890c  prvTraceSetReadyEventsEnabled            
000089fc  prvTraceStoreTaskReady                   
00008ae4  prvTraceStoreLowPower                    
00008c24  prvTraceStoreTaskswitch                  
00008db0  prvTraceStoreObjectNameOnCloseEvent      
00008ee4  prvTraceStoreObjectPropertiesOnCloseEvent
00009048  prvTraceSetPriorityProperty              
000090dc  prvTraceGetPriorityProperty              
00009214  prvTraceSetObjectState                   
000093e8  prvTraceSetTaskInstanceFinished          
00009a74  uiIndexOfObject                          
00009b70  prvTraceGetObjectHandle                  
00009d08  prvTraceFreeObjectHandle                 
00009ddc  prvMarkObjectAsUsed                      
00009fbc  prvTraceSetObjectName                    
0000a218  vTraceSetFrequency                       
0000a234  prvTraceError                            
0000a2ac  vTraceSetFilterMask                      
0000a2c8  vTraceSetFilterGroup                     
0000acf0  prvTracePortGetTimeStamp                 
0000aea4  selftestFailNotification                 
0000aeb4  ccmSelfCheck                             
0000aff8  memoryInit                               
0000b03c  stcSelfCheck                             
0000b0b8  cpuSelfTest                              
0000b150  pbistSelfCheck                           
0000b330  pbistRun                                 
0000b3fc  pbistStop                                
0000b42c  pbistIsTestCompleted                     
0000b458  pbistIsTestPassed                        
0000b48c  pbistPortTestStatus                      
0000b4e4  efcCheck                                 
0000b56c  efcStuckZeroTest                         
0000b618  efcSelfTest                              
0000b640  checkefcSelfTest                         
0000b6e0  fmcBus2Check                             
0000b71c  fmcECCcheck                              
0000b7bc  checkB0RAMECC                            
0000b9ac  checkB1RAMECC                            
0000bb9c  checkFlashECC                            
0000bc78  custom_dabort                            
0000bc7c  stcSelfCheckFail                         
0000bc80  cpuSelfTestFail                          
0000bc84  vimParityCheck                           
0000bd30  dmaParityCheck                           
0000bddc  het1ParityCheck                          
0000be88  htu1ParityCheck                          
0000bf44  het2ParityCheck                          
0000c040  htu2ParityCheck                          
0000c0f0  adc1ParityCheck                          
0000c1dc  adc2ParityCheck                          
0000c294  can1ParityCheck                          
0000c36c  can2ParityCheck                          
0000c434  can3ParityCheck                          
0000c508  mibspi1ParityCheck                       
0000c610  mibspi3ParityCheck                       
0000c734  mibspi5ParityCheck                       
0000c854  checkRAMECC                              
0000ca9c  checkClockMonitor                        
0000cb78  checkFlashEEPROMECC                      
0000cd10  checkPLL1Slip                            
0000ce10  checkPLL2Slip                            
0000ced4  checkRAMAddrParity                       
0000cfe0  checkRAMUERRTest                         
0000d148  fmcBus1ParityCheck                       
0000d270  pbistFail                                
0000d2f4  pbistGetConfigValue                      
0000d440  stcGetConfigValue                        
0000d4e4  efcGetConfigValue                        
0000d580  ccmr4GetConfigValue                      
0000d5f0  errata_PBIST_4                           
0000d954  enableParity                             
0000d9dc  disableParity                            
0000db8c  SHA1Transform                            
00010320  SHA1Init                                 
00010380  SHA1Update                               
000104a0  SHA1Pad                                  
00010574  SHA1Final                                
00010628  SDInit                                   
000108b8  eraseBlocks                              
00010a0c  readSingleDataBlock                      
00010aa8  writeSingleDataBlock                     
00010b7c  setBlockLength                           
00010c1c  readOCR                                  
00011324  spiInit                                  
00011454  spiSetFunctional                         
00011474  spiReceiveData                           
00011590  spiGetData                               
00011688  spiTransmitData                          
000117b4  spiSendData                              
000118ac  spiTransmitAndReceiveData                
000119e8  spiSendAndGetData                        
00011b28  SpiTxStatus                              
00011bb4  SpiRxStatus                              
00011c40  spiEnableLoopback                        
00011c74  spiDisableLoopback                       
00011c90  spiEnableNotification                    
00011cc0  spiDisableNotification                   
00011cec  spi2GetConfigValue                       
00012a48  setupPLL                                 
00012aa8  trimLPO                                  
00012af0  setupFlash                               
00012b30  periphInit                               
00012b84  mapClocks                                
00012cac  systemInit                               
00012d78  systemPowerDown                          
00012da8  systemGetConfigValue                     
000131bc  tcmflashGetConfigValue                   
00013368  sramGetConfigValue                       
00013570  MPU_xTaskCreate                          
000135d4  MPU_xTaskCreateRestricted                
00013618  MPU_vTaskAllocateMPURegions              
0001364c  MPU_vTaskDelete                          
00013678  MPU_vTaskDelay                           
000136a4  MPU_vTaskDelayUntil                      
000136d8  MPU_xTaskAbortDelay                      
0001370c  MPU_uxTaskPriorityGet                    
00013740  MPU_eTaskGetState                        
00013774  MPU_vTaskGetInfo                         
000137c0  MPU_vTaskPrioritySet                     
000137f4  MPU_vTaskSuspend                         
00013820  MPU_vTaskResume                          
0001384c  MPU_vTaskSuspendAll                      
00013870  MPU_xTaskResumeAll                       
0001389c  MPU_xTaskGetTickCount                    
000138c8  MPU_uxTaskGetNumberOfTasks               
000138f4  MPU_pcTaskGetName                        
00013928  MPU_xTaskGetHandle                       
0001395c  MPU_uxTaskGetStackHighWaterMark          
00013990  MPU_vTaskSetThreadLocalStoragePointer    
000139d4  MPU_pvTaskGetThreadLocalStoragePointer   
00013a18  MPU_xTaskGetIdleTaskHandle               
00013a44  MPU_uxTaskGetSystemState                 
00013a90  MPU_xTaskGenericNotify                   
00013ae4  MPU_xTaskNotifyWait                      
00013b38  MPU_ulTaskNotifyTake                     
00013b7c  MPU_xTaskNotifyStateClear                
00013bb0  MPU_xTaskGetCurrentTaskHandle            
00013bdc  MPU_vTaskSetTimeOutState                 
00013c08  MPU_xTaskCheckForTimeOut                 
00013c4c  MPU_xTaskGetSchedulerState               
00013c78  MPU_xQueueGenericSend                    
00013ccc  MPU_xQueueGenericReceive                 
00013d20  MPU_uxQueueMessagesWaiting               
00013d54  MPU_uxQueueSpacesAvailable               
00013d88  MPU_vQueueDelete                         
00013db4  MPU_xQueueGenericCreate                  
00013e00  MPU_xQueueGenericReset                   
00013e44  MPU_xEventGroupCreate                    
00013e70  MPU_xEventGroupWaitBits                  
00013ecc  MPU_xEventGroupClearBits                 
00013f10  MPU_xEventGroupSetBits                   
00013f54  MPU_xEventGroupSync                      
00013fa8  MPU_vEventGroupDelete                    
00013fd5  __TI_printfi                             
00014a07  _nop                                     
00014a08  prvTraceGetQueueNumber                   
00014a1c  prvTraceGetQueueType                     
00014a30  prvTraceGetTaskNumberLow16               
00014a4c  prvTraceGetTaskNumberHigh16              
00014a64  prvTraceSetTaskNumberLow16               
00014a94  prvTraceSetTaskNumberHigh16              
00014ac0  prvTraceGetQueueNumberLow16              
00014adc  prvTraceGetQueueNumberHigh16             
00014af4  prvTraceSetQueueNumberLow16              
00014b24  prvTraceSetQueueNumberHigh16             
00014b50  prvTraceGetCurrentTaskHandle             
00014b5c  vTraceInitObjectPropertyTable            
00014dc0  vTraceInitObjectHandleStack              
00014ee4  pszTraceGetErrorNotEnoughHandles         
00014f80  prvTraceIsSchedulerSuspended             
00015310  vimInit                                  
000153e4  vimChannelMap                            
00015488  vimEnableInterrupt                       
000155e0  vimDisableInterrupt                      
00015664  vimGetConfigValue                        
00015bac  vTask2                                   
00015cb0  vTask3                                   
00015e0c  vTask4                                   
00016220  vTask1                                   
000162f0  main                                     
00016434  sciInit                                  
00016520  sciSetFunctional                         
00016540  sciSetBaudrate                           
000165dc  sciIsTxReady                             
000165f8  sciSendByte                              
00016628  sciSend                                  
0001675c  sciIsRxReady                             
00016778  sciIsIdleDetected                        
00016794  sciRxError                               
000167c4  sciReceiveByte                           
000167f0  sciReceive                               
000168c8  sciEnableLoopback                        
000168fc  sciDisableLoopback                       
00016920  sciEnableNotification                    
00016988  sciDisableNotification                   
000169f0  sciEnterResetState                       
00016a10  sciExitResetState                        
00016a30  sciGetConfigValue                        
00016bdc  debugger_init                            
00016c0c  debugger_reset                           
00016c18  halt_processor                           
00016c3c  reset_processor                          
00016c60  set_hardware_breakpoint                  
00016da0  write_arm_register                       
00016e08  read_arm_register                        
00016e3c  execute_arm_instruction                  
00016e64  write_sram_memory                        
0001723c  muxInit                                  
000175c0  pinmuxGetConfigValue                     
00017874  esmInit                                  
0001797c  esmError                                 
00017998  esmEnableError                           
000179c0  esmDisableError                          
000179e8  esmTriggerErrorPinReset                  
000179f8  esmActivateNormalOperation               
00017a08  esmEnableInterrupt                       
00017a30  esmDisableInterrupt                      
00017a58  esmSetInterruptLevel                     
00017acc  esmClearStatus                           
00017b0c  esmClearStatusBuffer                     
00017b28  esmSetCounterPreloadValue                
00017b48  esmGetStatus                             
00017bcc  esmGetStatusBuffer                       
00017c04  esmEnterSelfTest                         
00017c8c  esmSelfTestStatus                        
00017cdc  esmGetConfigValue                        
00017e30  gioInit                                  
00017f00  gioSetDirection                          
00017f20  gioSetBit                                
00017f70  gioSetPort                               
00017f90  gioGetBit                                
00017fb8  gioGetPort                               
00017fd0  gioToggleBit                             
00018028  gioEnableNotification                    
00018090  gioDisableNotification                   
000180f8  gioGetConfigValue                        
000182c8  jtag_interface_init                      
00018304  jtag_interface_reset                     
00018344  idle_clock_cycles                        
000183d8  move_to_state                            
000184b8  shift_bits_in                            
00018658  idle_time                                
000186a8  tap_set_state_impl                       
000186c4  tap_get_state                            
000186d0  tap_set_end_state                        
000186ec  tap_get_end_state                        
000186f8  tap_move_ndx                             
00018798  tap_get_tms_path                         
000187d4  tap_get_tms_path_len                     
00018814  tap_is_state_stable                      
0001887c  tap_state_transition                     
00018a38  initProgramming                          
00018cc4  flashProgramming                         
00018d58  resetController                          
00018d9c  _coreInitRegisters_                      
00018ea8  _coreInitStackPointer_                   
00018ef4  _getCPSRValue_                           
00018efc  _gotoCPUIdle_                            
00018f14  _coreEnableVfp_                          
00018f2c  _coreEnableEventBusExport_               
00018f3c  _coreDisableEventBusExport_              
00018f4c  _coreEnableRamEcc_                       
00018f5c  _coreDisableRamEcc_                      
00018f6c  _coreEnableFlashEcc_                     
00018f80  _coreDisableFlashEcc_                    
00018f90  _coreEnableIrqVicOffset_                 
00018fa0  _coreGetDataFault_                       
00018fa8  _coreClearDataFault_                     
00018fb4  _coreGetInstructionFault_                
00018fbc  _coreClearInstructionFault_              
00018fc8  _coreGetDataFaultAddress_                
00018fd0  _coreClearDataFaultAddress_              
00018fdc  _coreGetInstructionFaultAddress_         
00018fe4  _coreClearInstructionFaultAddress_       
00018ff0  _coreGetAuxiliaryDataFault_              
00018ff8  _coreClearAuxiliaryDataFault_            
00019004  _coreGetAuxiliaryInstructionFault_       
0001900c  _coreClearAuxiliaryInstructionFault_     
00019018  _disable_interrupt_                      
00019020  _disable_FIQ_interrupt_                  
00019028  _disable_IRQ_interrupt_                  
00019030  _enable_interrupt_                       
00019038  _esmCcmErrorsClear_                      
000190c0  _errata_CORTEXR4_57_                     
000190d0  _errata_CORTEXR4_66_                     
000190e0  __TI_PINIT_Base                          
000190e4  __TI_PINIT_Limit                         
000190e8  __aeabi_uldivmod                         
000193a0  _c_int00                                 
00019638  vimParityErrorHandler                    
00019d88  vListInitialise                          
00019de0  vListInitialiseItem                      
00019dfc  vListInsertEnd                           
00019e70  vListInsert                              
00019f34  uxListRemove                             
00019fc0  access_access_port_register              
0001a098  access_debug_port_register               
0001a4e0  commInit                                 
0001a4fc  receivePacket                            
0001a62c  sendMessage                              
0001a660  icepick_IDcode                           
0001a69c  icepick_icepickcode                      
0001a6d8  select_tap                               
0001a8bc  xTaskNotifyStateClear                    
0001a938  CalculateTable_CRC16                     
0001a9fc  Compute_CRC16                            
0001aa85  fputs                                    
0001ab9c  esmHighInterrupt                         
0001aeb1  ldexp                                    
0001aeb1  ldexpl                                   
0001aeb1  scalbn                                   
0001aeb1  scalbnl                                  
0001afa0  _dabort                                  
0001b089  floor                                    
0001b089  floorl                                   
0001b168  _pmuInit_                                
0001b1b4  _pmuEnableCountersGlobal_                
0001b1c4  _pmuDisableCountersGlobal_               
0001b1d4  _pmuResetCycleCounter_                   
0001b1e4  _pmuResetEventCounters_                  
0001b1f4  _pmuResetCounters_                       
0001b204  _pmuStartCounters_                       
0001b20c  _pmuStopCounters_                        
0001b214  _pmuSetCountEvent_                       
0001b220  _pmuGetCycleCount_                       
0001b228  _pmuGetEventCount_                       
0001b234  _pmuGetOverflow_                         
0001b249  setvbuf                                  
0001b325  free                                     
0001b3fc  esmGroup1Notification                    
0001b40c  esmGroup2Notification                    
0001b41c  memoryPort0TestFailNotification          
0001b438  memoryPort1TestFailNotification          
0001b454  gioNotification                          
0001b468  sciNotification                          
0001b47c  spiNotification                          
0001b490  spiEndNotification                       
0001b4a0  dmaGroupANotification                    
0001b563  __aeabi_memcpy                           
0001b563  __aeabi_memcpy4                          
0001b563  __aeabi_memcpy8                          
0001b563  memcpy                                   
0001b5ff  __aeabi_idiv0                            
0001b5ff  __aeabi_ldiv0                            
0001b601  fputc                                    
0001b601  putc                                     
0001b70b  __aeabi_memclr                           
0001b70b  __aeabi_memclr4                          
0001b70b  __aeabi_memclr8                          
0001b70d  __aeabi_memset                           
0001b70d  __aeabi_memset4                          
0001b70d  __aeabi_memset8                          
0001b713  memset                                   
0001b785  malloc                                   
0001b7fd  __TI_closefile                           
0001b871  frexp                                    
0001b871  frexpl                                   
0001b8e5  __TI_decompress_lzss                     
0001b951  HOSTlseek                                
0001b9b9  HOSTrename                               
0001ba21  printf                                   
0001ba89  __TI_wrt_ok                              
0001baed  fseek                                    
0001bb51  HOSTopen                                 
0001bbad  HOSTread                                 
0001bc09  HOSTwrite                                
0001bc61  close                                    
0001bd0d  ltoa                                     
0001bdb1  atoi                                     
0001be00  __aeabi_uidiv                            
0001be00  __aeabi_uidivmod                         
0001be51  __TI_doflush                             
0001be9c  poll_debug_register                      
0001bee5  HOSTclose                                
0001bf29  HOSTunlink                               
0001bf6d  __TI_auto_init_nobinit_nopinit           
0001bfb1  exit                                     
0001bff5  getdevice                                
0001c079  __TI_writemsg                            
0001c0ab  C$$IO$$                                  
0001c0f1  minit                                    
0001c129  strncpy                                  
0001c161  __TI_cleanup                             
0001c195  __TI_readmsg                             
0001c1c9  finddevice                               
0001c1fd  remove                                   
0001c1fd  unlink                                   
0001c229  strncmp                                  
0001c255  lseek                                    
0001c2a5  write                                    
0001c2cd  memchr                                   
0001c2ed  __aeabi_llsl                             
0001c30b  __aeabi_llsr                             
0001c329  memccpy                                  
0001c344  configure_debug_apb_system               
0001c35d  copysign                                 
0001c35d  copysignl                                
0001c375  strcmp                                   
0001c38d  strchr                                   
0001c3a3  strlen                                   
0001c3b9  strcpy                                   
0001c3cd  wcslen                                   
0001c3df  __TI_decompress_none                     
0001c3ed  __TI_zero_init                           
0001c3f9  putchar                                  
0001c405  __aeabi_errno_addr                       
0001c415  C$$EXIT                                  
0001c415  abort                                    
0001c418  phantomInterrupt                         
0001cfe4  _ctypes_                                 
08003620  pxCurrentTCB                             
08003d00  RecorderData                             
0800bb94  sd_data                                  
0800c199  packet                                   
0800c59e  jtag_data                                
0800c79e  sd_status                                
0800c79f  status                                   
0800c7a0  __CIOBUF_                                
0800c8c0  __TI_tmpnams                             
0800c960  sections                                 
0800ca78  sha                                      
0800cb20  result                                   
0800cb44  parmbuf                                  
0800cb60  bitbang_interface                        
0800cb64  buffer                                   
0800cb68  chunk_size                               
0800cb6c  external_flash_address                   
0800cb70  first_block_address                      
0800cb74  i                                        
0800cb78  init_hwtc_count                          
0800cb7c  j                                        
0800cb80  jtag_status                              
0800cb84  n                                        
0800cb88  sd_read_data                             
0800cb8c  sd_size                                  
0800cb90  sections_number                          
0800cb94  start_address                            
0800cb98  xErase                                   
0800cb9c  xGeneral                                 
0800cba0  xLoad                                    
0800cba4  xProgram                                 
0800eba8  _sys_memory                              
0800f3a8  _ftable                                  
0800f498  objectHandleStacks                       
0800f528  _device                                  
0800f5a0  _stream                                  
0800f5f0  isPendingContextSwitch                   
0800f5f8  uiTraceTickCount                         
0800f5fc  trace_disable_timestamp                  
0800f604  recorder_busy                            
0800f608  timestampFrequency                       
0800f60c  traceErrorMessage                        
0800f610  nISRactive                               
0800f611  handle_of_last_logged_task               
0800f614  vTraceStopHookPtr                        
0800f618  CurrentFilterMask                        
0800f61a  CurrentFilterGroup                       
0800f61c  RecorderDataPtr                          
0800f658  __TI_ft_end                              
0800f65c  __aeabi_stdin                            
0800f660  __aeabi_stdout                           
0800f664  __aeabi_stderr                           
0800f668  __TI_cleanup_ptr                         
0800f66c  __TI_dtors_ptr                           
0800f670  __TI_enable_exit_profile_output          
0800f688  jtag_interface                           
0800f698  tms570gpio_interface                     
0800f6a4  _lock                                    
0800f6a8  _unlock                                  
0800f6ac  ulCriticalNesting                        
0800f6b0  ulTaskHasFPUContext                      
0800f6b8  errno                                    
ffffffff  __TI_pprof_out_hndl                      
ffffffff  __TI_prof_data_size                      
ffffffff  __TI_prof_data_start                     
ffffffff  __binit__                                
ffffffff  __c_args__                               
ffffffff  binit                                    
UNDEFED   SHT$$INIT_ARRAY$$Base                    
UNDEFED   SHT$$INIT_ARRAY$$Limit                   
UNDEFED   _system_post_cinit                       

[601 symbols]
