<?xml version="1.0" encoding="ISO-8859-1" ?>
<link_info>
   <banner>TI ARM Linker PC v18.1.2.LTS</banner>
   <copyright>Copyright (c) 1996-2017 Texas Instruments Incorporated</copyright>
   <link_time>0x5bc0fd5b</link_time>
   <link_errors>0x0</link_errors>
   <output_file>Frito.out</output_file>
   <entry_point>
      <name>_c_int00</name>
      <address>0xf030</address>
   </entry_point>
   <input_file_list>
      <input_file id="fl-2">
         <path>.\source\</path>
         <kind>object</kind>
         <file>dabort.obj</file>
         <name>dabort.obj</name>
      </input_file>
      <input_file id="fl-3">
         <path>.\source\</path>
         <kind>object</kind>
         <file>esm.obj</file>
         <name>esm.obj</name>
      </input_file>
      <input_file id="fl-4">
         <path>.\source\</path>
         <kind>object</kind>
         <file>gio.obj</file>
         <name>gio.obj</name>
      </input_file>
      <input_file id="fl-5">
         <path>.\source\</path>
         <kind>object</kind>
         <file>notification.obj</file>
         <name>notification.obj</name>
      </input_file>
      <input_file id="fl-6">
         <path>.\source\</path>
         <kind>object</kind>
         <file>os_croutine.obj</file>
         <name>os_croutine.obj</name>
      </input_file>
      <input_file id="fl-7">
         <path>.\source\</path>
         <kind>object</kind>
         <file>os_event_groups.obj</file>
         <name>os_event_groups.obj</name>
      </input_file>
      <input_file id="fl-8">
         <path>.\source\</path>
         <kind>object</kind>
         <file>os_heap.obj</file>
         <name>os_heap.obj</name>
      </input_file>
      <input_file id="fl-9">
         <path>.\source\</path>
         <kind>object</kind>
         <file>os_list.obj</file>
         <name>os_list.obj</name>
      </input_file>
      <input_file id="fl-a">
         <path>.\source\</path>
         <kind>object</kind>
         <file>os_mpu_wrappers.obj</file>
         <name>os_mpu_wrappers.obj</name>
      </input_file>
      <input_file id="fl-b">
         <path>.\source\</path>
         <kind>object</kind>
         <file>os_port.obj</file>
         <name>os_port.obj</name>
      </input_file>
      <input_file id="fl-c">
         <path>.\source\</path>
         <kind>object</kind>
         <file>os_portasm.obj</file>
         <name>os_portasm.obj</name>
      </input_file>
      <input_file id="fl-d">
         <path>.\source\</path>
         <kind>object</kind>
         <file>os_queue.obj</file>
         <name>os_queue.obj</name>
      </input_file>
      <input_file id="fl-e">
         <path>.\source\</path>
         <kind>object</kind>
         <file>os_tasks.obj</file>
         <name>os_tasks.obj</name>
      </input_file>
      <input_file id="fl-f">
         <path>.\source\</path>
         <kind>object</kind>
         <file>os_timer.obj</file>
         <name>os_timer.obj</name>
      </input_file>
      <input_file id="fl-10">
         <path>.\source\</path>
         <kind>object</kind>
         <file>pinmux.obj</file>
         <name>pinmux.obj</name>
      </input_file>
      <input_file id="fl-11">
         <path>.\source\</path>
         <kind>object</kind>
         <file>sci.obj</file>
         <name>sci.obj</name>
      </input_file>
      <input_file id="fl-12">
         <path>.\source\</path>
         <kind>object</kind>
         <file>sys_core.obj</file>
         <name>sys_core.obj</name>
      </input_file>
      <input_file id="fl-13">
         <path>.\source\</path>
         <kind>object</kind>
         <file>sys_dma.obj</file>
         <name>sys_dma.obj</name>
      </input_file>
      <input_file id="fl-14">
         <path>.\source\</path>
         <kind>object</kind>
         <file>sys_intvecs.obj</file>
         <name>sys_intvecs.obj</name>
      </input_file>
      <input_file id="fl-15">
         <path>.\source\</path>
         <kind>object</kind>
         <file>sys_main.obj</file>
         <name>sys_main.obj</name>
      </input_file>
      <input_file id="fl-16">
         <path>.\source\</path>
         <kind>object</kind>
         <file>sys_mpu.obj</file>
         <name>sys_mpu.obj</name>
      </input_file>
      <input_file id="fl-17">
         <path>.\source\</path>
         <kind>object</kind>
         <file>sys_pcr.obj</file>
         <name>sys_pcr.obj</name>
      </input_file>
      <input_file id="fl-18">
         <path>.\source\</path>
         <kind>object</kind>
         <file>sys_phantom.obj</file>
         <name>sys_phantom.obj</name>
      </input_file>
      <input_file id="fl-19">
         <path>.\source\</path>
         <kind>object</kind>
         <file>sys_pmm.obj</file>
         <name>sys_pmm.obj</name>
      </input_file>
      <input_file id="fl-1a">
         <path>.\source\</path>
         <kind>object</kind>
         <file>sys_pmu.obj</file>
         <name>sys_pmu.obj</name>
      </input_file>
      <input_file id="fl-1b">
         <path>.\source\</path>
         <kind>object</kind>
         <file>sys_selftest.obj</file>
         <name>sys_selftest.obj</name>
      </input_file>
      <input_file id="fl-1c">
         <path>.\source\</path>
         <kind>object</kind>
         <file>sys_startup.obj</file>
         <name>sys_startup.obj</name>
      </input_file>
      <input_file id="fl-1d">
         <path>.\source\</path>
         <kind>object</kind>
         <file>sys_vim.obj</file>
         <name>sys_vim.obj</name>
      </input_file>
      <input_file id="fl-1e">
         <path>.\source\</path>
         <kind>object</kind>
         <file>system.obj</file>
         <name>system.obj</name>
      </input_file>
      <input_file id="fl-1f">
         <path>.\source\</path>
         <kind>object</kind>
         <file>trcKernelPort.obj</file>
         <name>trcKernelPort.obj</name>
      </input_file>
      <input_file id="fl-20">
         <path>.\source\</path>
         <kind>object</kind>
         <file>trcSnapshotRecorder.obj</file>
         <name>trcSnapshotRecorder.obj</name>
      </input_file>
      <input_file id="fl-21">
         <path>.\source\</path>
         <kind>object</kind>
         <file>trcStreamingRecorder.obj</file>
         <name>trcStreamingRecorder.obj</name>
      </input_file>
      <input_file id="fl-25">
         <kind>object</kind>
         <file>&lt;internal&gt;</file>
         <name>&lt;internal&gt;</name>
      </input_file>
      <input_file id="fl-26">
         <path>C:\ti\ccsv8\tools\compiler\ti-cgt-arm_18.1.2.LTS\lib\</path>
         <kind>archive</kind>
         <file>rtsv7R4_T_be_v3D16_eabi.lib</file>
         <name>s_floor.c.obj</name>
      </input_file>
      <input_file id="fl-27">
         <path>C:\ti\ccsv8\tools\compiler\ti-cgt-arm_18.1.2.LTS\lib\</path>
         <kind>archive</kind>
         <file>rtsv7R4_T_be_v3D16_eabi.lib</file>
         <name>memset_t2.asm.obj</name>
      </input_file>
      <input_file id="fl-28">
         <path>C:\ti\ccsv8\tools\compiler\ti-cgt-arm_18.1.2.LTS\lib\</path>
         <kind>archive</kind>
         <file>rtsv7R4_T_be_v3D16_eabi.lib</file>
         <name>u_div32.asm.obj</name>
      </input_file>
      <input_file id="fl-29">
         <path>C:\ti\ccsv8\tools\compiler\ti-cgt-arm_18.1.2.LTS\lib\</path>
         <kind>archive</kind>
         <file>rtsv7R4_T_be_v3D16_eabi.lib</file>
         <name>memcpy_t2.asm.obj</name>
      </input_file>
      <input_file id="fl-2a">
         <path>C:\ti\ccsv8\tools\compiler\ti-cgt-arm_18.1.2.LTS\lib\</path>
         <kind>archive</kind>
         <file>rtsv7R4_T_be_v3D16_eabi.lib</file>
         <name>autoinit.c.obj</name>
      </input_file>
      <input_file id="fl-2b">
         <path>C:\ti\ccsv8\tools\compiler\ti-cgt-arm_18.1.2.LTS\lib\</path>
         <kind>archive</kind>
         <file>rtsv7R4_T_be_v3D16_eabi.lib</file>
         <name>cpy_tbl.c.obj</name>
      </input_file>
      <input_file id="fl-2c">
         <path>C:\ti\ccsv8\tools\compiler\ti-cgt-arm_18.1.2.LTS\lib\</path>
         <kind>archive</kind>
         <file>rtsv7R4_T_be_v3D16_eabi.lib</file>
         <name>copy_zero_init.c.obj</name>
      </input_file>
      <input_file id="fl-2d">
         <path>C:\ti\ccsv8\tools\compiler\ti-cgt-arm_18.1.2.LTS\lib\</path>
         <kind>archive</kind>
         <file>rtsv7R4_T_be_v3D16_eabi.lib</file>
         <name>copy_decompress_none.c.obj</name>
      </input_file>
      <input_file id="fl-2e">
         <path>C:\ti\ccsv8\tools\compiler\ti-cgt-arm_18.1.2.LTS\lib\</path>
         <kind>archive</kind>
         <file>rtsv7R4_T_be_v3D16_eabi.lib</file>
         <name>copy_decompress_lzss.c.obj</name>
      </input_file>
      <input_file id="fl-2f">
         <path>C:\ti\ccsv8\tools\compiler\ti-cgt-arm_18.1.2.LTS\lib\</path>
         <kind>archive</kind>
         <file>rtsv7R4_T_be_v3D16_eabi.lib</file>
         <name>exit.c.obj</name>
      </input_file>
      <input_file id="fl-30">
         <path>C:\ti\ccsv8\tools\compiler\ti-cgt-arm_18.1.2.LTS\lib\</path>
         <kind>archive</kind>
         <file>rtsv7R4_T_be_v3D16_eabi.lib</file>
         <name>_lock.c.obj</name>
      </input_file>
      <input_file id="fl-31">
         <path>C:\ti\ccsv8\tools\compiler\ti-cgt-arm_18.1.2.LTS\lib\</path>
         <kind>archive</kind>
         <file>rtsv7R4_T_be_v3D16_eabi.lib</file>
         <name>strlen.c.obj</name>
      </input_file>
      <input_file id="fl-32">
         <path>C:\ti\ccsv8\tools\compiler\ti-cgt-arm_18.1.2.LTS\lib\</path>
         <kind>archive</kind>
         <file>rtsv7R4_T_be_v3D16_eabi.lib</file>
         <name>strncmp.c.obj</name>
      </input_file>
      <input_file id="fl-33">
         <path>C:\ti\ccsv8\tools\compiler\ti-cgt-arm_18.1.2.LTS\lib\</path>
         <kind>archive</kind>
         <file>rtsv7R4_T_be_v3D16_eabi.lib</file>
         <name>div0.asm.obj</name>
      </input_file>
   </input_file_list>
   <object_component_list>
      <object_component id="oc-2a">
         <name>.intvecs</name>
         <load_address>0x0</load_address>
         <run_address>0x0</run_address>
         <size>0x20</size>
         <input_file_ref idref="fl-14"/>
      </object_component>
      <object_component id="oc-12a">
         <name>.kernelTEXT</name>
         <load_address>0x20</load_address>
         <run_address>0x20</run_address>
         <size>0x2528</size>
         <input_file_ref idref="fl-e"/>
      </object_component>
      <object_component id="oc-1f6">
         <name>.kernelTEXT</name>
         <load_address>0x2548</load_address>
         <run_address>0x2548</run_address>
         <size>0x121c</size>
         <input_file_ref idref="fl-d"/>
      </object_component>
      <object_component id="oc-90">
         <name>.kernelTEXT</name>
         <load_address>0x3764</load_address>
         <run_address>0x3764</run_address>
         <size>0x4b0</size>
         <input_file_ref idref="fl-c"/>
      </object_component>
      <object_component id="oc-1fc">
         <name>.kernelTEXT</name>
         <load_address>0x3c14</load_address>
         <run_address>0x3c14</run_address>
         <size>0x404</size>
         <input_file_ref idref="fl-7"/>
      </object_component>
      <object_component id="oc-255">
         <name>.kernelTEXT</name>
         <load_address>0x4018</load_address>
         <run_address>0x4018</run_address>
         <size>0x260</size>
         <input_file_ref idref="fl-8"/>
      </object_component>
      <object_component id="oc-24f">
         <name>.kernelTEXT</name>
         <load_address>0x4278</load_address>
         <run_address>0x4278</run_address>
         <size>0x254</size>
         <input_file_ref idref="fl-b"/>
      </object_component>
      <object_component id="oc-39c">
         <name>.tramp.memcpy.1</name>
         <load_address>0x44cc</load_address>
         <run_address>0x44cc</run_address>
         <size>0xc</size>
         <input_file_ref idref="fl-29"/>
      </object_component>
      <object_component id="oc-39b">
         <name>.cinit..data.load</name>
         <load_address>0x44d8</load_address>
         <run_address>0x44d8</run_address>
         <size>0x2f</size>
      </object_component>
      <object_component id="oc-396">
         <name>__TI_handler_table</name>
         <load_address>0x4508</load_address>
         <run_address>0x4508</run_address>
         <size>0xc</size>
      </object_component>
      <object_component id="oc-398">
         <name>.cinit..kernelBSS.load</name>
         <load_address>0x4514</load_address>
         <run_address>0x4514</run_address>
         <size>0x9</size>
      </object_component>
      <object_component id="oc-39a">
         <name>.cinit..bss.load</name>
         <load_address>0x4520</load_address>
         <run_address>0x4520</run_address>
         <size>0x8</size>
      </object_component>
      <object_component id="oc-399">
         <name>.cinit..kernelHEAP.load</name>
         <load_address>0x4528</load_address>
         <run_address>0x4528</run_address>
         <size>0x8</size>
      </object_component>
      <object_component id="oc-397">
         <name>__TI_cinit_table</name>
         <load_address>0x4530</load_address>
         <run_address>0x4530</run_address>
         <size>0x20</size>
      </object_component>
      <object_component id="oc-124">
         <name>.text</name>
         <load_address>0x8020</load_address>
         <run_address>0x8020</run_address>
         <size>0x2868</size>
         <input_file_ref idref="fl-20"/>
      </object_component>
      <object_component id="oc-6f">
         <name>.text</name>
         <load_address>0xa888</load_address>
         <run_address>0xa888</run_address>
         <size>0x1c70</size>
         <input_file_ref idref="fl-1b"/>
      </object_component>
      <object_component id="oc-11e">
         <name>.text</name>
         <load_address>0xc4f8</load_address>
         <run_address>0xc4f8</run_address>
         <size>0x820</size>
         <input_file_ref idref="fl-a"/>
      </object_component>
      <object_component id="oc-228">
         <name>.text</name>
         <load_address>0xcd18</load_address>
         <run_address>0xcd18</run_address>
         <size>0x6e0</size>
         <input_file_ref idref="fl-1f"/>
      </object_component>
      <object_component id="oc-69">
         <name>.text</name>
         <load_address>0xd3f8</load_address>
         <run_address>0xd3f8</run_address>
         <size>0x69c</size>
         <input_file_ref idref="fl-1e"/>
      </object_component>
      <object_component id="oc-36">
         <name>.text</name>
         <load_address>0xda94</load_address>
         <run_address>0xda94</run_address>
         <size>0x518</size>
         <input_file_ref idref="fl-1d"/>
      </object_component>
      <object_component id="oc-112">
         <name>.text</name>
         <load_address>0xdfac</load_address>
         <run_address>0xdfac</run_address>
         <size>0x3b0</size>
         <input_file_ref idref="fl-11"/>
      </object_component>
      <object_component id="oc-c7">
         <name>.text</name>
         <load_address>0xe35c</load_address>
         <run_address>0xe35c</run_address>
         <size>0x364</size>
         <input_file_ref idref="fl-10"/>
      </object_component>
      <object_component id="oc-64">
         <name>.text</name>
         <load_address>0xe6c0</load_address>
         <run_address>0xe6c0</run_address>
         <size>0x34c</size>
         <input_file_ref idref="fl-12"/>
      </object_component>
      <object_component id="oc-7c">
         <name>.text</name>
         <load_address>0xea0c</load_address>
         <run_address>0xea0c</run_address>
         <size>0x32c</size>
         <input_file_ref idref="fl-15"/>
      </object_component>
      <object_component id="oc-75">
         <name>.text</name>
         <load_address>0xed38</load_address>
         <run_address>0xed38</run_address>
         <size>0x2f8</size>
         <input_file_ref idref="fl-3"/>
      </object_component>
      <object_component id="oc-1b">
         <name>.text:retain</name>
         <load_address>0xf030</load_address>
         <run_address>0xf030</run_address>
         <size>0x220</size>
         <input_file_ref idref="fl-1c"/>
      </object_component>
      <object_component id="oc-118">
         <name>.text</name>
         <load_address>0xf250</load_address>
         <run_address>0xf250</run_address>
         <size>0x1d8</size>
         <input_file_ref idref="fl-4"/>
      </object_component>
      <object_component id="oc-1f0">
         <name>.text</name>
         <load_address>0xf428</load_address>
         <run_address>0xf428</run_address>
         <size>0x194</size>
         <input_file_ref idref="fl-e"/>
      </object_component>
      <object_component id="oc-35">
         <name>.text:retain</name>
         <load_address>0xf5bc</load_address>
         <run_address>0xf5bc</run_address>
         <size>0x12c</size>
         <input_file_ref idref="fl-1d"/>
      </object_component>
      <object_component id="oc-243">
         <name>.text</name>
         <load_address>0xf6e8</load_address>
         <run_address>0xf6e8</run_address>
         <size>0x10c</size>
         <input_file_ref idref="fl-9"/>
      </object_component>
      <object_component id="oc-98">
         <name>.text</name>
         <load_address>0xf7f4</load_address>
         <run_address>0xf7f4</run_address>
         <size>0xe8</size>
         <input_file_ref idref="fl-2"/>
      </object_component>
      <object_component id="oc-1e3">
         <name>.text:floor</name>
         <load_address>0xf8dc</load_address>
         <run_address>0xf8dc</run_address>
         <size>0xe0</size>
         <input_file_ref idref="fl-26"/>
      </object_component>
      <object_component id="oc-cf">
         <name>.text</name>
         <load_address>0xf9bc</load_address>
         <run_address>0xf9bc</run_address>
         <size>0xe0</size>
         <input_file_ref idref="fl-1a"/>
      </object_component>
      <object_component id="oc-21">
         <name>.text:retain</name>
         <load_address>0xfa9c</load_address>
         <run_address>0xfa9c</run_address>
         <size>0xac</size>
         <input_file_ref idref="fl-3"/>
      </object_component>
      <object_component id="oc-4c">
         <name>.text</name>
         <load_address>0xfb48</load_address>
         <run_address>0xfb48</run_address>
         <size>0x9c</size>
         <input_file_ref idref="fl-29"/>
      </object_component>
      <object_component id="oc-300">
         <name>.text</name>
         <load_address>0xfbe4</load_address>
         <run_address>0xfbe4</run_address>
         <size>0x88</size>
         <input_file_ref idref="fl-8"/>
      </object_component>
      <object_component id="oc-c0">
         <name>.text</name>
         <load_address>0xfc6c</load_address>
         <run_address>0xfc6c</run_address>
         <size>0x7a</size>
         <input_file_ref idref="fl-27"/>
      </object_component>
      <object_component id="oc-e">
         <name>.text:decompress:lzss:__TI_decompress_lzss</name>
         <load_address>0xfce6</load_address>
         <run_address>0xfce6</run_address>
         <size>0x6c</size>
         <input_file_ref idref="fl-2e"/>
      </object_component>
      <object_component id="oc-2e1">
         <name>.text</name>
         <load_address>0xfd52</load_address>
         <run_address>0xfd52</run_address>
         <size>0x2</size>
         <input_file_ref idref="fl-33"/>
      </object_component>
      <object_component id="oc-223">
         <name>.text</name>
         <load_address>0xfd54</load_address>
         <run_address>0xfd54</run_address>
         <size>0x50</size>
         <input_file_ref idref="fl-28"/>
      </object_component>
      <object_component id="oc-e2">
         <name>.text:__TI_auto_init_nobinit_nopinit:__TI_auto_init_nobinit_nopinit</name>
         <load_address>0xfda4</load_address>
         <run_address>0xfda4</run_address>
         <size>0x44</size>
         <input_file_ref idref="fl-2a"/>
      </object_component>
      <object_component id="oc-2f8">
         <name>.text</name>
         <load_address>0xfde8</load_address>
         <run_address>0xfde8</run_address>
         <size>0x2c</size>
         <input_file_ref idref="fl-b"/>
      </object_component>
      <object_component id="oc-21d">
         <name>.text:strncmp</name>
         <load_address>0xfe14</load_address>
         <run_address>0xfe14</run_address>
         <size>0x2a</size>
         <input_file_ref idref="fl-32"/>
      </object_component>
      <object_component id="oc-84">
         <name>.text</name>
         <load_address>0xfe40</load_address>
         <run_address>0xfe40</run_address>
         <size>0x18</size>
         <input_file_ref idref="fl-5"/>
      </object_component>
      <object_component id="oc-249">
         <name>.text:strlen</name>
         <load_address>0xfe58</load_address>
         <run_address>0xfe58</run_address>
         <size>0x16</size>
         <input_file_ref idref="fl-31"/>
      </object_component>
      <object_component id="oc-14">
         <name>.text:decompress:none:__TI_decompress_none</name>
         <load_address>0xfe6e</load_address>
         <run_address>0xfe6e</run_address>
         <size>0xe</size>
         <input_file_ref idref="fl-2d"/>
      </object_component>
      <object_component id="oc-5e">
         <name>.text:decompress:ZI:__TI_zero_init</name>
         <load_address>0xfe7c</load_address>
         <run_address>0xfe7c</run_address>
         <size>0xc</size>
         <input_file_ref idref="fl-2c"/>
      </object_component>
      <object_component id="oc-136">
         <name>.text:abort:abort</name>
         <load_address>0xfe88</load_address>
         <run_address>0xfe88</run_address>
         <size>0x4</size>
         <input_file_ref idref="fl-2f"/>
      </object_component>
      <object_component id="oc-2f">
         <name>.text:retain</name>
         <load_address>0xfe8c</load_address>
         <run_address>0xfe8c</run_address>
         <size>0x4</size>
         <input_file_ref idref="fl-18"/>
      </object_component>
      <object_component id="oc-27">
         <name>.const:s_vim_init</name>
         <load_address>0xfe90</load_address>
         <run_address>0xfe90</run_address>
         <size>0x180</size>
         <input_file_ref idref="fl-1d"/>
      </object_component>
      <object_component id="oc-14e">
         <name>.kernelBSS:init</name>
         <load_address>0x8000800</load_address>
         <run_address>0x8000800</run_address>
         <size>0x14c</size>
         <input_file_ref idref="fl-e"/>
      </object_component>
      <object_component id="oc-25b">
         <name>.kernelBSS:uninit</name>
         <load_address>0x800094c</load_address>
         <run_address>0x800094c</run_address>
         <size>0x8</size>
         <input_file_ref idref="fl-e"/>
      </object_component>
      <object_component id="oc-309">
         <name>.kernelHEAP</name>
         <uninitialized>true</uninitialized>
         <run_address>0x8001000</run_address>
         <size>0x2000</size>
         <input_file_ref idref="fl-8"/>
      </object_component>
      <object_component id="oc-1e9">
         <name>.bss:g_sciTransfer_t</name>
         <uninitialized>true</uninitialized>
         <run_address>0x8004a78</run_address>
         <size>0x28</size>
         <input_file_ref idref="fl-11"/>
      </object_component>
      <object_component id="oc-234">
         <name>.common:RecorderData</name>
         <uninitialized>true</uninitialized>
         <run_address>0x8003000</run_address>
         <size>0x1a78</size>
      </object_component>
      <object_component id="oc-306">
         <name>.data:$O1$$</name>
         <load_address>0x8004b68</load_address>
         <run_address>0x8004b68</run_address>
         <size>0x18</size>
         <input_file_ref idref="fl-8"/>
      </object_component>
      <object_component id="oc-151">
         <name>.data</name>
         <load_address>0x8004b98</load_address>
         <run_address>0x8004b98</run_address>
         <size>0x8</size>
         <input_file_ref idref="fl-b"/>
      </object_component>
      <object_component id="oc-130">
         <name>.data:$O1$$</name>
         <load_address>0x8004b80</load_address>
         <run_address>0x8004b80</run_address>
         <size>0x18</size>
         <input_file_ref idref="fl-15"/>
      </object_component>
      <object_component id="oc-2cb">
         <name>.data:TraceQueueClassTable</name>
         <load_address>0x8004ba8</load_address>
         <run_address>0x8004ba8</run_address>
         <size>0x5</size>
         <input_file_ref idref="fl-1f"/>
      </object_component>
      <object_component id="oc-231">
         <name>.data</name>
         <load_address>0x8004ba0</load_address>
         <run_address>0x8004ba0</run_address>
         <size>0x8</size>
         <input_file_ref idref="fl-20"/>
      </object_component>
      <object_component id="oc-22e">
         <name>.data:$O1$$</name>
         <load_address>0x8004aa0</load_address>
         <run_address>0x8004aa0</run_address>
         <size>0xc8</size>
         <input_file_ref idref="fl-20"/>
      </object_component>
      <object_component id="oc-99">
         <name>.debug_info</name>
         <load_address>0x0</load_address>
         <run_address>0x0</run_address>
         <size>0x106</size>
         <input_file_ref idref="fl-2"/>
      </object_component>
      <object_component id="oc-dc">
         <name>.debug_info</name>
         <load_address>0x106</load_address>
         <run_address>0x106</run_address>
         <size>0x32e</size>
         <input_file_ref idref="fl-3"/>
      </object_component>
      <object_component id="oc-76">
         <name>.debug_info</name>
         <load_address>0x434</load_address>
         <run_address>0x434</run_address>
         <size>0xa3c</size>
         <input_file_ref idref="fl-3"/>
      </object_component>
      <object_component id="oc-22">
         <name>.debug_info</name>
         <load_address>0xe70</load_address>
         <run_address>0xe70</run_address>
         <size>0x172</size>
         <input_file_ref idref="fl-3"/>
      </object_component>
      <object_component id="oc-157">
         <name>.debug_info</name>
         <load_address>0xfe2</load_address>
         <run_address>0xfe2</run_address>
         <size>0x26b</size>
         <input_file_ref idref="fl-3"/>
      </object_component>
      <object_component id="oc-8b">
         <name>.debug_info</name>
         <load_address>0x124d</load_address>
         <run_address>0x124d</run_address>
         <size>0x157</size>
         <input_file_ref idref="fl-3"/>
      </object_component>
      <object_component id="oc-d6">
         <name>.debug_info</name>
         <load_address>0x13a4</load_address>
         <run_address>0x13a4</run_address>
         <size>0x8b</size>
         <input_file_ref idref="fl-3"/>
      </object_component>
      <object_component id="oc-a0">
         <name>.debug_info</name>
         <load_address>0x142f</load_address>
         <run_address>0x142f</run_address>
         <size>0x18c</size>
         <input_file_ref idref="fl-3"/>
      </object_component>
      <object_component id="oc-28a">
         <name>.debug_info</name>
         <load_address>0x15bb</load_address>
         <run_address>0x15bb</run_address>
         <size>0x297</size>
         <input_file_ref idref="fl-3"/>
      </object_component>
      <object_component id="oc-149">
         <name>.debug_info</name>
         <load_address>0x1852</load_address>
         <run_address>0x1852</run_address>
         <size>0xbb</size>
         <input_file_ref idref="fl-3"/>
      </object_component>
      <object_component id="oc-a5">
         <name>.debug_info</name>
         <load_address>0x190d</load_address>
         <run_address>0x190d</run_address>
         <size>0x86</size>
         <input_file_ref idref="fl-3"/>
      </object_component>
      <object_component id="oc-15c">
         <name>.debug_info</name>
         <load_address>0x1993</load_address>
         <run_address>0x1993</run_address>
         <size>0x1de</size>
         <input_file_ref idref="fl-3"/>
      </object_component>
      <object_component id="oc-dd">
         <name>.debug_info</name>
         <load_address>0x1b71</load_address>
         <run_address>0x1b71</run_address>
         <size>0x129</size>
         <input_file_ref idref="fl-3"/>
      </object_component>
      <object_component id="oc-175">
         <name>.debug_info</name>
         <load_address>0x1c9a</load_address>
         <run_address>0x1c9a</run_address>
         <size>0x2cf</size>
         <input_file_ref idref="fl-3"/>
      </object_component>
      <object_component id="oc-1ef">
         <name>.debug_info</name>
         <load_address>0x1f69</load_address>
         <run_address>0x1f69</run_address>
         <size>0x2b1</size>
         <input_file_ref idref="fl-4"/>
      </object_component>
      <object_component id="oc-119">
         <name>.debug_info</name>
         <load_address>0x221a</load_address>
         <run_address>0x221a</run_address>
         <size>0x6d5</size>
         <input_file_ref idref="fl-4"/>
      </object_component>
      <object_component id="oc-166">
         <name>.debug_info</name>
         <load_address>0x28ef</load_address>
         <run_address>0x28ef</run_address>
         <size>0x1f9</size>
         <input_file_ref idref="fl-4"/>
      </object_component>
      <object_component id="oc-2c5">
         <name>.debug_info</name>
         <load_address>0x2ae8</load_address>
         <run_address>0x2ae8</run_address>
         <size>0x12a</size>
         <input_file_ref idref="fl-4"/>
      </object_component>
      <object_component id="oc-143">
         <name>.debug_info</name>
         <load_address>0x2c12</load_address>
         <run_address>0x2c12</run_address>
         <size>0x472</size>
         <input_file_ref idref="fl-5"/>
      </object_component>
      <object_component id="oc-85">
         <name>.debug_info</name>
         <load_address>0x3084</load_address>
         <run_address>0x3084</run_address>
         <size>0x513</size>
         <input_file_ref idref="fl-5"/>
      </object_component>
      <object_component id="oc-193">
         <name>.debug_info</name>
         <load_address>0x3597</load_address>
         <run_address>0x3597</run_address>
         <size>0x60e</size>
         <input_file_ref idref="fl-5"/>
      </object_component>
      <object_component id="oc-198">
         <name>.debug_info</name>
         <load_address>0x3ba5</load_address>
         <run_address>0x3ba5</run_address>
         <size>0x4de</size>
         <input_file_ref idref="fl-5"/>
      </object_component>
      <object_component id="oc-19d">
         <name>.debug_info</name>
         <load_address>0x4083</load_address>
         <run_address>0x4083</run_address>
         <size>0x3ce</size>
         <input_file_ref idref="fl-5"/>
      </object_component>
      <object_component id="oc-285">
         <name>.debug_info</name>
         <load_address>0x4451</load_address>
         <run_address>0x4451</run_address>
         <size>0x7cd</size>
         <input_file_ref idref="fl-5"/>
      </object_component>
      <object_component id="oc-144">
         <name>.debug_info</name>
         <load_address>0x4c1e</load_address>
         <run_address>0x4c1e</run_address>
         <size>0x673</size>
         <input_file_ref idref="fl-5"/>
      </object_component>
      <object_component id="oc-187">
         <name>.debug_info</name>
         <load_address>0x5291</load_address>
         <run_address>0x5291</run_address>
         <size>0x2c</size>
         <input_file_ref idref="fl-5"/>
      </object_component>
      <object_component id="oc-1a2">
         <name>.debug_info</name>
         <load_address>0x52bd</load_address>
         <run_address>0x52bd</run_address>
         <size>0x437</size>
         <input_file_ref idref="fl-5"/>
      </object_component>
      <object_component id="oc-1cd">
         <name>.debug_info</name>
         <load_address>0x56f4</load_address>
         <run_address>0x56f4</run_address>
         <size>0x37b</size>
         <input_file_ref idref="fl-5"/>
      </object_component>
      <object_component id="oc-1a7">
         <name>.debug_info</name>
         <load_address>0x5a6f</load_address>
         <run_address>0x5a6f</run_address>
         <size>0x1ca</size>
         <input_file_ref idref="fl-5"/>
      </object_component>
      <object_component id="oc-161">
         <name>.debug_info</name>
         <load_address>0x5c39</load_address>
         <run_address>0x5c39</run_address>
         <size>0x435</size>
         <input_file_ref idref="fl-5"/>
      </object_component>
      <object_component id="oc-1c0">
         <name>.debug_info</name>
         <load_address>0x606e</load_address>
         <run_address>0x606e</run_address>
         <size>0x551</size>
         <input_file_ref idref="fl-5"/>
      </object_component>
      <object_component id="oc-1ac">
         <name>.debug_info</name>
         <load_address>0x65bf</load_address>
         <run_address>0x65bf</run_address>
         <size>0x3d3</size>
         <input_file_ref idref="fl-5"/>
      </object_component>
      <object_component id="oc-1b6">
         <name>.debug_info</name>
         <load_address>0x6992</load_address>
         <run_address>0x6992</run_address>
         <size>0x1de</size>
         <input_file_ref idref="fl-5"/>
      </object_component>
      <object_component id="oc-1c5">
         <name>.debug_info</name>
         <load_address>0x6b70</load_address>
         <run_address>0x6b70</run_address>
         <size>0x17a</size>
         <input_file_ref idref="fl-5"/>
      </object_component>
      <object_component id="oc-16b">
         <name>.debug_info</name>
         <load_address>0x6cea</load_address>
         <run_address>0x6cea</run_address>
         <size>0x6a6</size>
         <input_file_ref idref="fl-5"/>
      </object_component>
      <object_component id="oc-170">
         <name>.debug_info</name>
         <load_address>0x7390</load_address>
         <run_address>0x7390</run_address>
         <size>0x13e</size>
         <input_file_ref idref="fl-5"/>
      </object_component>
      <object_component id="oc-2d7">
         <name>.debug_info</name>
         <load_address>0x74ce</load_address>
         <run_address>0x74ce</run_address>
         <size>0x296</size>
         <input_file_ref idref="fl-6"/>
      </object_component>
      <object_component id="oc-20e">
         <name>.debug_info</name>
         <load_address>0x7764</load_address>
         <run_address>0x7764</run_address>
         <size>0x30c</size>
         <input_file_ref idref="fl-6"/>
      </object_component>
      <object_component id="oc-239">
         <name>.debug_info</name>
         <load_address>0x7a70</load_address>
         <run_address>0x7a70</run_address>
         <size>0xb22</size>
         <input_file_ref idref="fl-6"/>
      </object_component>
      <object_component id="oc-274">
         <name>.debug_info</name>
         <load_address>0x8592</load_address>
         <run_address>0x8592</run_address>
         <size>0x3e9</size>
         <input_file_ref idref="fl-6"/>
      </object_component>
      <object_component id="oc-203">
         <name>.debug_info</name>
         <load_address>0x897b</load_address>
         <run_address>0x897b</run_address>
         <size>0xe1</size>
         <input_file_ref idref="fl-6"/>
      </object_component>
      <object_component id="oc-47">
         <name>.debug_info</name>
         <load_address>0x8a5c</load_address>
         <run_address>0x8a5c</run_address>
         <size>0x84</size>
         <input_file_ref idref="fl-6"/>
      </object_component>
      <object_component id="oc-352">
         <name>.debug_info</name>
         <load_address>0x8ae0</load_address>
         <run_address>0x8ae0</run_address>
         <size>0xcc</size>
         <input_file_ref idref="fl-6"/>
      </object_component>
      <object_component id="oc-208">
         <name>.debug_info</name>
         <load_address>0x8bac</load_address>
         <run_address>0x8bac</run_address>
         <size>0x2c</size>
         <input_file_ref idref="fl-6"/>
      </object_component>
      <object_component id="oc-2ef">
         <name>.debug_info</name>
         <load_address>0x8bd8</load_address>
         <run_address>0x8bd8</run_address>
         <size>0x53</size>
         <input_file_ref idref="fl-6"/>
      </object_component>
      <object_component id="oc-26f">
         <name>.debug_info</name>
         <load_address>0x8c2b</load_address>
         <run_address>0x8c2b</run_address>
         <size>0x14c</size>
         <input_file_ref idref="fl-6"/>
      </object_component>
      <object_component id="oc-2d6">
         <name>.debug_info</name>
         <load_address>0x8d77</load_address>
         <run_address>0x8d77</run_address>
         <size>0x738</size>
         <input_file_ref idref="fl-7"/>
      </object_component>
      <object_component id="oc-1fd">
         <name>.debug_info</name>
         <load_address>0x94af</load_address>
         <run_address>0x94af</run_address>
         <size>0x1343</size>
         <input_file_ref idref="fl-7"/>
      </object_component>
      <object_component id="oc-2d0">
         <name>.debug_info</name>
         <load_address>0xa7f2</load_address>
         <run_address>0xa7f2</run_address>
         <size>0x110</size>
         <input_file_ref idref="fl-7"/>
      </object_component>
      <object_component id="oc-218">
         <name>.debug_info</name>
         <load_address>0xa902</load_address>
         <run_address>0xa902</run_address>
         <size>0x39</size>
         <input_file_ref idref="fl-7"/>
      </object_component>
      <object_component id="oc-2da">
         <name>.debug_info</name>
         <load_address>0xa93b</load_address>
         <run_address>0xa93b</run_address>
         <size>0x46</size>
         <input_file_ref idref="fl-7"/>
      </object_component>
      <object_component id="oc-34b">
         <name>.debug_info</name>
         <load_address>0xa981</load_address>
         <run_address>0xa981</run_address>
         <size>0x76</size>
         <input_file_ref idref="fl-7"/>
      </object_component>
      <object_component id="oc-30d">
         <name>.debug_info</name>
         <load_address>0xa9f7</load_address>
         <run_address>0xa9f7</run_address>
         <size>0x62d</size>
         <input_file_ref idref="fl-8"/>
      </object_component>
      <object_component id="oc-30a">
         <name>.debug_info</name>
         <load_address>0xb024</load_address>
         <run_address>0xb024</run_address>
         <size>0xe0</size>
         <input_file_ref idref="fl-8"/>
      </object_component>
      <object_component id="oc-307">
         <name>.debug_info</name>
         <load_address>0xb104</load_address>
         <run_address>0xb104</run_address>
         <size>0x1b0</size>
         <input_file_ref idref="fl-8"/>
      </object_component>
      <object_component id="oc-256">
         <name>.debug_info</name>
         <load_address>0xb2b4</load_address>
         <run_address>0xb2b4</run_address>
         <size>0x584</size>
         <input_file_ref idref="fl-8"/>
      </object_component>
      <object_component id="oc-301">
         <name>.debug_info</name>
         <load_address>0xb838</load_address>
         <run_address>0xb838</run_address>
         <size>0x1b4</size>
         <input_file_ref idref="fl-8"/>
      </object_component>
      <object_component id="oc-366">
         <name>.debug_info</name>
         <load_address>0xb9ec</load_address>
         <run_address>0xb9ec</run_address>
         <size>0x62</size>
         <input_file_ref idref="fl-8"/>
      </object_component>
      <object_component id="oc-2f5">
         <name>.debug_info</name>
         <load_address>0xba4e</load_address>
         <run_address>0xba4e</run_address>
         <size>0x416</size>
         <input_file_ref idref="fl-9"/>
      </object_component>
      <object_component id="oc-244">
         <name>.debug_info</name>
         <load_address>0xbe64</load_address>
         <run_address>0xbe64</run_address>
         <size>0x4b3</size>
         <input_file_ref idref="fl-9"/>
      </object_component>
      <object_component id="oc-20d">
         <name>.debug_info</name>
         <load_address>0xc317</load_address>
         <run_address>0xc317</run_address>
         <size>0xfd0</size>
         <input_file_ref idref="fl-a"/>
      </object_component>
      <object_component id="oc-11f">
         <name>.debug_info</name>
         <load_address>0xd2e7</load_address>
         <run_address>0xd2e7</run_address>
         <size>0x3bf4</size>
         <input_file_ref idref="fl-a"/>
      </object_component>
      <object_component id="oc-213">
         <name>.debug_info</name>
         <load_address>0x10edb</load_address>
         <run_address>0x10edb</run_address>
         <size>0x46</size>
         <input_file_ref idref="fl-a"/>
      </object_component>
      <object_component id="oc-2ff">
         <name>.debug_info</name>
         <load_address>0x10f21</load_address>
         <run_address>0x10f21</run_address>
         <size>0x5bb</size>
         <input_file_ref idref="fl-b"/>
      </object_component>
      <object_component id="oc-152">
         <name>.debug_info</name>
         <load_address>0x114dc</load_address>
         <run_address>0x114dc</run_address>
         <size>0x12e</size>
         <input_file_ref idref="fl-b"/>
      </object_component>
      <object_component id="oc-250">
         <name>.debug_info</name>
         <load_address>0x1160a</load_address>
         <run_address>0x1160a</run_address>
         <size>0x5f4</size>
         <input_file_ref idref="fl-b"/>
      </object_component>
      <object_component id="oc-2f9">
         <name>.debug_info</name>
         <load_address>0x11bfe</load_address>
         <run_address>0x11bfe</run_address>
         <size>0x1ed</size>
         <input_file_ref idref="fl-b"/>
      </object_component>
      <object_component id="oc-91">
         <name>.debug_info</name>
         <load_address>0x11deb</load_address>
         <run_address>0x11deb</run_address>
         <size>0x4e7</size>
         <input_file_ref idref="fl-c"/>
      </object_component>
      <object_component id="oc-2cf">
         <name>.debug_info</name>
         <load_address>0x122d2</load_address>
         <run_address>0x122d2</run_address>
         <size>0xdbb</size>
         <input_file_ref idref="fl-d"/>
      </object_component>
      <object_component id="oc-1f7">
         <name>.debug_info</name>
         <load_address>0x1308d</load_address>
         <run_address>0x1308d</run_address>
         <size>0x3338</size>
         <input_file_ref idref="fl-d"/>
      </object_component>
      <object_component id="oc-344">
         <name>.debug_info</name>
         <load_address>0x163c5</load_address>
         <run_address>0x163c5</run_address>
         <size>0x17d</size>
         <input_file_ref idref="fl-d"/>
      </object_component>
      <object_component id="oc-25f">
         <name>.debug_info</name>
         <load_address>0x16542</load_address>
         <run_address>0x16542</run_address>
         <size>0x1276</size>
         <input_file_ref idref="fl-e"/>
      </object_component>
      <object_component id="oc-14f">
         <name>.debug_info</name>
         <load_address>0x177b8</load_address>
         <run_address>0x177b8</run_address>
         <size>0x493</size>
         <input_file_ref idref="fl-e"/>
      </object_component>
      <object_component id="oc-25c">
         <name>.debug_info</name>
         <load_address>0x17c4b</load_address>
         <run_address>0x17c4b</run_address>
         <size>0x13b</size>
         <input_file_ref idref="fl-e"/>
      </object_component>
      <object_component id="oc-12b">
         <name>.debug_info</name>
         <load_address>0x17d86</load_address>
         <run_address>0x17d86</run_address>
         <size>0x60e6</size>
         <input_file_ref idref="fl-e"/>
      </object_component>
      <object_component id="oc-1f1">
         <name>.debug_info</name>
         <load_address>0x1de6c</load_address>
         <run_address>0x1de6c</run_address>
         <size>0x42d</size>
         <input_file_ref idref="fl-e"/>
      </object_component>
      <object_component id="oc-313">
         <name>.debug_info</name>
         <load_address>0x1e299</load_address>
         <run_address>0x1e299</run_address>
         <size>0x17a</size>
         <input_file_ref idref="fl-e"/>
      </object_component>
      <object_component id="oc-190">
         <name>.debug_info</name>
         <load_address>0x1e413</load_address>
         <run_address>0x1e413</run_address>
         <size>0x2da</size>
         <input_file_ref idref="fl-10"/>
      </object_component>
      <object_component id="oc-c8">
         <name>.debug_info</name>
         <load_address>0x1e6ed</load_address>
         <run_address>0x1e6ed</run_address>
         <size>0x1e7</size>
         <input_file_ref idref="fl-10"/>
      </object_component>
      <object_component id="oc-1b1">
         <name>.debug_info</name>
         <load_address>0x1e8d4</load_address>
         <run_address>0x1e8d4</run_address>
         <size>0x3a4</size>
         <input_file_ref idref="fl-10"/>
      </object_component>
      <object_component id="oc-295">
         <name>.debug_info</name>
         <load_address>0x1ec78</load_address>
         <run_address>0x1ec78</run_address>
         <size>0x2c7</size>
         <input_file_ref idref="fl-10"/>
      </object_component>
      <object_component id="oc-1ed">
         <name>.debug_info</name>
         <load_address>0x1ef3f</load_address>
         <run_address>0x1ef3f</run_address>
         <size>0x317</size>
         <input_file_ref idref="fl-11"/>
      </object_component>
      <object_component id="oc-1ea">
         <name>.debug_info</name>
         <load_address>0x1f256</load_address>
         <run_address>0x1f256</run_address>
         <size>0xee</size>
         <input_file_ref idref="fl-11"/>
      </object_component>
      <object_component id="oc-113">
         <name>.debug_info</name>
         <load_address>0x1f344</load_address>
         <run_address>0x1f344</run_address>
         <size>0xb95</size>
         <input_file_ref idref="fl-11"/>
      </object_component>
      <object_component id="oc-2b9">
         <name>.debug_info</name>
         <load_address>0x1fed9</load_address>
         <run_address>0x1fed9</run_address>
         <size>0x91</size>
         <input_file_ref idref="fl-11"/>
      </object_component>
      <object_component id="oc-26a">
         <name>.debug_info</name>
         <load_address>0x1ff6a</load_address>
         <run_address>0x1ff6a</run_address>
         <size>0x243</size>
         <input_file_ref idref="fl-11"/>
      </object_component>
      <object_component id="oc-2be">
         <name>.debug_info</name>
         <load_address>0x201ad</load_address>
         <run_address>0x201ad</run_address>
         <size>0x18e</size>
         <input_file_ref idref="fl-11"/>
      </object_component>
      <object_component id="oc-65">
         <name>.debug_info</name>
         <load_address>0x2033b</load_address>
         <run_address>0x2033b</run_address>
         <size>0x7fb</size>
         <input_file_ref idref="fl-12"/>
      </object_component>
      <object_component id="oc-2b">
         <name>.debug_info</name>
         <load_address>0x20b36</load_address>
         <run_address>0x20b36</run_address>
         <size>0x10e</size>
         <input_file_ref idref="fl-14"/>
      </object_component>
      <object_component id="oc-134">
         <name>.debug_info</name>
         <load_address>0x20c44</load_address>
         <run_address>0x20c44</run_address>
         <size>0x8d7</size>
         <input_file_ref idref="fl-15"/>
      </object_component>
      <object_component id="oc-131">
         <name>.debug_info</name>
         <load_address>0x2151b</load_address>
         <run_address>0x2151b</run_address>
         <size>0x120</size>
         <input_file_ref idref="fl-15"/>
      </object_component>
      <object_component id="oc-7d">
         <name>.debug_info</name>
         <load_address>0x2163b</load_address>
         <run_address>0x2163b</run_address>
         <size>0x6cb</size>
         <input_file_ref idref="fl-15"/>
      </object_component>
      <object_component id="oc-263">
         <name>.debug_info</name>
         <load_address>0x21d06</load_address>
         <run_address>0x21d06</run_address>
         <size>0x2c</size>
         <input_file_ref idref="fl-15"/>
      </object_component>
      <object_component id="oc-29a">
         <name>.debug_info</name>
         <load_address>0x21d32</load_address>
         <run_address>0x21d32</run_address>
         <size>0x2bc</size>
         <input_file_ref idref="fl-17"/>
      </object_component>
      <object_component id="oc-328">
         <name>.debug_info</name>
         <load_address>0x21fee</load_address>
         <run_address>0x21fee</run_address>
         <size>0x242</size>
         <input_file_ref idref="fl-17"/>
      </object_component>
      <object_component id="oc-1bb">
         <name>.debug_info</name>
         <load_address>0x22230</load_address>
         <run_address>0x22230</run_address>
         <size>0x2af</size>
         <input_file_ref idref="fl-17"/>
      </object_component>
      <object_component id="oc-30">
         <name>.debug_info</name>
         <load_address>0x224df</load_address>
         <run_address>0x224df</run_address>
         <size>0x140</size>
         <input_file_ref idref="fl-18"/>
      </object_component>
      <object_component id="oc-d0">
         <name>.debug_info</name>
         <load_address>0x2261f</load_address>
         <run_address>0x2261f</run_address>
         <size>0x36d</size>
         <input_file_ref idref="fl-1a"/>
      </object_component>
      <object_component id="oc-d5">
         <name>.debug_info</name>
         <load_address>0x2298c</load_address>
         <run_address>0x2298c</run_address>
         <size>0x692</size>
         <input_file_ref idref="fl-1b"/>
      </object_component>
      <object_component id="oc-70">
         <name>.debug_info</name>
         <load_address>0x2301e</load_address>
         <run_address>0x2301e</run_address>
         <size>0x2ce0</size>
         <input_file_ref idref="fl-1b"/>
      </object_component>
      <object_component id="oc-1c">
         <name>.debug_info</name>
         <load_address>0x25cfe</load_address>
         <run_address>0x25cfe</run_address>
         <size>0x5c5</size>
         <input_file_ref idref="fl-1c"/>
      </object_component>
      <object_component id="oc-97">
         <name>.debug_info</name>
         <load_address>0x262c3</load_address>
         <run_address>0x262c3</run_address>
         <size>0x4bf</size>
         <input_file_ref idref="fl-1d"/>
      </object_component>
      <object_component id="oc-28">
         <name>.debug_info</name>
         <load_address>0x26782</load_address>
         <run_address>0x26782</run_address>
         <size>0xe8</size>
         <input_file_ref idref="fl-1d"/>
      </object_component>
      <object_component id="oc-3c">
         <name>.debug_info</name>
         <load_address>0x2686a</load_address>
         <run_address>0x2686a</run_address>
         <size>0x1b4</size>
         <input_file_ref idref="fl-1d"/>
      </object_component>
      <object_component id="oc-37">
         <name>.debug_info</name>
         <load_address>0x26a1e</load_address>
         <run_address>0x26a1e</run_address>
         <size>0x440</size>
         <input_file_ref idref="fl-1d"/>
      </object_component>
      <object_component id="oc-17a">
         <name>.debug_info</name>
         <load_address>0x26e5e</load_address>
         <run_address>0x26e5e</run_address>
         <size>0x4f</size>
         <input_file_ref idref="fl-1d"/>
      </object_component>
      <object_component id="oc-ce">
         <name>.debug_info</name>
         <load_address>0x26ead</load_address>
         <run_address>0x26ead</run_address>
         <size>0x530</size>
         <input_file_ref idref="fl-1e"/>
      </object_component>
      <object_component id="oc-6a">
         <name>.debug_info</name>
         <load_address>0x273dd</load_address>
         <run_address>0x273dd</run_address>
         <size>0x6ec</size>
         <input_file_ref idref="fl-1e"/>
      </object_component>
      <object_component id="oc-2e8">
         <name>.debug_info</name>
         <load_address>0x27ac9</load_address>
         <run_address>0x27ac9</run_address>
         <size>0x65f</size>
         <input_file_ref idref="fl-1f"/>
      </object_component>
      <object_component id="oc-2cc">
         <name>.debug_info</name>
         <load_address>0x28128</load_address>
         <run_address>0x28128</run_address>
         <size>0x104</size>
         <input_file_ref idref="fl-1f"/>
      </object_component>
      <object_component id="oc-229">
         <name>.debug_info</name>
         <load_address>0x2822c</load_address>
         <run_address>0x2822c</run_address>
         <size>0xcde</size>
         <input_file_ref idref="fl-1f"/>
      </object_component>
      <object_component id="oc-235">
         <name>.debug_info</name>
         <load_address>0x28f0a</load_address>
         <run_address>0x28f0a</run_address>
         <size>0xb7f</size>
         <input_file_ref idref="fl-20"/>
      </object_component>
      <object_component id="oc-232">
         <name>.debug_info</name>
         <load_address>0x29a89</load_address>
         <run_address>0x29a89</run_address>
         <size>0x12c</size>
         <input_file_ref idref="fl-20"/>
      </object_component>
      <object_component id="oc-22f">
         <name>.debug_info</name>
         <load_address>0x29bb5</load_address>
         <run_address>0x29bb5</run_address>
         <size>0x39a</size>
         <input_file_ref idref="fl-20"/>
      </object_component>
      <object_component id="oc-125">
         <name>.debug_info</name>
         <load_address>0x29f4f</load_address>
         <run_address>0x29f4f</run_address>
         <size>0x3d0d</size>
         <input_file_ref idref="fl-20"/>
      </object_component>
      <object_component id="oc-23e">
         <name>.debug_info</name>
         <load_address>0x2dc5c</load_address>
         <run_address>0x2dc5c</run_address>
         <size>0x2c</size>
         <input_file_ref idref="fl-20"/>
      </object_component>
      <object_component id="oc-2b4">
         <name>.debug_info</name>
         <load_address>0x2dc88</load_address>
         <run_address>0x2dc88</run_address>
         <size>0x284</size>
         <input_file_ref idref="fl-26"/>
      </object_component>
      <object_component id="oc-1e7">
         <name>.debug_info</name>
         <load_address>0x2df0c</load_address>
         <run_address>0x2df0c</run_address>
         <size>0x195</size>
         <input_file_ref idref="fl-26"/>
      </object_component>
      <object_component id="oc-339">
         <name>.debug_info</name>
         <load_address>0x2e0a1</load_address>
         <run_address>0x2e0a1</run_address>
         <size>0x46</size>
         <input_file_ref idref="fl-26"/>
      </object_component>
      <object_component id="oc-2af">
         <name>.debug_info</name>
         <load_address>0x2e0e7</load_address>
         <run_address>0x2e0e7</run_address>
         <size>0x39</size>
         <input_file_ref idref="fl-26"/>
      </object_component>
      <object_component id="oc-c3">
         <name>.debug_info</name>
         <load_address>0x2e120</load_address>
         <run_address>0x2e120</run_address>
         <size>0x13f</size>
         <input_file_ref idref="fl-27"/>
      </object_component>
      <object_component id="oc-224">
         <name>.debug_info</name>
         <load_address>0x2e25f</load_address>
         <run_address>0x2e25f</run_address>
         <size>0x149</size>
         <input_file_ref idref="fl-28"/>
      </object_component>
      <object_component id="oc-4d">
         <name>.debug_info</name>
         <load_address>0x2e3a8</load_address>
         <run_address>0x2e3a8</run_address>
         <size>0x111</size>
         <input_file_ref idref="fl-29"/>
      </object_component>
      <object_component id="oc-1d5">
         <name>.debug_info</name>
         <load_address>0x2e4b9</load_address>
         <run_address>0x2e4b9</run_address>
         <size>0x547</size>
         <input_file_ref idref="fl-2a"/>
      </object_component>
      <object_component id="oc-e5">
         <name>.debug_info</name>
         <load_address>0x2ea00</load_address>
         <run_address>0x2ea00</run_address>
         <size>0x19b</size>
         <input_file_ref idref="fl-2a"/>
      </object_component>
      <object_component id="oc-29d">
         <name>.debug_info</name>
         <load_address>0x2eb9b</load_address>
         <run_address>0x2eb9b</run_address>
         <size>0x39</size>
         <input_file_ref idref="fl-2a"/>
      </object_component>
      <object_component id="oc-32d">
         <name>.debug_info</name>
         <load_address>0x2ebd4</load_address>
         <run_address>0x2ebd4</run_address>
         <size>0x39</size>
         <input_file_ref idref="fl-2a"/>
      </object_component>
      <object_component id="oc-2a2">
         <name>.debug_info</name>
         <load_address>0x2ec0d</load_address>
         <run_address>0x2ec0d</run_address>
         <size>0x39</size>
         <input_file_ref idref="fl-2a"/>
      </object_component>
      <object_component id="oc-2a7">
         <name>.debug_info</name>
         <load_address>0x2ec46</load_address>
         <run_address>0x2ec46</run_address>
         <size>0xcd</size>
         <input_file_ref idref="fl-2a"/>
      </object_component>
      <object_component id="oc-bf">
         <name>.debug_info</name>
         <load_address>0x2ed13</load_address>
         <run_address>0x2ed13</run_address>
         <size>0x313</size>
         <input_file_ref idref="fl-2c"/>
      </object_component>
      <object_component id="oc-61">
         <name>.debug_info</name>
         <load_address>0x2f026</load_address>
         <run_address>0x2f026</run_address>
         <size>0x1aa</size>
         <input_file_ref idref="fl-2c"/>
      </object_component>
      <object_component id="oc-ba">
         <name>.debug_info</name>
         <load_address>0x2f1d0</load_address>
         <run_address>0x2f1d0</run_address>
         <size>0x46</size>
         <input_file_ref idref="fl-2c"/>
      </object_component>
      <object_component id="oc-57">
         <name>.debug_info</name>
         <load_address>0x2f216</load_address>
         <run_address>0x2f216</run_address>
         <size>0x298</size>
         <input_file_ref idref="fl-2d"/>
      </object_component>
      <object_component id="oc-16">
         <name>.debug_info</name>
         <load_address>0x2f4ae</load_address>
         <run_address>0x2f4ae</run_address>
         <size>0x1ca</size>
         <input_file_ref idref="fl-2d"/>
      </object_component>
      <object_component id="oc-52">
         <name>.debug_info</name>
         <load_address>0x2f678</load_address>
         <run_address>0x2f678</run_address>
         <size>0x46</size>
         <input_file_ref idref="fl-2d"/>
      </object_component>
      <object_component id="oc-b2">
         <name>.debug_info</name>
         <load_address>0x2f6be</load_address>
         <run_address>0x2f6be</run_address>
         <size>0x2c</size>
         <input_file_ref idref="fl-2d"/>
      </object_component>
      <object_component id="oc-b0">
         <name>.debug_info</name>
         <load_address>0x2f6ea</load_address>
         <run_address>0x2f6ea</run_address>
         <size>0x293</size>
         <input_file_ref idref="fl-2e"/>
      </object_component>
      <object_component id="oc-f">
         <name>.debug_info</name>
         <load_address>0x2f97d</load_address>
         <run_address>0x2f97d</run_address>
         <size>0x245</size>
         <input_file_ref idref="fl-2e"/>
      </object_component>
      <object_component id="oc-42">
         <name>.debug_info</name>
         <load_address>0x2fbc2</load_address>
         <run_address>0x2fbc2</run_address>
         <size>0x60</size>
         <input_file_ref idref="fl-2e"/>
      </object_component>
      <object_component id="oc-180">
         <name>.debug_info</name>
         <load_address>0x2fc22</load_address>
         <run_address>0x2fc22</run_address>
         <size>0x46</size>
         <input_file_ref idref="fl-2e"/>
      </object_component>
      <object_component id="oc-ab">
         <name>.debug_info</name>
         <load_address>0x2fc68</load_address>
         <run_address>0x2fc68</run_address>
         <size>0x39</size>
         <input_file_ref idref="fl-2e"/>
      </object_component>
      <object_component id="oc-137">
         <name>.debug_info</name>
         <load_address>0x2fca1</load_address>
         <run_address>0x2fca1</run_address>
         <size>0x117</size>
         <input_file_ref idref="fl-2f"/>
      </object_component>
      <object_component id="oc-2f7">
         <name>.debug_info</name>
         <load_address>0x2fdb8</load_address>
         <run_address>0x2fdb8</run_address>
         <size>0x284</size>
         <input_file_ref idref="fl-31"/>
      </object_component>
      <object_component id="oc-24a">
         <name>.debug_info</name>
         <load_address>0x3003c</load_address>
         <run_address>0x3003c</run_address>
         <size>0x22a</size>
         <input_file_ref idref="fl-31"/>
      </object_component>
      <object_component id="oc-2e0">
         <name>.debug_info</name>
         <load_address>0x30266</load_address>
         <run_address>0x30266</run_address>
         <size>0x285</size>
         <input_file_ref idref="fl-32"/>
      </object_component>
      <object_component id="oc-220">
         <name>.debug_info</name>
         <load_address>0x304eb</load_address>
         <run_address>0x304eb</run_address>
         <size>0x289</size>
         <input_file_ref idref="fl-32"/>
      </object_component>
      <object_component id="oc-2e2">
         <name>.debug_info</name>
         <load_address>0x30774</load_address>
         <run_address>0x30774</run_address>
         <size>0x10d</size>
         <input_file_ref idref="fl-33"/>
      </object_component>
      <object_component id="oc-39d">
         <name>.debug_info</name>
         <load_address>0x30881</load_address>
         <run_address>0x30881</run_address>
         <size>0xe4</size>
      </object_component>
      <object_component id="oc-9c">
         <name>.debug_line</name>
         <load_address>0x0</load_address>
         <run_address>0x0</run_address>
         <size>0x78</size>
         <input_file_ref idref="fl-2"/>
      </object_component>
      <object_component id="oc-1d3">
         <name>.debug_line</name>
         <load_address>0x78</load_address>
         <run_address>0x78</run_address>
         <size>0x6a</size>
         <input_file_ref idref="fl-3"/>
      </object_component>
      <object_component id="oc-79">
         <name>.debug_line</name>
         <load_address>0xe2</load_address>
         <run_address>0xe2</run_address>
         <size>0x26a</size>
         <input_file_ref idref="fl-3"/>
      </object_component>
      <object_component id="oc-25">
         <name>.debug_line</name>
         <load_address>0x34c</load_address>
         <run_address>0x34c</run_address>
         <size>0x68</size>
         <input_file_ref idref="fl-3"/>
      </object_component>
      <object_component id="oc-15a">
         <name>.debug_line</name>
         <load_address>0x3b4</load_address>
         <run_address>0x3b4</run_address>
         <size>0x69</size>
         <input_file_ref idref="fl-3"/>
      </object_component>
      <object_component id="oc-8e">
         <name>.debug_line</name>
         <load_address>0x41d</load_address>
         <run_address>0x41d</run_address>
         <size>0x73</size>
         <input_file_ref idref="fl-3"/>
      </object_component>
      <object_component id="oc-d9">
         <name>.debug_line</name>
         <load_address>0x490</load_address>
         <run_address>0x490</run_address>
         <size>0x20</size>
         <input_file_ref idref="fl-3"/>
      </object_component>
      <object_component id="oc-a3">
         <name>.debug_line</name>
         <load_address>0x4b0</load_address>
         <run_address>0x4b0</run_address>
         <size>0x6e</size>
         <input_file_ref idref="fl-3"/>
      </object_component>
      <object_component id="oc-28d">
         <name>.debug_line</name>
         <load_address>0x51e</load_address>
         <run_address>0x51e</run_address>
         <size>0x6d</size>
         <input_file_ref idref="fl-3"/>
      </object_component>
      <object_component id="oc-14c">
         <name>.debug_line</name>
         <load_address>0x58b</load_address>
         <run_address>0x58b</run_address>
         <size>0x6a</size>
         <input_file_ref idref="fl-3"/>
      </object_component>
      <object_component id="oc-a8">
         <name>.debug_line</name>
         <load_address>0x5f5</load_address>
         <run_address>0x5f5</run_address>
         <size>0x71</size>
         <input_file_ref idref="fl-3"/>
      </object_component>
      <object_component id="oc-15f">
         <name>.debug_line</name>
         <load_address>0x666</load_address>
         <run_address>0x666</run_address>
         <size>0x6e</size>
         <input_file_ref idref="fl-3"/>
      </object_component>
      <object_component id="oc-e0">
         <name>.debug_line</name>
         <load_address>0x6d4</load_address>
         <run_address>0x6d4</run_address>
         <size>0x6a</size>
         <input_file_ref idref="fl-3"/>
      </object_component>
      <object_component id="oc-178">
         <name>.debug_line</name>
         <load_address>0x73e</load_address>
         <run_address>0x73e</run_address>
         <size>0x6e</size>
         <input_file_ref idref="fl-3"/>
      </object_component>
      <object_component id="oc-2c4">
         <name>.debug_line</name>
         <load_address>0x7ac</load_address>
         <run_address>0x7ac</run_address>
         <size>0x20</size>
         <input_file_ref idref="fl-4"/>
      </object_component>
      <object_component id="oc-11c">
         <name>.debug_line</name>
         <load_address>0x7cc</load_address>
         <run_address>0x7cc</run_address>
         <size>0x193</size>
         <input_file_ref idref="fl-4"/>
      </object_component>
      <object_component id="oc-169">
         <name>.debug_line</name>
         <load_address>0x95f</load_address>
         <run_address>0x95f</run_address>
         <size>0x6e</size>
         <input_file_ref idref="fl-4"/>
      </object_component>
      <object_component id="oc-2c8">
         <name>.debug_line</name>
         <load_address>0x9cd</load_address>
         <run_address>0x9cd</run_address>
         <size>0x6a</size>
         <input_file_ref idref="fl-4"/>
      </object_component>
      <object_component id="oc-284">
         <name>.debug_line</name>
         <load_address>0xa37</load_address>
         <run_address>0xa37</run_address>
         <size>0x20</size>
         <input_file_ref idref="fl-5"/>
      </object_component>
      <object_component id="oc-88">
         <name>.debug_line</name>
         <load_address>0xa57</load_address>
         <run_address>0xa57</run_address>
         <size>0xa8</size>
         <input_file_ref idref="fl-5"/>
      </object_component>
      <object_component id="oc-196">
         <name>.debug_line</name>
         <load_address>0xaff</load_address>
         <run_address>0xaff</run_address>
         <size>0x6e</size>
         <input_file_ref idref="fl-5"/>
      </object_component>
      <object_component id="oc-19b">
         <name>.debug_line</name>
         <load_address>0xb6d</load_address>
         <run_address>0xb6d</run_address>
         <size>0x71</size>
         <input_file_ref idref="fl-5"/>
      </object_component>
      <object_component id="oc-1a0">
         <name>.debug_line</name>
         <load_address>0xbde</load_address>
         <run_address>0xbde</run_address>
         <size>0x6e</size>
         <input_file_ref idref="fl-5"/>
      </object_component>
      <object_component id="oc-288">
         <name>.debug_line</name>
         <load_address>0xc4c</load_address>
         <run_address>0xc4c</run_address>
         <size>0x6e</size>
         <input_file_ref idref="fl-5"/>
      </object_component>
      <object_component id="oc-147">
         <name>.debug_line</name>
         <load_address>0xcba</load_address>
         <run_address>0xcba</run_address>
         <size>0x6e</size>
         <input_file_ref idref="fl-5"/>
      </object_component>
      <object_component id="oc-18a">
         <name>.debug_line</name>
         <load_address>0xd28</load_address>
         <run_address>0xd28</run_address>
         <size>0x65</size>
         <input_file_ref idref="fl-5"/>
      </object_component>
      <object_component id="oc-1a5">
         <name>.debug_line</name>
         <load_address>0xd8d</load_address>
         <run_address>0xd8d</run_address>
         <size>0x6e</size>
         <input_file_ref idref="fl-5"/>
      </object_component>
      <object_component id="oc-1d0">
         <name>.debug_line</name>
         <load_address>0xdfb</load_address>
         <run_address>0xdfb</run_address>
         <size>0x73</size>
         <input_file_ref idref="fl-5"/>
      </object_component>
      <object_component id="oc-1aa">
         <name>.debug_line</name>
         <load_address>0xe6e</load_address>
         <run_address>0xe6e</run_address>
         <size>0x6e</size>
         <input_file_ref idref="fl-5"/>
      </object_component>
      <object_component id="oc-164">
         <name>.debug_line</name>
         <load_address>0xedc</load_address>
         <run_address>0xedc</run_address>
         <size>0x70</size>
         <input_file_ref idref="fl-5"/>
      </object_component>
      <object_component id="oc-1c3">
         <name>.debug_line</name>
         <load_address>0xf4c</load_address>
         <run_address>0xf4c</run_address>
         <size>0x6d</size>
         <input_file_ref idref="fl-5"/>
      </object_component>
      <object_component id="oc-1af">
         <name>.debug_line</name>
         <load_address>0xfb9</load_address>
         <run_address>0xfb9</run_address>
         <size>0x6e</size>
         <input_file_ref idref="fl-5"/>
      </object_component>
      <object_component id="oc-1b9">
         <name>.debug_line</name>
         <load_address>0x1027</load_address>
         <run_address>0x1027</run_address>
         <size>0x70</size>
         <input_file_ref idref="fl-5"/>
      </object_component>
      <object_component id="oc-1c8">
         <name>.debug_line</name>
         <load_address>0x1097</load_address>
         <run_address>0x1097</run_address>
         <size>0x6e</size>
         <input_file_ref idref="fl-5"/>
      </object_component>
      <object_component id="oc-16e">
         <name>.debug_line</name>
         <load_address>0x1105</load_address>
         <run_address>0x1105</run_address>
         <size>0x71</size>
         <input_file_ref idref="fl-5"/>
      </object_component>
      <object_component id="oc-173">
         <name>.debug_line</name>
         <load_address>0x1176</load_address>
         <run_address>0x1176</run_address>
         <size>0x70</size>
         <input_file_ref idref="fl-5"/>
      </object_component>
      <object_component id="oc-351">
         <name>.debug_line</name>
         <load_address>0x11e6</load_address>
         <run_address>0x11e6</run_address>
         <size>0x20</size>
         <input_file_ref idref="fl-6"/>
      </object_component>
      <object_component id="oc-211">
         <name>.debug_line</name>
         <load_address>0x1206</load_address>
         <run_address>0x1206</run_address>
         <size>0x6e</size>
         <input_file_ref idref="fl-6"/>
      </object_component>
      <object_component id="oc-23c">
         <name>.debug_line</name>
         <load_address>0x1274</load_address>
         <run_address>0x1274</run_address>
         <size>0x72</size>
         <input_file_ref idref="fl-6"/>
      </object_component>
      <object_component id="oc-277">
         <name>.debug_line</name>
         <load_address>0x12e6</load_address>
         <run_address>0x12e6</run_address>
         <size>0x6f</size>
         <input_file_ref idref="fl-6"/>
      </object_component>
      <object_component id="oc-206">
         <name>.debug_line</name>
         <load_address>0x1355</load_address>
         <run_address>0x1355</run_address>
         <size>0x73</size>
         <input_file_ref idref="fl-6"/>
      </object_component>
      <object_component id="oc-4a">
         <name>.debug_line</name>
         <load_address>0x13c8</load_address>
         <run_address>0x13c8</run_address>
         <size>0x20</size>
         <input_file_ref idref="fl-6"/>
      </object_component>
      <object_component id="oc-355">
         <name>.debug_line</name>
         <load_address>0x13e8</load_address>
         <run_address>0x13e8</run_address>
         <size>0x72</size>
         <input_file_ref idref="fl-6"/>
      </object_component>
      <object_component id="oc-20b">
         <name>.debug_line</name>
         <load_address>0x145a</load_address>
         <run_address>0x145a</run_address>
         <size>0x72</size>
         <input_file_ref idref="fl-6"/>
      </object_component>
      <object_component id="oc-2f2">
         <name>.debug_line</name>
         <load_address>0x14cc</load_address>
         <run_address>0x14cc</run_address>
         <size>0x65</size>
         <input_file_ref idref="fl-6"/>
      </object_component>
      <object_component id="oc-272">
         <name>.debug_line</name>
         <load_address>0x1531</load_address>
         <run_address>0x1531</run_address>
         <size>0x6e</size>
         <input_file_ref idref="fl-6"/>
      </object_component>
      <object_component id="oc-34a">
         <name>.debug_line</name>
         <load_address>0x159f</load_address>
         <run_address>0x159f</run_address>
         <size>0x161</size>
         <input_file_ref idref="fl-7"/>
      </object_component>
      <object_component id="oc-200">
         <name>.debug_line</name>
         <load_address>0x1700</load_address>
         <run_address>0x1700</run_address>
         <size>0x2fa</size>
         <input_file_ref idref="fl-7"/>
      </object_component>
      <object_component id="oc-2d3">
         <name>.debug_line</name>
         <load_address>0x19fa</load_address>
         <run_address>0x19fa</run_address>
         <size>0x65</size>
         <input_file_ref idref="fl-7"/>
      </object_component>
      <object_component id="oc-21b">
         <name>.debug_line</name>
         <load_address>0x1a5f</load_address>
         <run_address>0x1a5f</run_address>
         <size>0x76</size>
         <input_file_ref idref="fl-7"/>
      </object_component>
      <object_component id="oc-2dd">
         <name>.debug_line</name>
         <load_address>0x1ad5</load_address>
         <run_address>0x1ad5</run_address>
         <size>0x6f</size>
         <input_file_ref idref="fl-7"/>
      </object_component>
      <object_component id="oc-34e">
         <name>.debug_line</name>
         <load_address>0x1b44</load_address>
         <run_address>0x1b44</run_address>
         <size>0x3f</size>
         <input_file_ref idref="fl-7"/>
      </object_component>
      <object_component id="oc-36e">
         <name>.debug_line</name>
         <load_address>0x1b83</load_address>
         <run_address>0x1b83</run_address>
         <size>0x12c</size>
         <input_file_ref idref="fl-8"/>
      </object_component>
      <object_component id="oc-36c">
         <name>.debug_line</name>
         <load_address>0x1caf</load_address>
         <run_address>0x1caf</run_address>
         <size>0x37</size>
         <input_file_ref idref="fl-8"/>
      </object_component>
      <object_component id="oc-365">
         <name>.debug_line</name>
         <load_address>0x1ce6</load_address>
         <run_address>0x1ce6</run_address>
         <size>0x37</size>
         <input_file_ref idref="fl-8"/>
      </object_component>
      <object_component id="oc-259">
         <name>.debug_line</name>
         <load_address>0x1d1d</load_address>
         <run_address>0x1d1d</run_address>
         <size>0x190</size>
         <input_file_ref idref="fl-8"/>
      </object_component>
      <object_component id="oc-304">
         <name>.debug_line</name>
         <load_address>0x1ead</load_address>
         <run_address>0x1ead</run_address>
         <size>0x81</size>
         <input_file_ref idref="fl-8"/>
      </object_component>
      <object_component id="oc-369">
         <name>.debug_line</name>
         <load_address>0x1f2e</load_address>
         <run_address>0x1f2e</run_address>
         <size>0x37</size>
         <input_file_ref idref="fl-8"/>
      </object_component>
      <object_component id="oc-35d">
         <name>.debug_line</name>
         <load_address>0x1f65</load_address>
         <run_address>0x1f65</run_address>
         <size>0x20</size>
         <input_file_ref idref="fl-9"/>
      </object_component>
      <object_component id="oc-247">
         <name>.debug_line</name>
         <load_address>0x1f85</load_address>
         <run_address>0x1f85</run_address>
         <size>0xeb</size>
         <input_file_ref idref="fl-9"/>
      </object_component>
      <object_component id="oc-2d9">
         <name>.debug_line</name>
         <load_address>0x2070</load_address>
         <run_address>0x2070</run_address>
         <size>0x132</size>
         <input_file_ref idref="fl-a"/>
      </object_component>
      <object_component id="oc-122">
         <name>.debug_line</name>
         <load_address>0x21a2</load_address>
         <run_address>0x21a2</run_address>
         <size>0x5d9</size>
         <input_file_ref idref="fl-a"/>
      </object_component>
      <object_component id="oc-216">
         <name>.debug_line</name>
         <load_address>0x277b</load_address>
         <run_address>0x277b</run_address>
         <size>0x6f</size>
         <input_file_ref idref="fl-a"/>
      </object_component>
      <object_component id="oc-362">
         <name>.debug_line</name>
         <load_address>0x27ea</load_address>
         <run_address>0x27ea</run_address>
         <size>0xd9</size>
         <input_file_ref idref="fl-b"/>
      </object_component>
      <object_component id="oc-292">
         <name>.debug_line</name>
         <load_address>0x28c3</load_address>
         <run_address>0x28c3</run_address>
         <size>0x37</size>
         <input_file_ref idref="fl-b"/>
      </object_component>
      <object_component id="oc-253">
         <name>.debug_line</name>
         <load_address>0x28fa</load_address>
         <run_address>0x28fa</run_address>
         <size>0x137</size>
         <input_file_ref idref="fl-b"/>
      </object_component>
      <object_component id="oc-2fc">
         <name>.debug_line</name>
         <load_address>0x2a31</load_address>
         <run_address>0x2a31</run_address>
         <size>0x61</size>
         <input_file_ref idref="fl-b"/>
      </object_component>
      <object_component id="oc-94">
         <name>.debug_line</name>
         <load_address>0x2a92</load_address>
         <run_address>0x2a92</run_address>
         <size>0x258</size>
         <input_file_ref idref="fl-c"/>
      </object_component>
      <object_component id="oc-343">
         <name>.debug_line</name>
         <load_address>0x2cea</load_address>
         <run_address>0x2cea</run_address>
         <size>0x21f</size>
[...]
      </symbol>
      <symbol id="sm-80c">
         <name>fmcBus2Check</name>
         <value>0xb16c</value>
         <object_component_ref idref="oc-6f"/>
      </symbol>
      <symbol id="sm-80d">
         <name>checkRAMUERRTest</name>
         <value>0xb794</value>
         <object_component_ref idref="oc-6f"/>
      </symbol>
      <symbol id="sm-80e">
         <name>efcStuckZeroTest</name>
         <value>0xb4f0</value>
         <object_component_ref idref="oc-6f"/>
      </symbol>
      <symbol id="sm-80f">
         <name>checkPLL2Slip</name>
         <value>0xbaac</value>
         <object_component_ref idref="oc-6f"/>
      </symbol>
      <symbol id="sm-833">
         <name>_c_int00</name>
         <value>0xf030</value>
         <object_component_ref idref="oc-1b"/>
      </symbol>
      <symbol id="sm-894">
         <name>vimChannelMap</name>
         <value>0xded4</value>
         <object_component_ref idref="oc-36"/>
      </symbol>
      <symbol id="sm-895">
         <name>vimInit</name>
         <value>0xda94</value>
         <object_component_ref idref="oc-36"/>
      </symbol>
      <symbol id="sm-896">
         <name>vimEnableInterrupt</name>
         <value>0xddd8</value>
         <object_component_ref idref="oc-36"/>
      </symbol>
      <symbol id="sm-897">
         <name>vimDisableInterrupt</name>
         <value>0xde90</value>
         <object_component_ref idref="oc-36"/>
      </symbol>
      <symbol id="sm-898">
         <name>vimGetConfigValue</name>
         <value>0xdaf8</value>
         <object_component_ref idref="oc-36"/>
      </symbol>
      <symbol id="sm-899">
         <name>vimParityErrorHandler</name>
         <value>0xf5bc</value>
         <object_component_ref idref="oc-35"/>
      </symbol>
      <symbol id="sm-8ce">
         <name>systemGetConfigValue</name>
         <value>0xd710</value>
         <object_component_ref idref="oc-69"/>
      </symbol>
      <symbol id="sm-8cf">
         <name>trimLPO</name>
         <value>0xd3f8</value>
         <object_component_ref idref="oc-69"/>
      </symbol>
      <symbol id="sm-8d0">
         <name>systemInit</name>
         <value>0xd688</value>
         <object_component_ref idref="oc-69"/>
      </symbol>
      <symbol id="sm-8d1">
         <name>tcmflashGetConfigValue</name>
         <value>0xd424</value>
         <object_component_ref idref="oc-69"/>
      </symbol>
      <symbol id="sm-8d2">
         <name>sramGetConfigValue</name>
         <value>0xd9c0</value>
         <object_component_ref idref="oc-69"/>
      </symbol>
      <symbol id="sm-8d3">
         <name>periphInit</name>
         <value>0xd560</value>
         <object_component_ref idref="oc-69"/>
      </symbol>
      <symbol id="sm-8d4">
         <name>setupFlash</name>
         <value>0xd59c</value>
         <object_component_ref idref="oc-69"/>
      </symbol>
      <symbol id="sm-8d5">
         <name>setupPLL</name>
         <value>0xd518</value>
         <object_component_ref idref="oc-69"/>
      </symbol>
      <symbol id="sm-8d6">
         <name>mapClocks</name>
         <value>0xd5cc</value>
         <object_component_ref idref="oc-69"/>
      </symbol>
      <symbol id="sm-8d7">
         <name>systemPowerDown</name>
         <value>0xd4fc</value>
         <object_component_ref idref="oc-69"/>
      </symbol>
      <symbol id="sm-912">
         <name>vTraceInitObjectPropertyTable</name>
         <value>0xcd88</value>
         <object_component_ref idref="oc-228"/>
      </symbol>
      <symbol id="sm-913">
         <name>vTraceSetSemaphoreName</name>
         <value>0xcd28</value>
         <object_component_ref idref="oc-228"/>
      </symbol>
      <symbol id="sm-914">
         <name>vTraceInitObjectHandleStack</name>
         <value>0xcee8</value>
         <object_component_ref idref="oc-228"/>
      </symbol>
      <symbol id="sm-915">
         <name>vTraceSetMutexName</name>
         <value>0xcd68</value>
         <object_component_ref idref="oc-228"/>
      </symbol>
      <symbol id="sm-916">
         <name>TraceQueueClassTable</name>
         <value>0x8004ba8</value>
         <object_component_ref idref="oc-2cb"/>
      </symbol>
      <symbol id="sm-917">
         <name>vTraceSetQueueName</name>
         <value>0xcd48</value>
         <object_component_ref idref="oc-228"/>
      </symbol>
      <symbol id="sm-918">
         <name>prvTraceGetQueueNumberLow16</name>
         <value>0xcd18</value>
         <object_component_ref idref="oc-228"/>
      </symbol>
      <symbol id="sm-919">
         <name>prvTraceSetQueueNumberLow16</name>
         <value>0xd074</value>
         <object_component_ref idref="oc-228"/>
      </symbol>
      <symbol id="sm-91a">
         <name>prvTraceGetTaskNumberLow16</name>
         <value>0xd0c0</value>
         <object_component_ref idref="oc-228"/>
      </symbol>
      <symbol id="sm-91b">
         <name>prvTraceSetQueueNumberHigh16</name>
         <value>0xd09c</value>
         <object_component_ref idref="oc-228"/>
      </symbol>
      <symbol id="sm-91c">
         <name>pszTraceGetErrorNotEnoughHandles</name>
         <value>0xcfa4</value>
         <object_component_ref idref="oc-228"/>
      </symbol>
      <symbol id="sm-91d">
         <name>prvTraceGetQueueNumberHigh16</name>
         <value>0xd0e0</value>
         <object_component_ref idref="oc-228"/>
      </symbol>
      <symbol id="sm-91e">
         <name>prvTraceSetTaskNumberHigh16</name>
         <value>0xd050</value>
         <object_component_ref idref="oc-228"/>
      </symbol>
      <symbol id="sm-91f">
         <name>prvTraceGetTaskNumberHigh16</name>
         <value>0xd0d0</value>
         <object_component_ref idref="oc-228"/>
      </symbol>
      <symbol id="sm-920">
         <name>prvTraceSetTaskNumberLow16</name>
         <value>0xd028</value>
         <object_component_ref idref="oc-228"/>
      </symbol>
      <symbol id="sm-a74">
         <name>RecorderData</name>
         <value>0x8003000</value>
      </symbol>
      <symbol id="sm-a75">
         <name>vTraceSetFilterMask</name>
         <value>0x9118</value>
         <object_component_ref idref="oc-124"/>
      </symbol>
      <symbol id="sm-a76">
         <name>RecorderDataPtr</name>
         <value>0x8004ac8</value>
         <object_component_ref idref="oc-22e"/>
      </symbol>
      <symbol id="sm-a77">
         <name>init_hwtc_count</name>
         <value>0x8004ac4</value>
         <object_component_ref idref="oc-22e"/>
      </symbol>
      <symbol id="sm-a78">
         <name>vTraceEnable</name>
         <value>0x9824</value>
         <object_component_ref idref="oc-124"/>
      </symbol>
      <symbol id="sm-a79">
         <name>vTraceInstanceFinishedNow</name>
         <value>0x97a4</value>
         <object_component_ref idref="oc-124"/>
      </symbol>
      <symbol id="sm-a7a">
         <name>objectHandleStacks</name>
         <value>0x8004ad8</value>
         <object_component_ref idref="oc-22e"/>
      </symbol>
      <symbol id="sm-a7b">
         <name>vTraceStop</name>
         <value>0x8020</value>
         <object_component_ref idref="oc-124"/>
      </symbol>
      <symbol id="sm-a7c">
         <name>traceErrorMessage</name>
         <value>0x8004ab8</value>
         <object_component_ref idref="oc-22e"/>
      </symbol>
      <symbol id="sm-a7d">
         <name>prvTraceIncreaseISRActive</name>
         <value>0xa3d8</value>
         <object_component_ref idref="oc-124"/>
      </symbol>
      <symbol id="sm-a7e">
         <name>prvTraceSetObjectState</name>
         <value>0x8b18</value>
         <object_component_ref idref="oc-124"/>
      </symbol>
      <symbol id="sm-a7f">
         <name>vTraceSetStopHook</name>
         <value>0x9100</value>
         <object_component_ref idref="oc-124"/>
      </symbol>
      <symbol id="sm-a80">
         <name>prvTraceSetObjectName</name>
         <value>0x8a1c</value>
         <object_component_ref idref="oc-124"/>
      </symbol>
      <symbol id="sm-a81">
         <name>prvTraceError</name>
         <value>0x807c</value>
         <object_component_ref idref="oc-124"/>
      </symbol>
      <symbol id="sm-a82">
         <name>prvTraceStoreLowPower</name>
         <value>0x9cf8</value>
         <object_component_ref idref="oc-124"/>
      </symbol>
      <symbol id="sm-a83">
         <name>uiTraceStart</name>
         <value>0x8fc0</value>
         <object_component_ref idref="oc-124"/>
      </symbol>
      <symbol id="sm-a84">
         <name>uiTraceTickCount</name>
         <value>0x8004ba0</value>
         <object_component_ref idref="oc-231"/>
      </symbol>
      <symbol id="sm-a85">
         <name>xTraceIsRecordingEnabled</name>
         <value>0x836c</value>
         <object_component_ref idref="oc-124"/>
      </symbol>
      <symbol id="sm-a86">
         <name>prvTraceStoreObjectPropertiesOnCloseEvent</name>
         <value>0x9b94</value>
         <object_component_ref idref="oc-124"/>
      </symbol>
      <symbol id="sm-a87">
         <name>prvTraceSetReadyEventsEnabled</name>
         <value>0xa3cc</value>
         <object_component_ref idref="oc-124"/>
      </symbol>
      <symbol id="sm-a88">
         <name>prvTraceGetPriorityProperty</name>
         <value>0xa404</value>
         <object_component_ref idref="oc-124"/>
      </symbol>
      <symbol id="sm-a89">
         <name>prvTraceSetPriorityProperty</name>
         <value>0x8ab8</value>
         <object_component_ref idref="oc-124"/>
      </symbol>
      <symbol id="sm-a8a">
         <name>prvTraceStoreKernelCall</name>
         <value>0xa2c0</value>
         <object_component_ref idref="oc-124"/>
      </symbol>
      <symbol id="sm-a8b">
         <name>vTraceStoreMemMangEvent</name>
         <value>0x87bc</value>
         <object_component_ref idref="oc-124"/>
      </symbol>
      <symbol id="sm-a8c">
         <name>prvTracePortGetTimeStamp</name>
         <value>0x839c</value>
         <object_component_ref idref="oc-124"/>
      </symbol>
      <symbol id="sm-a8d">
         <name>vTraceStart</name>
         <value>0x90fc</value>
         <object_component_ref idref="oc-124"/>
      </symbol>
      <symbol id="sm-a8e">
         <name>CurrentFilterMask</name>
         <value>0x8004aa2</value>
         <object_component_ref idref="oc-22e"/>
      </symbol>
      <symbol id="sm-a8f">
         <name>prvTraceStoreTaskswitch</name>
         <value>0x8b78</value>
         <object_component_ref idref="oc-124"/>
      </symbol>
      <symbol id="sm-a90">
         <name>nISRactive</name>
         <value>0x8004aa0</value>
         <object_component_ref idref="oc-22e"/>
      </symbol>
      <symbol id="sm-a91">
         <name>prvMarkObjectAsUsed</name>
         <value>0xa5ac</value>
         <object_component_ref idref="oc-124"/>
      </symbol>
      <symbol id="sm-a92">
         <name>prvTraceStoreObjectNameOnCloseEvent</name>
         <value>0x9c68</value>
         <object_component_ref idref="oc-124"/>
      </symbol>
      <symbol id="sm-a93">
         <name>CurrentFilterGroup</name>
         <value>0x8004aa4</value>
         <object_component_ref idref="oc-22e"/>
      </symbol>
      <symbol id="sm-a94">
         <name>vTraceClearError</name>
         <value>0x9a24</value>
         <object_component_ref idref="oc-124"/>
      </symbol>
      <symbol id="sm-a95">
         <name>prvTraceStoreKernelCallWithNumericParamOnly</name>
         <value>0xa0b4</value>
         <object_component_ref idref="oc-124"/>
      </symbol>
      <symbol id="sm-a96">
         <name>timestampFrequency</name>
         <value>0x8004ab4</value>
         <object_component_ref idref="oc-22e"/>
      </symbol>
      <symbol id="sm-a97">
         <name>prvTraceGetObjectHandle</name>
         <value>0x88b0</value>
         <object_component_ref idref="oc-124"/>
      </symbol>
      <symbol id="sm-a98">
         <name>vTraceSetFrequency</name>
         <value>0x910c</value>
         <object_component_ref idref="oc-124"/>
      </symbol>
      <symbol id="sm-a99">
         <name>uiIndexOfObject</name>
         <value>0x899c</value>
         <object_component_ref idref="oc-124"/>
      </symbol>
      <symbol id="sm-a9a">
         <name>vTraceStopHookPtr</name>
         <value>0x8004abc</value>
         <object_component_ref idref="oc-22e"/>
      </symbol>
      <symbol id="sm-a9b">
         <name>vTraceSetFilterGroup</name>
         <value>0x9124</value>
         <object_component_ref idref="oc-124"/>
      </symbol>
      <symbol id="sm-a9c">
         <name>vTracePrintF</name>
         <value>0x9674</value>
         <object_component_ref idref="oc-124"/>
      </symbol>
      <symbol id="sm-a9d">
         <name>prvTraceDecreaseISRActive</name>
         <value>0xa4ec</value>
         <object_component_ref idref="oc-124"/>
      </symbol>
      <symbol id="sm-a9e">
         <name>recorder_busy</name>
         <value>0x8004ba4</value>
         <object_component_ref idref="oc-231"/>
      </symbol>
      <symbol id="sm-a9f">
         <name>vTraceClear</name>
         <value>0x9a78</value>
         <object_component_ref idref="oc-124"/>
      </symbol>
      <symbol id="sm-aa0">
         <name>vTraceInstanceFinishedNext</name>
         <value>0x97ac</value>
         <object_component_ref idref="oc-124"/>
      </symbol>
      <symbol id="sm-aa1">
         <name>xTraceGetTraceBuffer</name>
         <value>0x8384</value>
         <object_component_ref idref="oc-124"/>
      </symbol>
      <symbol id="sm-aa2">
         <name>prvTraceFreeObjectHandle</name>
         <value>0xa464</value>
         <object_component_ref idref="oc-124"/>
      </symbol>
      <symbol id="sm-aa3">
         <name>xTraceRegisterString</name>
         <value>0x8330</value>
         <object_component_ref idref="oc-124"/>
      </symbol>
      <symbol id="sm-aa4">
         <name>handle_of_last_logged_task</name>
         <value>0x8004aa1</value>
         <object_component_ref idref="oc-22e"/>
      </symbol>
      <symbol id="sm-aa5">
         <name>trace_disable_timestamp</name>
         <value>0x8004aac</value>
         <object_component_ref idref="oc-22e"/>
      </symbol>
      <symbol id="sm-aa6">
         <name>xTraceGetLastError</name>
         <value>0x8390</value>
         <object_component_ref idref="oc-124"/>
      </symbol>
      <symbol id="sm-aa7">
         <name>uiTraceGetTraceBufferSize</name>
         <value>0x9aec</value>
         <object_component_ref idref="oc-124"/>
      </symbol>
      <symbol id="sm-aa8">
         <name>prvTraceSetTaskInstanceFinished</name>
         <value>0xa388</value>
         <object_component_ref idref="oc-124"/>
      </symbol>
      <symbol id="sm-aa9">
         <name>vTracePrint</name>
         <value>0x96a0</value>
         <object_component_ref idref="oc-124"/>
      </symbol>
      <symbol id="sm-aaa">
         <name>prvTraceStoreKernelCallWithParam</name>
         <value>0x9e08</value>
         <object_component_ref idref="oc-124"/>
      </symbol>
      <symbol id="sm-aab">
         <name>prvTraceStoreTaskReady</name>
         <value>0x9af4</value>
         <object_component_ref idref="oc-124"/>
      </symbol>
      <symbol id="sm-ad2">
         <name>floorl</name>
         <value>0xf8dd</value>
         <object_component_ref idref="oc-1e3"/>
      </symbol>
      <symbol id="sm-ad3">
         <name>floor</name>
         <value>0xf8dd</value>
         <object_component_ref idref="oc-1e3"/>
      </symbol>
      <symbol id="sm-ae2">
         <name>__aeabi_memset</name>
         <value>0xfc6f</value>
         <object_component_ref idref="oc-c0"/>
      </symbol>
      <symbol id="sm-ae3">
         <name>memset</name>
         <value>0xfc75</value>
         <object_component_ref idref="oc-c0"/>
      </symbol>
      <symbol id="sm-ae4">
         <name>__aeabi_memset8</name>
         <value>0xfc6f</value>
         <object_component_ref idref="oc-c0"/>
      </symbol>
      <symbol id="sm-ae5">
         <name>__aeabi_memset4</name>
         <value>0xfc6f</value>
         <object_component_ref idref="oc-c0"/>
      </symbol>
      <symbol id="sm-ae6">
         <name>__aeabi_memclr8</name>
         <value>0xfc6d</value>
         <object_component_ref idref="oc-c0"/>
      </symbol>
      <symbol id="sm-ae7">
         <name>__aeabi_memclr4</name>
         <value>0xfc6d</value>
         <object_component_ref idref="oc-c0"/>
      </symbol>
      <symbol id="sm-ae8">
         <name>__aeabi_memclr</name>
         <value>0xfc6d</value>
         <object_component_ref idref="oc-c0"/>
      </symbol>
      <symbol id="sm-af4">
         <name>__aeabi_uidivmod</name>
         <value>0xfd54</value>
         <object_component_ref idref="oc-223"/>
      </symbol>
      <symbol id="sm-af5">
         <name>__aeabi_uidiv</name>
         <value>0xfd54</value>
         <object_component_ref idref="oc-223"/>
      </symbol>
      <symbol id="sm-b10">
         <name>memcpy</name>
         <value>0xfb49</value>
         <object_component_ref idref="oc-4c"/>
      </symbol>
      <symbol id="sm-b11">
         <name>__aeabi_memcpy</name>
         <value>0xfb49</value>
         <object_component_ref idref="oc-4c"/>
      </symbol>
      <symbol id="sm-b12">
         <name>__aeabi_memcpy8</name>
         <value>0xfb49</value>
         <object_component_ref idref="oc-4c"/>
      </symbol>
      <symbol id="sm-b13">
         <name>__aeabi_memcpy4</name>
         <value>0xfb49</value>
         <object_component_ref idref="oc-4c"/>
      </symbol>
      <symbol id="sm-b3e">
         <name>__TI_auto_init_nobinit_nopinit</name>
         <value>0xfda5</value>
         <object_component_ref idref="oc-e2"/>
      </symbol>
      <symbol id="sm-b51">
         <name>__TI_zero_init</name>
         <value>0xfe7d</value>
         <object_component_ref idref="oc-5e"/>
      </symbol>
      <symbol id="sm-b68">
         <name>__TI_decompress_none</name>
         <value>0xfe6f</value>
         <object_component_ref idref="oc-14"/>
      </symbol>
      <symbol id="sm-b8b">
         <name>__TI_decompress_lzss</name>
         <value>0xfce7</value>
         <object_component_ref idref="oc-e"/>
      </symbol>
      <symbol id="sm-b96">
         <name>C$$EXIT</name>
         <value>0xfe89</value>
         <object_component_ref idref="oc-136"/>
      </symbol>
      <symbol id="sm-b97">
         <name>abort</name>
         <value>0xfe89</value>
         <object_component_ref idref="oc-136"/>
      </symbol>
      <symbol id="sm-ba6">
         <name>strlen</name>
         <value>0xfe59</value>
         <object_component_ref idref="oc-249"/>
      </symbol>
      <symbol id="sm-bb6">
         <name>strncmp</name>
         <value>0xfe15</value>
         <object_component_ref idref="oc-21d"/>
      </symbol>
      <symbol id="sm-bc0">
         <name>__aeabi_idiv0</name>
         <value>0xfd53</value>
         <object_component_ref idref="oc-2e1"/>
      </symbol>
      <symbol id="sm-bc1">
         <name>__aeabi_ldiv0</name>
         <value>0xfd53</value>
         <object_component_ref idref="oc-2e1"/>
      </symbol>
      <symbol id="sm-bc2">
         <name>__TI_static_base__</name>
         <value>0x0</value>
      </symbol>
      <symbol id="sm-bc8">
         <name>SHT$$INIT_ARRAY$$Base</name>
         <value>0x0</value>
      </symbol>
      <symbol id="sm-bc9">
         <name>SHT$$INIT_ARRAY$$Limit</name>
         <value>0x0</value>
      </symbol>
      <symbol id="sm-bca">
         <name>_system_post_cinit</name>
         <value>0x0</value>
      </symbol>
      <symbol id="sm-bcb">
         <name>prvTraceGetQueueNumber</name>
         <value>0x3750</value>
      </symbol>
      <symbol id="sm-bcc">
         <name>prvTraceGetQueueType</name>
         <value>0x3758</value>
      </symbol>
      <symbol id="sm-bcd">
         <name>prvTraceGetCurrentTaskHandle</name>
         <value>0xc608</value>
      </symbol>
   </symbol_table>
   <title>Link successful</title>
</link_info>
