******************************************************************************
                  TI ARM Linker PC v18.1.2                     
******************************************************************************
>> Linked Fri Oct 12 17:00:27 2018

OUTPUT FILE NAME:   <Frito.out>
ENTRY POINT SYMBOL: "_c_int00"  address: 0000f030


MEMORY CONFIGURATION

         name            origin    length      used     unused   attr    fill
----------------------  --------  ---------  --------  --------  ----  --------
  VECTORS               00000000   00000020  00000020  00000000     X
  KERNEL                00000020   00008000  00004530  00003ad0  R  X
  FLASH0                00008020   00177fe0  00007ff0  0016fff0  R  X
  FLASH1                00180000   00180000  00000000  00180000  R  X
  STACKS                08000000   00000800  00000000  00000800  RW  
  KRAM                  08000800   00000800  00000154  000006ac  RW  
  RAM                   08001000   0003f000  00003bad  0003b453  RW  


SEGMENT ALLOCATION MAP

run origin  load origin   length   init length attrs members
----------  ----------- ---------- ----------- ----- -------
00000000    00000000    00004550   00004550    r-x
  00000000    00000000    00000020   00000020    r-x .intvecs
  00000020    00000020    000044b8   000044b8    r-x .kernelTEXT
  000044d8    000044d8    00000078   00000078    r-- .cinit
00008020    00008020    00007ff0   00007ff0    r-x
  00008020    00008020    00007e70   00007e70    r-x .text
  0000fe90    0000fe90    00000180   00000180    r-- .const
08000800    08000800    00000154   00000000    rw-
  08000800    08000800    00000154   00000000    rw- .kernelBSS
08001000    08001000    00003bad   00000000    rw-
  08001000    08001000    00002000   00000000    rw- .kernelHEAP
  08003000    08003000    00001aa0   00000000    rw- .bss
  08004aa0    08004aa0    0000010d   00000000    rw- .data


SECTION ALLOCATION MAP

 output                                  attributes/
section   page    origin      length       input sections
--------  ----  ----------  ----------   ----------------
.intvecs   0    00000000    00000020     
                  00000000    00000020     sys_intvecs.obj (.intvecs)

.kernelTEXT 
*          0    00000020    000044b8     
                  00000020    00002528     os_tasks.obj (.kernelTEXT)
                  00002548    0000121c     os_queue.obj (.kernelTEXT)
                  00003764    000004b0     os_portasm.obj (.kernelTEXT)
                  00003c14    00000404     os_event_groups.obj (.kernelTEXT)
                  00004018    00000260     os_heap.obj (.kernelTEXT)
                  00004278    00000254     os_port.obj (.kernelTEXT)
                  000044cc    0000000c     rtsv7R4_T_be_v3D16_eabi.lib : memcpy_t2.asm.obj (.tramp.memcpy.1)

.cinit     0    000044d8    00000078     
                  000044d8    0000002f     (.cinit..data.load) [load image, compression = lzss]
                  00004507    00000001     --HOLE-- [fill = 0]
                  00004508    0000000c     (__TI_handler_table)
                  00004514    00000009     (.cinit..kernelBSS.load) [load image, compression = lzss]
                  0000451d    00000003     --HOLE-- [fill = 0]
                  00004520    00000008     (.cinit..bss.load) [load image, compression = zero_init]
                  00004528    00000008     (.cinit..kernelHEAP.load) [load image, compression = zero_init]
                  00004530    00000020     (__TI_cinit_table)

.text      0    00008020    00007e70     
                  00008020    00002868     trcSnapshotRecorder.obj (.text)
                  0000a888    00001c70     sys_selftest.obj (.text)
                  0000c4f8    00000820     os_mpu_wrappers.obj (.text)
                  0000cd18    000006e0     trcKernelPort.obj (.text)
                  0000d3f8    0000069c     system.obj (.text)
                  0000da94    00000518     sys_vim.obj (.text)
                  0000dfac    000003b0     sci.obj (.text)
                  0000e35c    00000364     pinmux.obj (.text)
                  0000e6c0    0000034c     sys_core.obj (.text)
                  0000ea0c    0000032c     sys_main.obj (.text)
                  0000ed38    000002f8     esm.obj (.text)
                  0000f030    00000220     sys_startup.obj (.text:retain)
                  0000f250    000001d8     gio.obj (.text)
                  0000f428    00000194     os_tasks.obj (.text)
                  0000f5bc    0000012c     sys_vim.obj (.text:retain)
                  0000f6e8    0000010c     os_list.obj (.text)
                  0000f7f4    000000e8     dabort.obj (.text)
                  0000f8dc    000000e0     rtsv7R4_T_be_v3D16_eabi.lib : s_floor.c.obj (.text:floor)
                  0000f9bc    000000e0     sys_pmu.obj (.text)
                  0000fa9c    000000ac     esm.obj (.text:retain)
                  0000fb48    0000009c     rtsv7R4_T_be_v3D16_eabi.lib : memcpy_t2.asm.obj (.text)
                  0000fbe4    00000088     os_heap.obj (.text)
                  0000fc6c    0000007a     rtsv7R4_T_be_v3D16_eabi.lib : memset_t2.asm.obj (.text)
                  0000fce6    0000006c                                 : copy_decompress_lzss.c.obj (.text:decompress:lzss:__TI_decompress_lzss)
                  0000fd52    00000002                                 : div0.asm.obj (.text)
                  0000fd54    00000050                                 : u_div32.asm.obj (.text)
                  0000fda4    00000044                                 : autoinit.c.obj (.text:__TI_auto_init_nobinit_nopinit:__TI_auto_init_nobinit_nopinit)
                  0000fde8    0000002c     os_port.obj (.text)
                  0000fe14    0000002a     rtsv7R4_T_be_v3D16_eabi.lib : strncmp.c.obj (.text:strncmp)
                  0000fe3e    00000002     --HOLE-- [fill = 0]
                  0000fe40    00000018     notification.obj (.text)
                  0000fe58    00000016     rtsv7R4_T_be_v3D16_eabi.lib : strlen.c.obj (.text:strlen)
                  0000fe6e    0000000e                                 : copy_decompress_none.c.obj (.text:decompress:none:__TI_decompress_none)
                  0000fe7c    0000000c                                 : copy_zero_init.c.obj (.text:decompress:ZI:__TI_zero_init)
                  0000fe88    00000004                                 : exit.c.obj (.text:abort:abort)
                  0000fe8c    00000004     sys_phantom.obj (.text:retain)

.const     0    0000fe90    00000180     
                  0000fe90    00000180     sys_vim.obj (.const:s_vim_init)

.kernelBSS 
*          0    08000800    00000154     UNINITIALIZED
                  08000800    0000014c     os_tasks.obj (.kernelBSS:init)
                  0800094c    00000008     os_tasks.obj (.kernelBSS:uninit)

.kernelHEAP 
*          0    08001000    00002000     UNINITIALIZED
                  08001000    00002000     os_heap.obj (.kernelHEAP)

.bss       0    08003000    00001aa0     UNINITIALIZED
                  08003000    00001a78     (.common:RecorderData)
                  08004a78    00000028     sci.obj (.bss:g_sciTransfer_t)

.data      0    08004aa0    0000010d     UNINITIALIZED
                  08004aa0    000000c8     trcSnapshotRecorder.obj (.data:$O1$$)
                  08004b68    00000018     os_heap.obj (.data:$O1$$)
                  08004b80    00000018     sys_main.obj (.data:$O1$$)
                  08004b98    00000008     os_port.obj (.data)
                  08004ba0    00000008     trcSnapshotRecorder.obj (.data)
                  08004ba8    00000005     trcKernelPort.obj (.data:TraceQueueClassTable)

MODULE SUMMARY

       Module                       code    ro data   rw data
       ------                       ----    -------   -------
    .\source\
       trcSnapshotRecorder.obj      10344   0         6984   
       os_tasks.obj                 9916    0         340    
       os_heap.obj                  744     0         8216   
       sys_selftest.obj             7280    0         0      
       os_queue.obj                 4636    0         0      
       os_mpu_wrappers.obj          2080    0         0      
       sys_vim.obj                  1604    384       0      
       trcKernelPort.obj            1760    0         5      
       system.obj                   1692    0         0      
       os_portasm.obj               1200    0         0      
       os_event_groups.obj          1028    0         0      
       sci.obj                      944     0         40     
       esm.obj                      932     0         0      
       pinmux.obj                   868     0         0      
       sys_core.obj                 844     0         0      
       sys_main.obj                 812     0         24     
       os_port.obj                  640     0         8      
       sys_startup.obj              544     0         0      
       gio.obj                      472     0         0      
       os_list.obj                  268     0         0      
       dabort.obj                   232     0         0      
       sys_pmu.obj                  224     0         0      
       sys_intvecs.obj              32      0         0      
       notification.obj             24      0         0      
       sys_phantom.obj              4       0         0      
    +--+----------------------------+-------+---------+---------+
       Total:                       49124   384       15617  
                                                             
    C:/ti/ccsv8/tools/compiler/ti-cgt-arm_18.1.2.LTS/lib/rtsv7R4_T_be_v3D16_eabi.lib
       s_floor.c.obj                224     0         0      
       memcpy_t2.asm.obj            168     0         0      
       memset_t2.asm.obj            122     0         0      
       copy_decompress_lzss.c.obj   108     0         0      
       u_div32.asm.obj              80      0         0      
       autoinit.c.obj               68      0         0      
       strncmp.c.obj                42      0         0      
       strlen.c.obj                 22      0         0      
       copy_decompress_none.c.obj   14      0         0      
       copy_zero_init.c.obj         12      0         0      
       exit.c.obj                   4       0         0      
       div0.asm.obj                 2       0         0      
    +--+----------------------------+-------+---------+---------+
       Total:                       866     0         0      
                                                             
       Linker Generated:            0       116       0      
    +--+----------------------------+-------+---------+---------+
       Grand Total:                 49990   500       15617  


LINKER GENERATED COPY TABLES

__TI_cinit_table @ 00004530 records: 4, size/record: 8, table size: 32
	.data: load addr=000044d8, load size=0000002f bytes, run addr=08004aa0, run size=0000010d bytes, compression=lzss
	.kernelBSS: load addr=00004514, load size=00000009 bytes, run addr=08000800, run size=00000154 bytes, compression=lzss
	.bss: load addr=00004520, load size=00000008 bytes, run addr=08003000, run size=00001aa0 bytes, compression=zero_init
	.kernelHEAP: load addr=00004528, load size=00000008 bytes, run addr=08001000, run size=00002000 bytes, compression=zero_init


LINKER GENERATED HANDLER TABLE

__TI_handler_table @ 00004508 records: 3, size/record: 4, table size: 12
	index: 0, handler: __TI_decompress_lzss
	index: 1, handler: __TI_decompress_none
	index: 2, handler: __TI_zero_init

VENEERS

callee name               veneer name
   callee addr  veneer addr  call addr  call info
--------------  -----------  ---------  ----------------
memcpy                    $Ven$AT$L$PI$$memcpy
   0000fb49     000044cc     0000257c   os_queue.obj (.kernelTEXT)

[1 trampolines]
[1 trampoline calls]


GLOBAL SYMBOLS: SORTED ALPHABETICALLY BY Name 

address   name                                       
-------   ----                                       
0000fe89  C$$EXIT                                    
08004aa4  CurrentFilterGroup                         
08004aa2  CurrentFilterMask                          
0000ccf0  MPU_eTaskGetState                          
0000ccc8  MPU_pcTaskGetName                          
0000cc98  MPU_pvTaskGetThreadLocalStoragePointer     
0000cc68  MPU_ulTaskNotifyTake                       
0000cc40  MPU_uxQueueMessagesWaiting                 
0000cc18  MPU_uxQueueSpacesAvailable                 
0000cbf8  MPU_uxTaskGetNumberOfTasks                 
0000cbd0  MPU_uxTaskGetStackHighWaterMark            
0000cb98  MPU_uxTaskGetSystemState                   
0000cb70  MPU_uxTaskPriorityGet                      
0000cb48  MPU_vEventGroupDelete                      
0000cb20  MPU_vQueueDelete                           
0000caf0  MPU_vTaskAllocateMPURegions                
0000cac8  MPU_vTaskDelay                             
0000ca98  MPU_vTaskDelayUntil                        
0000ca70  MPU_vTaskDelete                            
0000ca30  MPU_vTaskGetInfo                           
0000ca00  MPU_vTaskPrioritySet                       
0000c9d8  MPU_vTaskResume                            
0000c9a0  MPU_vTaskSetThreadLocalStoragePointer      
0000c978  MPU_vTaskSetTimeOutState                   
0000c950  MPU_vTaskSuspend                           
0000c930  MPU_vTaskSuspendAll                        
0000c900  MPU_xEventGroupClearBits                   
0000c8e0  MPU_xEventGroupCreate                      
0000c8b0  MPU_xEventGroupSetBits                     
0000c870  MPU_xEventGroupSync                        
0000c828  MPU_xEventGroupWaitBits                    
0000c7f0  MPU_xQueueGenericCreate                    
0000c7b0  MPU_xQueueGenericReceive                   
0000c780  MPU_xQueueGenericReset                     
0000c740  MPU_xQueueGenericSend                      
0000c718  MPU_xTaskAbortDelay                        
0000c6e8  MPU_xTaskCheckForTimeOut                   
0000c698  MPU_xTaskCreate                            
0000c668  MPU_xTaskCreateRestricted                  
0000c628  MPU_xTaskGenericNotify                     
0000c608  MPU_xTaskGetCurrentTaskHandle              
0000c5e0  MPU_xTaskGetHandle                         
0000c5c0  MPU_xTaskGetIdleTaskHandle                 
0000c5a0  MPU_xTaskGetSchedulerState                 
0000c580  MPU_xTaskGetTickCount                      
0000c558  MPU_xTaskNotifyStateClear                  
0000c518  MPU_xTaskNotifyWait                        
0000c4f8  MPU_xTaskResumeAll                         
08003000  RecorderData                               
08004ac8  RecorderDataPtr                            
UNDEFED   SHT$$INIT_ARRAY$$Base                      
UNDEFED   SHT$$INIT_ARRAY$$Limit                     
08004b88  TEXT1                                      
08004b8f  TEXT2                                      
08004ba8  TraceQueueClassTable                       
00004530  __TI_CINIT_Base                            
00004550  __TI_CINIT_Limit                           
00004508  __TI_Handler_Table_Base                    
00004514  __TI_Handler_Table_Limit                   
0000ea04  __TI_PINIT_Base                            
0000ea08  __TI_PINIT_Limit                           
0000fda5  __TI_auto_init_nobinit_nopinit             
0000fce7  __TI_decompress_lzss                       
0000fe6f  __TI_decompress_none                       
ffffffff  __TI_pprof_out_hndl                        
ffffffff  __TI_prof_data_size                        
ffffffff  __TI_prof_data_start                       
00000000  __TI_static_base__                         
0000fe7d  __TI_zero_init                             
0000fd53  __aeabi_idiv0                              
0000fd53  __aeabi_ldiv0                              
0000fc6d  __aeabi_memclr                             
0000fc6d  __aeabi_memclr4                            
0000fc6d  __aeabi_memclr8                            
0000fb49  __aeabi_memcpy                             
0000fb49  __aeabi_memcpy4                            
0000fb49  __aeabi_memcpy8                            
0000fc6f  __aeabi_memset                             
0000fc6f  __aeabi_memset4                            
0000fc6f  __aeabi_memset8                            
0000fd54  __aeabi_uidiv                              
0000fd54  __aeabi_uidivmod                           
ffffffff  __binit__                                  
ffffffff  __c_args__                                 
0000f030  _c_int00                                   
0000e91c  _coreClearAuxiliaryDataFault_              
0000e930  _coreClearAuxiliaryInstructionFault_       
0000e8f4  _coreClearDataFaultAddress_                
0000e8cc  _coreClearDataFault_                       
0000e908  _coreClearInstructionFaultAddress_         
0000e8e0  _coreClearInstructionFault_                
0000e860  _coreDisableEventBusExport_                
0000e8a4  _coreDisableFlashEcc_                      
0000e880  _coreDisableRamEcc_                        
0000e850  _coreEnableEventBusExport_                 
0000e890  _coreEnableFlashEcc_                       
0000e8b4  _coreEnableIrqVicOffset_                   
0000e870  _coreEnableRamEcc_                         
0000e838  _coreEnableVfp_                            
0000e914  _coreGetAuxiliaryDataFault_                
0000e928  _coreGetAuxiliaryInstructionFault_         
0000e8ec  _coreGetDataFaultAddress_                  
0000e8c4  _coreGetDataFault_                         
0000e900  _coreGetInstructionFaultAddress_           
0000e8d8  _coreGetInstructionFault_                  
0000e6c0  _coreInitRegisters_                        
0000e7cc  _coreInitStackPointer_                     
0000f7f4  _dabort                                    
0000e944  _disable_FIQ_interrupt_                    
0000e94c  _disable_IRQ_interrupt_                    
0000e93c  _disable_interrupt_                        
0000e954  _enable_interrupt_                         
0000e9e4  _errata_CORTEXR4_57_                       
0000e9f4  _errata_CORTEXR4_66_                       
0000e95c  _esmCcmErrorsClear_                        
0000e818  _getCPSRValue_                             
0000e820  _gotoCPUIdle_                              
0000fa18  _pmuDisableCountersGlobal_                 
0000fa08  _pmuEnableCountersGlobal_                  
0000fa74  _pmuGetCycleCount_                         
0000fa7c  _pmuGetEventCount_                         
0000fa88  _pmuGetOverflow_                           
0000f9bc  _pmuInit_                                  
0000fa48  _pmuResetCounters_                         
0000fa28  _pmuResetCycleCounter_                     
0000fa38  _pmuResetEventCounters_                    
0000fa68  _pmuSetCountEvent_                         
0000fa58  _pmuStartCounters_                         
0000fa60  _pmuStopCounters_                          
UNDEFED   _system_post_cinit                         
0000fe89  abort                                      
0000c3f4  adc1ParityCheck                            
0000c378  adc2ParityCheck                            
ffffffff  binit                                      
0000c2dc  can1ParityCheck                            
0000c248  can2ParityCheck                            
0000c1b8  can3ParityCheck                            
0000c0e4  ccmSelfCheck                               
0000c0b4  ccmr4GetConfigValue                        
0000bf74  checkB0RAMECC                              
0000be14  checkB1RAMECC                              
0000bd88  checkClockMonitor                          
0000bce0  checkFlashECC                              
0000bbdc  checkFlashEEPROMECC                        
0000bb28  checkPLL1Slip                              
0000baac  checkPLL2Slip                              
0000ba0c  checkRAMAddrParity                         
0000b87c  checkRAMECC                                
0000b794  checkRAMUERRTest                           
0000b74c  checkefcSelfTest                           
0000b6e8  cpuSelfTest                                
0000b6e4  cpuSelfTestFail                            
0000b6e0  custom_dabort                              
0000b68c  disableParity                              
0000fe54  dmaGroupANotification                      
0000b610  dmaParityCheck                             
000024c8  eTaskConfirmSleepModeStatus                
00001298  eTaskGetState                              
0000b5bc  efcCheck                                   
0000b56c  efcGetConfigValue                          
0000b54c  efcSelfTest                                
0000b4f0  efcStuckZeroTest                           
0000b49c  enableParity                               
0000b250  errata_PBIST_4                             
0000efd0  esmActivateNormalOperation                 
0000efb4  esmClearStatus                             
0000efa8  esmClearStatusBuffer                       
0000ef94  esmDisableError                            
0000ef80  esmDisableInterrupt                        
0000ef6c  esmEnableError                             
0000ef58  esmEnableInterrupt                         
0000ef14  esmEnterSelfTest                           
0000ef08  esmError                                   
0000ee90  esmGetConfigValue                          
0000ee58  esmGetStatus                               
0000ee40  esmGetStatusBuffer                         
0000fe50  esmGroup1Notification                      
0000fe4c  esmGroup2Notification                      
0000fa9c  esmHighInterrupt                           
0000edc8  esmInit                                    
0000ed9c  esmSelfTestStatus                          
0000ed8c  esmSetCounterPreloadValue                  
0000ed48  esmSetInterruptLevel                       
0000ed38  esmTriggerErrorPinReset                    
0000f8dd  floor                                      
0000f8dd  floorl                                     
0000b190  fmcBus1ParityCheck                         
0000b16c  fmcBus2Check                               
0000b0f4  fmcECCcheck                                
0000f3e4  gioDisableNotification                     
0000f3b4  gioEnableNotification                      
0000f3a4  gioGetBit                                  
0000f300  gioGetConfigValue                          
0000f2f8  gioGetPort                                 
0000f2a0  gioInit                                    
0000fe48  gioNotification                            
0000f280  gioSetBit                                  
0000f278  gioSetDirection                            
0000f270  gioSetPort                                 
0000f250  gioToggleBit                               
08004aa1  handle_of_last_logged_task                 
0000b078  het1ParityCheck                            
0000afe8  het2ParityCheck                            
0000af68  htu1ParityCheck                            
0000aee8  htu2ParityCheck                            
08004ac4  init_hwtc_count                            
0000ec5c  main                                       
0000d5cc  mapClocks                                  
0000fb49  memcpy                                     
0000aec0  memoryInit                                 
0000fe44  memoryPort0TestFailNotification            
0000fe40  memoryPort1TestFailNotification            
0000fc75  memset                                     
0000ae10  mibspi1ParityCheck                         
0000ad60  mibspi3ParityCheck                         
0000acb0  mibspi5ParityCheck                         
0000e464  muxInit                                    
08004aa0  nISRactive                                 
08004ad8  objectHandleStacks                         
0000ac78  pbistFail                                  
0000abec  pbistGetConfigValue                        
0000abd8  pbistIsTestCompleted                       
0000abc0  pbistIsTestPassed                          
0000ab9c  pbistPortTestStatus                        
0000ab10  pbistRun                                   
0000a9e0  pbistSelfCheck                             
0000a9b8  pbistStop                                  
000024a4  pcTaskGetName                              
0000d560  periphInit                                 
0000fe8c  phantomInterrupt                           
0000e35c  pinmuxGetConfigValue                       
0000a5ac  prvMarkObjectAsUsed                        
00003bec  prvMpuDisable                              
00003bd4  prvMpuEnable                               
00003bbc  prvMpuSetRegion                            
0000a4ec  prvTraceDecreaseISRActive                  
0000807c  prvTraceError                              
0000a464  prvTraceFreeObjectHandle                   
0000c608  prvTraceGetCurrentTaskHandle               
000088b0  prvTraceGetObjectHandle                    
0000a404  prvTraceGetPriorityProperty                
00003750  prvTraceGetQueueNumber                     
0000d0e0  prvTraceGetQueueNumberHigh16               
0000cd18  prvTraceGetQueueNumberLow16                
00003758  prvTraceGetQueueType                       
0000d0d0  prvTraceGetTaskNumberHigh16                
0000d0c0  prvTraceGetTaskNumberLow16                 
0000a3d8  prvTraceIncreaseISRActive                  
0000839c  prvTracePortGetTimeStamp                   
00008a1c  prvTraceSetObjectName                      
00008b18  prvTraceSetObjectState                     
00008ab8  prvTraceSetPriorityProperty                
0000d09c  prvTraceSetQueueNumberHigh16               
0000d074  prvTraceSetQueueNumberLow16                
0000a3cc  prvTraceSetReadyEventsEnabled              
0000a388  prvTraceSetTaskInstanceFinished            
0000d050  prvTraceSetTaskNumberHigh16                
0000d028  prvTraceSetTaskNumberLow16                 
0000a2c0  prvTraceStoreKernelCall                    
0000a0b4  prvTraceStoreKernelCallWithNumericParamOnly
00009e08  prvTraceStoreKernelCallWithParam           
00009cf8  prvTraceStoreLowPower                      
00009c68  prvTraceStoreObjectNameOnCloseEvent        
00009b94  prvTraceStoreObjectPropertiesOnCloseEvent  
00009af4  prvTraceStoreTaskReady                     
00008b78  prvTraceStoreTaskswitch                    
0000cfa4  pszTraceGetErrorNotEnoughHandles           
000040b8  pvPortMalloc                               
00002420  pvTaskGetThreadLocalStoragePointer         
08000800  pxCurrentTCB                               
00004454  pxPortInitialiseStack                      
08004ba4  recorder_busy                              
00000000  resetEntry                                 
0000e334  sciDisableLoopback                         
0000e2f4  sciDisableNotification                     
0000ea10  sciDisplayText                             
0000e2dc  sciEnableLoopback                          
0000e2a8  sciEnableNotification                      
0000e298  sciEnterResetState                         
0000e288  sciExitResetState                          
0000e20c  sciInit                                    
0000e200  sciIsIdleDetected                          
0000e1f4  sciIsRxReady                               
0000e1e8  sciIsTxReady                               
0000e188  sciReceive                                 
0000e170  sciReceiveByte                             
0000e158  sciRxError                                 
0000e0cc  sciSend                                    
0000e0b8  sciSendByte                                
0000e060  sciSetBaudrate                             
0000e058  sciSetFunctional                           
0000dfac  scilinGetConfigValue                       
0000a888  selftestFailNotification                   
0000d59c  setupFlash                                 
0000d518  setupPLL                                   
0000d9c0  sramGetConfigValue                         
0000a96c  stcGetConfigValue                          
0000a90c  stcSelfCheck                               
0000a908  stcSelfCheckFail                           
0000fe59  strlen                                     
0000fe15  strncmp                                    
0000d710  systemGetConfigValue                       
0000d688  systemInit                                 
0000d4fc  systemPowerDown                            
0000d424  tcmflashGetConfigValue                     
08004ab4  timestampFrequency                         
08004ab8  traceErrorMessage                          
08004aac  trace_disable_timestamp                    
0000d3f8  trimLPO                                    
00003758  ucQueueGetQueueType                        
0000899c  uiIndexOfObject                            
00009aec  uiTraceGetTraceBufferSize                  
00008fc0  uiTraceStart                               
08004ba0  uiTraceTickCount                           
08004b98  ulCriticalNesting                          
00003ae4  ulPortCountLeadingZeros                    
08004b9c  ulTaskHasFPUContext                        
00002284  ulTaskNotifyTake                           
00004008  uxEventGroupGetNumber                      
0000f7b0  uxListRemove                               
00003750  uxQueueGetQueueNumber                      
00003728  uxQueueMessagesWaiting                     
00003710  uxQueueMessagesWaitingFromISR              
000036e4  uxQueueSpacesAvailable                     
00002278  uxTaskGetNumberOfTasks                     
00002264  uxTaskGetStackHighWaterMark                
0000217c  uxTaskGetSystemState                       
000020dc  uxTaskGetTaskNumber                        
000020b4  uxTaskPriorityGet                          
000020a0  uxTaskPriorityGetFromISR                   
0000207c  uxTaskResetEventItemValue                  
00004004  vEventGroupClearBitsCallback               
00003fb4  vEventGroupDelete                          
00003fb0  vEventGroupSetBitsCallback                 
0000f78c  vListInitialise                            
0000f780  vListInitialiseItem                        
0000f718  vListInsert                                
0000f6e8  vListInsertEnd                             
00004438  vPortEndScheduler                          
00004034  vPortFree                                  
00004030  vPortInitialiseBlocks                      
00003ad8  vPortInitialiseFPSCR                       
000039d8  vPortPreemptiveTick                        
00003aec  vPortSWI                                   
00003768  vPortStartFirstTask                        
00004354  vPortStoreTaskMPUSettings                  
000038e4  vPortYeildWithinAPI                        
000037f8  vPortYieldProcessor                        
000035d4  vQueueDelete                               
000035cc  vQueueSetQueueNumber                       
0000eb98  vTask1                                     
0000eaec  vTask2                                     
0000ea44  vTask3                                     
00002060  vTaskAllocateMPURegions                    
00001fa8  vTaskDelay                                 
00001e88  vTaskDelayUntil                            
00001cb4  vTaskDelete                                
00001c58  vTaskEndScheduler                          
00001bb0  vTaskGetInfo                               
00001b78  vTaskMissedYield                           
00001a50  vTaskNotifyGiveFromISR                     
00001a10  vTaskPlaceOnEventList                      
000019b4  vTaskPlaceOnUnorderedEventList             
00001814  vTaskPrioritySet                           
00001704  vTaskResume                                
000016f8  vTaskSetTaskNumber                         
000016d8  vTaskSetThreadLocalStoragePointer          
000011a0  vTaskSetTimeOutState                       
00001668  vTaskStartScheduler                        
00001630  vTaskStepTick                              
000014d0  vTaskSuspend                               
000008ec  vTaskSuspendAll                            
00001410  vTaskSwitchContext                         
00009a78  vTraceClear                                
00009a24  vTraceClearError                           
00009824  vTraceEnable                               
0000cee8  vTraceInitObjectHandleStack                
0000cd88  vTraceInitObjectPropertyTable              
000097ac  vTraceInstanceFinishedNext                 
000097a4  vTraceInstanceFinishedNow                  
000096a0  vTracePrint                                
00009674  vTracePrintF                               
00009124  vTraceSetFilterGroup                       
00009118  vTraceSetFilterMask                        
0000910c  vTraceSetFrequency                         
0000cd68  vTraceSetMutexName                         
0000cd48  vTraceSetQueueName                         
0000cd28  vTraceSetSemaphoreName                     
00009100  vTraceSetStopHook                          
000090fc  vTraceStart                                
00008020  vTraceStop                                 
08004abc  vTraceStopHookPtr                          
000087bc  vTraceStoreMemMangEvent                    
0000ded4  vimChannelMap                              
0000de90  vimDisableInterrupt                        
0000ddd8  vimEnableInterrupt                         
0000daf8  vimGetConfigValue                          
0000da94  vimInit                                    
0000a88c  vimParityCheck                             
0000f5bc  vimParityErrorHandler                      
0000ea0c  wait                                       
00003f6c  xEventGroupClearBits                       
00003f40  xEventGroupCreate                          
00003f38  xEventGroupGetBitsFromISR                  
00003d80  xEventGroupSetBits                         
00003e30  xEventGroupSync                            
00003c44  xEventGroupWaitBits                        
00004024  xPortGetFreeHeapSize                       
00004018  xPortGetMinimumEverFreeHeapSize            
00004278  xPortStartScheduler                        
00003494  xQueueGenericCreate                        
0000304c  xQueueGenericReceive                       
00002f90  xQueueGenericReset                         
00002c04  xQueueGenericSend                          
000029d4  xQueueGenericSendFromISR                   
000027b8  xQueueGiveFromISR                          
00002790  xQueueIsQueueEmptyFromISR                  
00002764  xQueueIsQueueFullFromISR                   
000026f8  xQueuePeekFromISR                          
00002584  xQueueReceiveFromISR                       
08004b80  xSemaphore                                 
0000133c  xTaskAbortDelay                            
000011d4  xTaskCheckForTimeOut                       
000010f4  xTaskCreate                                
00001050  xTaskCreateRestricted                      
00000bc0  xTaskGenericNotify                         
00000a40  xTaskGenericNotifyFromISR                  
00000a34  xTaskGetCurrentTaskHandle                  
00000998  xTaskGetHandle                             
000008d0  xTaskGetIdleTaskHandle                     
000008a0  xTaskGetSchedulerState                     
00000894  xTaskGetTickCount                          
00000888  xTaskGetTickCountFromISR                   
00000158  xTaskIncrementTick                         
0000f458  xTaskNotifyStateClear                      
00000708  xTaskNotifyWait                            
00000568  xTaskRemoveFromEventList                   
000004a0  xTaskRemoveFromUnorderedEventList          
0000033c  xTaskResumeAll                             
00000068  xTaskResumeFromISR                         
00008390  xTraceGetLastError                         
00008384  xTraceGetTraceBuffer                       
0000836c  xTraceIsRecordingEnabled                   
00008330  xTraceRegisterString                       


GLOBAL SYMBOLS: SORTED BY Symbol Address 

address   name                                       
-------   ----                                       
00000000  __TI_static_base__                         
00000000  resetEntry                                 
00000068  xTaskResumeFromISR                         
00000158  xTaskIncrementTick                         
0000033c  xTaskResumeAll                             
000004a0  xTaskRemoveFromUnorderedEventList          
00000568  xTaskRemoveFromEventList                   
00000708  xTaskNotifyWait                            
00000888  xTaskGetTickCountFromISR                   
00000894  xTaskGetTickCount                          
000008a0  xTaskGetSchedulerState                     
000008d0  xTaskGetIdleTaskHandle                     
000008ec  vTaskSuspendAll                            
00000998  xTaskGetHandle                             
00000a34  xTaskGetCurrentTaskHandle                  
00000a40  xTaskGenericNotifyFromISR                  
00000bc0  xTaskGenericNotify                         
00001050  xTaskCreateRestricted                      
000010f4  xTaskCreate                                
000011a0  vTaskSetTimeOutState                       
000011d4  xTaskCheckForTimeOut                       
00001298  eTaskGetState                              
0000133c  xTaskAbortDelay                            
00001410  vTaskSwitchContext                         
000014d0  vTaskSuspend                               
00001630  vTaskStepTick                              
00001668  vTaskStartScheduler                        
000016d8  vTaskSetThreadLocalStoragePointer          
000016f8  vTaskSetTaskNumber                         
00001704  vTaskResume                                
00001814  vTaskPrioritySet                           
000019b4  vTaskPlaceOnUnorderedEventList             
00001a10  vTaskPlaceOnEventList                      
00001a50  vTaskNotifyGiveFromISR                     
00001b78  vTaskMissedYield                           
00001bb0  vTaskGetInfo                               
00001c58  vTaskEndScheduler                          
00001cb4  vTaskDelete                                
00001e88  vTaskDelayUntil                            
00001fa8  vTaskDelay                                 
00002060  vTaskAllocateMPURegions                    
0000207c  uxTaskResetEventItemValue                  
000020a0  uxTaskPriorityGetFromISR                   
000020b4  uxTaskPriorityGet                          
000020dc  uxTaskGetTaskNumber                        
0000217c  uxTaskGetSystemState                       
00002264  uxTaskGetStackHighWaterMark                
00002278  uxTaskGetNumberOfTasks                     
00002284  ulTaskNotifyTake                           
00002420  pvTaskGetThreadLocalStoragePointer         
000024a4  pcTaskGetName                              
000024c8  eTaskConfirmSleepModeStatus                
00002584  xQueueReceiveFromISR                       
000026f8  xQueuePeekFromISR                          
00002764  xQueueIsQueueFullFromISR                   
00002790  xQueueIsQueueEmptyFromISR                  
000027b8  xQueueGiveFromISR                          
000029d4  xQueueGenericSendFromISR                   
00002c04  xQueueGenericSend                          
00002f90  xQueueGenericReset                         
0000304c  xQueueGenericReceive                       
00003494  xQueueGenericCreate                        
000035cc  vQueueSetQueueNumber                       
000035d4  vQueueDelete                               
000036e4  uxQueueSpacesAvailable                     
00003710  uxQueueMessagesWaitingFromISR              
00003728  uxQueueMessagesWaiting                     
00003750  prvTraceGetQueueNumber                     
00003750  uxQueueGetQueueNumber                      
00003758  prvTraceGetQueueType                       
00003758  ucQueueGetQueueType                        
00003768  vPortStartFirstTask                        
000037f8  vPortYieldProcessor                        
000038e4  vPortYeildWithinAPI                        
000039d8  vPortPreemptiveTick                        
00003ad8  vPortInitialiseFPSCR                       
00003ae4  ulPortCountLeadingZeros                    
00003aec  vPortSWI                                   
00003bbc  prvMpuSetRegion                            
00003bd4  prvMpuEnable                               
00003bec  prvMpuDisable                              
00003c44  xEventGroupWaitBits                        
00003d80  xEventGroupSetBits                         
00003e30  xEventGroupSync                            
00003f38  xEventGroupGetBitsFromISR                  
00003f40  xEventGroupCreate                          
00003f6c  xEventGroupClearBits                       
00003fb0  vEventGroupSetBitsCallback                 
00003fb4  vEventGroupDelete                          
00004004  vEventGroupClearBitsCallback               
00004008  uxEventGroupGetNumber                      
00004018  xPortGetMinimumEverFreeHeapSize            
00004024  xPortGetFreeHeapSize                       
00004030  vPortInitialiseBlocks                      
00004034  vPortFree                                  
000040b8  pvPortMalloc                               
00004278  xPortStartScheduler                        
00004354  vPortStoreTaskMPUSettings                  
00004438  vPortEndScheduler                          
00004454  pxPortInitialiseStack                      
00004508  __TI_Handler_Table_Base                    
00004514  __TI_Handler_Table_Limit                   
00004530  __TI_CINIT_Base                            
00004550  __TI_CINIT_Limit                           
00008020  vTraceStop                                 
0000807c  prvTraceError                              
00008330  xTraceRegisterString                       
0000836c  xTraceIsRecordingEnabled                   
00008384  xTraceGetTraceBuffer                       
00008390  xTraceGetLastError                         
0000839c  prvTracePortGetTimeStamp                   
000087bc  vTraceStoreMemMangEvent                    
000088b0  prvTraceGetObjectHandle                    
0000899c  uiIndexOfObject                            
00008a1c  prvTraceSetObjectName                      
00008ab8  prvTraceSetPriorityProperty                
00008b18  prvTraceSetObjectState                     
00008b78  prvTraceStoreTaskswitch                    
00008fc0  uiTraceStart                               
000090fc  vTraceStart                                
00009100  vTraceSetStopHook                          
0000910c  vTraceSetFrequency                         
00009118  vTraceSetFilterMask                        
00009124  vTraceSetFilterGroup                       
00009674  vTracePrintF                               
000096a0  vTracePrint                                
000097a4  vTraceInstanceFinishedNow                  
000097ac  vTraceInstanceFinishedNext                 
00009824  vTraceEnable                               
00009a24  vTraceClearError                           
00009a78  vTraceClear                                
00009aec  uiTraceGetTraceBufferSize                  
00009af4  prvTraceStoreTaskReady                     
00009b94  prvTraceStoreObjectPropertiesOnCloseEvent  
00009c68  prvTraceStoreObjectNameOnCloseEvent        
00009cf8  prvTraceStoreLowPower                      
00009e08  prvTraceStoreKernelCallWithParam           
0000a0b4  prvTraceStoreKernelCallWithNumericParamOnly
0000a2c0  prvTraceStoreKernelCall                    
0000a388  prvTraceSetTaskInstanceFinished            
0000a3cc  prvTraceSetReadyEventsEnabled              
0000a3d8  prvTraceIncreaseISRActive                  
0000a404  prvTraceGetPriorityProperty                
0000a464  prvTraceFreeObjectHandle                   
0000a4ec  prvTraceDecreaseISRActive                  
0000a5ac  prvMarkObjectAsUsed                        
0000a888  selftestFailNotification                   
0000a88c  vimParityCheck                             
0000a908  stcSelfCheckFail                           
0000a90c  stcSelfCheck                               
0000a96c  stcGetConfigValue                          
0000a9b8  pbistStop                                  
0000a9e0  pbistSelfCheck                             
0000ab10  pbistRun                                   
0000ab9c  pbistPortTestStatus                        
0000abc0  pbistIsTestPassed                          
0000abd8  pbistIsTestCompleted                       
0000abec  pbistGetConfigValue                        
0000ac78  pbistFail                                  
0000acb0  mibspi5ParityCheck                         
0000ad60  mibspi3ParityCheck                         
0000ae10  mibspi1ParityCheck                         
0000aec0  memoryInit                                 
0000aee8  htu2ParityCheck                            
0000af68  htu1ParityCheck                            
0000afe8  het2ParityCheck                            
0000b078  het1ParityCheck                            
0000b0f4  fmcECCcheck                                
0000b16c  fmcBus2Check                               
0000b190  fmcBus1ParityCheck                         
0000b250  errata_PBIST_4                             
0000b49c  enableParity                               
0000b4f0  efcStuckZeroTest                           
0000b54c  efcSelfTest                                
0000b56c  efcGetConfigValue                          
0000b5bc  efcCheck                                   
0000b610  dmaParityCheck                             
0000b68c  disableParity                              
0000b6e0  custom_dabort                              
0000b6e4  cpuSelfTestFail                            
0000b6e8  cpuSelfTest                                
0000b74c  checkefcSelfTest                           
0000b794  checkRAMUERRTest                           
0000b87c  checkRAMECC                                
0000ba0c  checkRAMAddrParity                         
0000baac  checkPLL2Slip                              
0000bb28  checkPLL1Slip                              
0000bbdc  checkFlashEEPROMECC                        
0000bce0  checkFlashECC                              
0000bd88  checkClockMonitor                          
0000be14  checkB1RAMECC                              
0000bf74  checkB0RAMECC                              
0000c0b4  ccmr4GetConfigValue                        
0000c0e4  ccmSelfCheck                               
0000c1b8  can3ParityCheck                            
0000c248  can2ParityCheck                            
0000c2dc  can1ParityCheck                            
0000c378  adc2ParityCheck                            
0000c3f4  adc1ParityCheck                            
0000c4f8  MPU_xTaskResumeAll                         
0000c518  MPU_xTaskNotifyWait                        
0000c558  MPU_xTaskNotifyStateClear                  
0000c580  MPU_xTaskGetTickCount                      
0000c5a0  MPU_xTaskGetSchedulerState                 
0000c5c0  MPU_xTaskGetIdleTaskHandle                 
0000c5e0  MPU_xTaskGetHandle                         
0000c608  MPU_xTaskGetCurrentTaskHandle              
0000c608  prvTraceGetCurrentTaskHandle               
0000c628  MPU_xTaskGenericNotify                     
0000c668  MPU_xTaskCreateRestricted                  
0000c698  MPU_xTaskCreate                            
0000c6e8  MPU_xTaskCheckForTimeOut                   
0000c718  MPU_xTaskAbortDelay                        
0000c740  MPU_xQueueGenericSend                      
0000c780  MPU_xQueueGenericReset                     
0000c7b0  MPU_xQueueGenericReceive                   
0000c7f0  MPU_xQueueGenericCreate                    
0000c828  MPU_xEventGroupWaitBits                    
0000c870  MPU_xEventGroupSync                        
0000c8b0  MPU_xEventGroupSetBits                     
0000c8e0  MPU_xEventGroupCreate                      
0000c900  MPU_xEventGroupClearBits                   
0000c930  MPU_vTaskSuspendAll                        
0000c950  MPU_vTaskSuspend                           
0000c978  MPU_vTaskSetTimeOutState                   
0000c9a0  MPU_vTaskSetThreadLocalStoragePointer      
0000c9d8  MPU_vTaskResume                            
0000ca00  MPU_vTaskPrioritySet                       
0000ca30  MPU_vTaskGetInfo                           
0000ca70  MPU_vTaskDelete                            
0000ca98  MPU_vTaskDelayUntil                        
0000cac8  MPU_vTaskDelay                             
0000caf0  MPU_vTaskAllocateMPURegions                
0000cb20  MPU_vQueueDelete                           
0000cb48  MPU_vEventGroupDelete                      
0000cb70  MPU_uxTaskPriorityGet                      
0000cb98  MPU_uxTaskGetSystemState                   
0000cbd0  MPU_uxTaskGetStackHighWaterMark            
0000cbf8  MPU_uxTaskGetNumberOfTasks                 
0000cc18  MPU_uxQueueSpacesAvailable                 
0000cc40  MPU_uxQueueMessagesWaiting                 
0000cc68  MPU_ulTaskNotifyTake                       
0000cc98  MPU_pvTaskGetThreadLocalStoragePointer     
0000ccc8  MPU_pcTaskGetName                          
0000ccf0  MPU_eTaskGetState                          
0000cd18  prvTraceGetQueueNumberLow16                
0000cd28  vTraceSetSemaphoreName                     
0000cd48  vTraceSetQueueName                         
0000cd68  vTraceSetMutexName                         
0000cd88  vTraceInitObjectPropertyTable              
0000cee8  vTraceInitObjectHandleStack                
0000cfa4  pszTraceGetErrorNotEnoughHandles           
0000d028  prvTraceSetTaskNumberLow16                 
0000d050  prvTraceSetTaskNumberHigh16                
0000d074  prvTraceSetQueueNumberLow16                
0000d09c  prvTraceSetQueueNumberHigh16               
0000d0c0  prvTraceGetTaskNumberLow16                 
0000d0d0  prvTraceGetTaskNumberHigh16                
0000d0e0  prvTraceGetQueueNumberHigh16               
0000d3f8  trimLPO                                    
0000d424  tcmflashGetConfigValue                     
0000d4fc  systemPowerDown                            
0000d518  setupPLL                                   
0000d560  periphInit                                 
0000d59c  setupFlash                                 
0000d5cc  mapClocks                                  
0000d688  systemInit                                 
0000d710  systemGetConfigValue                       
0000d9c0  sramGetConfigValue                         
0000da94  vimInit                                    
0000daf8  vimGetConfigValue                          
0000ddd8  vimEnableInterrupt                         
0000de90  vimDisableInterrupt                        
0000ded4  vimChannelMap                              
0000dfac  scilinGetConfigValue                       
0000e058  sciSetFunctional                           
0000e060  sciSetBaudrate                             
0000e0b8  sciSendByte                                
0000e0cc  sciSend                                    
0000e158  sciRxError                                 
0000e170  sciReceiveByte                             
0000e188  sciReceive                                 
0000e1e8  sciIsTxReady                               
0000e1f4  sciIsRxReady                               
0000e200  sciIsIdleDetected                          
0000e20c  sciInit                                    
0000e288  sciExitResetState                          
0000e298  sciEnterResetState                         
0000e2a8  sciEnableNotification                      
0000e2dc  sciEnableLoopback                          
0000e2f4  sciDisableNotification                     
0000e334  sciDisableLoopback                         
0000e35c  pinmuxGetConfigValue                       
0000e464  muxInit                                    
0000e6c0  _coreInitRegisters_                        
0000e7cc  _coreInitStackPointer_                     
0000e818  _getCPSRValue_                             
0000e820  _gotoCPUIdle_                              
0000e838  _coreEnableVfp_                            
0000e850  _coreEnableEventBusExport_                 
0000e860  _coreDisableEventBusExport_                
0000e870  _coreEnableRamEcc_                         
0000e880  _coreDisableRamEcc_                        
0000e890  _coreEnableFlashEcc_                       
0000e8a4  _coreDisableFlashEcc_                      
0000e8b4  _coreEnableIrqVicOffset_                   
0000e8c4  _coreGetDataFault_                         
0000e8cc  _coreClearDataFault_                       
0000e8d8  _coreGetInstructionFault_                  
0000e8e0  _coreClearInstructionFault_                
0000e8ec  _coreGetDataFaultAddress_                  
0000e8f4  _coreClearDataFaultAddress_                
0000e900  _coreGetInstructionFaultAddress_           
0000e908  _coreClearInstructionFaultAddress_         
0000e914  _coreGetAuxiliaryDataFault_                
0000e91c  _coreClearAuxiliaryDataFault_              
0000e928  _coreGetAuxiliaryInstructionFault_         
0000e930  _coreClearAuxiliaryInstructionFault_       
0000e93c  _disable_interrupt_                        
0000e944  _disable_FIQ_interrupt_                    
0000e94c  _disable_IRQ_interrupt_                    
0000e954  _enable_interrupt_                         
0000e95c  _esmCcmErrorsClear_                        
0000e9e4  _errata_CORTEXR4_57_                       
0000e9f4  _errata_CORTEXR4_66_                       
0000ea04  __TI_PINIT_Base                            
0000ea08  __TI_PINIT_Limit                           
0000ea0c  wait                                       
0000ea10  sciDisplayText                             
0000ea44  vTask3                                     
0000eaec  vTask2                                     
0000eb98  vTask1                                     
0000ec5c  main                                       
0000ed38  esmTriggerErrorPinReset                    
0000ed48  esmSetInterruptLevel                       
0000ed8c  esmSetCounterPreloadValue                  
0000ed9c  esmSelfTestStatus                          
0000edc8  esmInit                                    
0000ee40  esmGetStatusBuffer                         
0000ee58  esmGetStatus                               
0000ee90  esmGetConfigValue                          
0000ef08  esmError                                   
0000ef14  esmEnterSelfTest                           
0000ef58  esmEnableInterrupt                         
0000ef6c  esmEnableError                             
0000ef80  esmDisableInterrupt                        
0000ef94  esmDisableError                            
0000efa8  esmClearStatusBuffer                       
0000efb4  esmClearStatus                             
0000efd0  esmActivateNormalOperation                 
0000f030  _c_int00                                   
0000f250  gioToggleBit                               
0000f270  gioSetPort                                 
0000f278  gioSetDirection                            
0000f280  gioSetBit                                  
0000f2a0  gioInit                                    
0000f2f8  gioGetPort                                 
0000f300  gioGetConfigValue                          
0000f3a4  gioGetBit                                  
0000f3b4  gioEnableNotification                      
0000f3e4  gioDisableNotification                     
0000f458  xTaskNotifyStateClear                      
0000f5bc  vimParityErrorHandler                      
0000f6e8  vListInsertEnd                             
0000f718  vListInsert                                
0000f780  vListInitialiseItem                        
0000f78c  vListInitialise                            
0000f7b0  uxListRemove                               
0000f7f4  _dabort                                    
0000f8dd  floor                                      
0000f8dd  floorl                                     
0000f9bc  _pmuInit_                                  
0000fa08  _pmuEnableCountersGlobal_                  
0000fa18  _pmuDisableCountersGlobal_                 
0000fa28  _pmuResetCycleCounter_                     
0000fa38  _pmuResetEventCounters_                    
0000fa48  _pmuResetCounters_                         
0000fa58  _pmuStartCounters_                         
0000fa60  _pmuStopCounters_                          
0000fa68  _pmuSetCountEvent_                         
0000fa74  _pmuGetCycleCount_                         
0000fa7c  _pmuGetEventCount_                         
0000fa88  _pmuGetOverflow_                           
0000fa9c  esmHighInterrupt                           
0000fb49  __aeabi_memcpy                             
0000fb49  __aeabi_memcpy4                            
0000fb49  __aeabi_memcpy8                            
0000fb49  memcpy                                     
0000fc6d  __aeabi_memclr                             
0000fc6d  __aeabi_memclr4                            
0000fc6d  __aeabi_memclr8                            
0000fc6f  __aeabi_memset                             
0000fc6f  __aeabi_memset4                            
0000fc6f  __aeabi_memset8                            
0000fc75  memset                                     
0000fce7  __TI_decompress_lzss                       
0000fd53  __aeabi_idiv0                              
0000fd53  __aeabi_ldiv0                              
0000fd54  __aeabi_uidiv                              
0000fd54  __aeabi_uidivmod                           
0000fda5  __TI_auto_init_nobinit_nopinit             
0000fe15  strncmp                                    
0000fe40  memoryPort1TestFailNotification            
0000fe44  memoryPort0TestFailNotification            
0000fe48  gioNotification                            
0000fe4c  esmGroup2Notification                      
0000fe50  esmGroup1Notification                      
0000fe54  dmaGroupANotification                      
0000fe59  strlen                                     
0000fe6f  __TI_decompress_none                       
0000fe7d  __TI_zero_init                             
0000fe89  C$$EXIT                                    
0000fe89  abort                                      
0000fe8c  phantomInterrupt                           
08000800  pxCurrentTCB                               
08003000  RecorderData                               
08004aa0  nISRactive                                 
08004aa1  handle_of_last_logged_task                 
08004aa2  CurrentFilterMask                          
08004aa4  CurrentFilterGroup                         
08004aac  trace_disable_timestamp                    
08004ab4  timestampFrequency                         
08004ab8  traceErrorMessage                          
08004abc  vTraceStopHookPtr                          
08004ac4  init_hwtc_count                            
08004ac8  RecorderDataPtr                            
08004ad8  objectHandleStacks                         
08004b80  xSemaphore                                 
08004b88  TEXT1                                      
08004b8f  TEXT2                                      
08004b98  ulCriticalNesting                          
08004b9c  ulTaskHasFPUContext                        
08004ba0  uiTraceTickCount                           
08004ba4  recorder_busy                              
08004ba8  TraceQueueClassTable                       
ffffffff  __TI_pprof_out_hndl                        
ffffffff  __TI_prof_data_size                        
ffffffff  __TI_prof_data_start                       
ffffffff  __binit__                                  
ffffffff  __c_args__                                 
ffffffff  binit                                      
UNDEFED   SHT$$INIT_ARRAY$$Base                      
UNDEFED   SHT$$INIT_ARRAY$$Limit                     
UNDEFED   _system_post_cinit                         

[444 symbols]
